Component: ARM Compiler 5.06 update 6 (build 750) Tool: armlink [4d35ed]

==============================================================================

Section Cross References

    startup_stm32f407xx.o(RESET) refers to startup_stm32f407xx.o(STACK) for __initial_sp
    startup_stm32f407xx.o(RESET) refers to startup_stm32f407xx.o(.text) for Reset_Handler
    startup_stm32f407xx.o(RESET) refers to stm32f4xx_it.o(i.NMI_Handler) for NMI_Handler
    startup_stm32f407xx.o(RESET) refers to stm32f4xx_it.o(i.HardFault_Handler) for HardFault_Handler
    startup_stm32f407xx.o(RESET) refers to stm32f4xx_it.o(i.MemManage_Handler) for MemManage_Handler
    startup_stm32f407xx.o(RESET) refers to stm32f4xx_it.o(i.BusFault_Handler) for BusFault_Handler
    startup_stm32f407xx.o(RESET) refers to stm32f4xx_it.o(i.UsageFault_Handler) for UsageFault_Handler
    startup_stm32f407xx.o(RESET) refers to port.o(.emb_text) for SVC_Handler
    startup_stm32f407xx.o(RESET) refers to stm32f4xx_it.o(i.DebugMon_Handler) for DebugMon_Handler
    startup_stm32f407xx.o(RESET) refers to port.o(i.SysTick_Handler) for SysTick_Handler
    startup_stm32f407xx.o(RESET) refers to stm32f4xx_it.o(i.DMA1_Stream5_IRQHandler) for DMA1_Stream5_IRQHandler
    startup_stm32f407xx.o(RESET) refers to stm32f4xx_it.o(i.CAN1_TX_IRQHandler) for CAN1_TX_IRQHandler
    startup_stm32f407xx.o(RESET) refers to stm32f4xx_it.o(i.CAN1_RX0_IRQHandler) for CAN1_RX0_IRQHandler
    startup_stm32f407xx.o(RESET) refers to stm32f4xx_it.o(i.TIM3_IRQHandler) for TIM3_IRQHandler
    startup_stm32f407xx.o(RESET) refers to stm32f4xx_it.o(i.TIM4_IRQHandler) for TIM4_IRQHandler
    startup_stm32f407xx.o(RESET) refers to stm32f4xx_it.o(i.USART1_IRQHandler) for USART1_IRQHandler
    startup_stm32f407xx.o(RESET) refers to stm32f4xx_it.o(i.USART2_IRQHandler) for USART2_IRQHandler
    startup_stm32f407xx.o(RESET) refers to stm32f4xx_it.o(i.USART3_IRQHandler) for USART3_IRQHandler
    startup_stm32f407xx.o(RESET) refers to stm32f4xx_it.o(i.TIM5_IRQHandler) for TIM5_IRQHandler
    startup_stm32f407xx.o(RESET) refers to stm32f4xx_it.o(i.TIM6_DAC_IRQHandler) for TIM6_DAC_IRQHandler
    startup_stm32f407xx.o(.text) refers to system_stm32f4xx.o(i.SystemInit) for SystemInit
    startup_stm32f407xx.o(.text) refers to entry.o(.ARM.Collect$$$$00000000) for __main
    inv_mpu.o(i.accel_6500_self_test) refers to mpu9250.o(i.MPU_Read_Len) for MPU_Read_Len
    inv_mpu.o(i.accel_6500_self_test) refers to printfa.o(i.__0printf) for __2printf
    inv_mpu.o(i.accel_6500_self_test) refers to f2d.o(.text) for __aeabi_f2d
    inv_mpu.o(i.accel_6500_self_test) refers to inv_mpu.o(.data) for st
    inv_mpu.o(i.accel_6500_self_test) refers to inv_mpu.o(.constdata) for mpu_6500_st_tb
    inv_mpu.o(i.compass_self_test) refers to inv_mpu.o(i.mpu_set_bypass) for mpu_set_bypass
    inv_mpu.o(i.compass_self_test) refers to mpu9250.o(i.MPU_Write_Len) for MPU_Write_Len
    inv_mpu.o(i.compass_self_test) refers to stm32f4xx_hal.o(i.HAL_Delay) for HAL_Delay
    inv_mpu.o(i.compass_self_test) refers to mpu9250.o(i.MPU_Read_Len) for MPU_Read_Len
    inv_mpu.o(i.compass_self_test) refers to inv_mpu.o(.data) for st
    inv_mpu.o(i.get_st_6500_biases) refers to mpu9250.o(i.MPU_Write_Len) for MPU_Write_Len
    inv_mpu.o(i.get_st_6500_biases) refers to stm32f4xx_hal.o(i.HAL_Delay) for HAL_Delay
    inv_mpu.o(i.get_st_6500_biases) refers to printfa.o(i.__0printf) for __2printf
    inv_mpu.o(i.get_st_6500_biases) refers to mpu9250.o(i.MPU_Read_Len) for MPU_Read_Len
    inv_mpu.o(i.get_st_6500_biases) refers to ldiv.o(.text) for __aeabi_ldivmod
    inv_mpu.o(i.get_st_6500_biases) refers to inv_mpu.o(.data) for st
    inv_mpu.o(i.get_st_6500_biases) refers to inv_mpu.o(.constdata) for test
    inv_mpu.o(i.get_st_6500_biases) refers to f2d.o(.text) for __aeabi_f2d
    inv_mpu.o(i.get_st_biases) refers to mpu9250.o(i.MPU_Write_Len) for MPU_Write_Len
    inv_mpu.o(i.get_st_biases) refers to stm32f4xx_hal.o(i.HAL_Delay) for HAL_Delay
    inv_mpu.o(i.get_st_biases) refers to mpu9250.o(i.MPU_Read_Len) for MPU_Read_Len
    inv_mpu.o(i.get_st_biases) refers to ldiv.o(.text) for __aeabi_ldivmod
    inv_mpu.o(i.get_st_biases) refers to inv_mpu.o(.data) for st
    inv_mpu.o(i.get_st_biases) refers to inv_mpu.o(.constdata) for test
    inv_mpu.o(i.gyro_6500_self_test) refers to mpu9250.o(i.MPU_Read_Len) for MPU_Read_Len
    inv_mpu.o(i.gyro_6500_self_test) refers to printfa.o(i.__0printf) for __2printf
    inv_mpu.o(i.gyro_6500_self_test) refers to f2d.o(.text) for __aeabi_f2d
    inv_mpu.o(i.gyro_6500_self_test) refers to inv_mpu.o(.data) for st
    inv_mpu.o(i.gyro_6500_self_test) refers to inv_mpu.o(.constdata) for mpu_6500_st_tb
    inv_mpu.o(i.inv_orientation_matrix_to_scalar) refers to inv_mpu.o(i.inv_row_2_scale) for inv_row_2_scale
    inv_mpu.o(i.mpu_configure_fifo) refers to inv_mpu.o(i.set_int_enable) for set_int_enable
    inv_mpu.o(i.mpu_configure_fifo) refers to inv_mpu.o(i.mpu_reset_fifo) for mpu_reset_fifo
[...]
    EXTI1_IRQHandler                         0x08000273   Thumb Code     0  startup_stm32f407xx.o(.text)
    EXTI2_IRQHandler                         0x08000273   Thumb Code     0  startup_stm32f407xx.o(.text)
    EXTI3_IRQHandler                         0x08000273   Thumb Code     0  startup_stm32f407xx.o(.text)
    EXTI4_IRQHandler                         0x08000273   Thumb Code     0  startup_stm32f407xx.o(.text)
    EXTI9_5_IRQHandler                       0x08000273   Thumb Code     0  startup_stm32f407xx.o(.text)
    FLASH_IRQHandler                         0x08000273   Thumb Code     0  startup_stm32f407xx.o(.text)
    FMC_IRQHandler                           0x08000273   Thumb Code     0  startup_stm32f407xx.o(.text)
    FPU_IRQHandler                           0x08000273   Thumb Code     0  startup_stm32f407xx.o(.text)
    HASH_RNG_IRQHandler                      0x08000273   Thumb Code     0  startup_stm32f407xx.o(.text)
    I2C1_ER_IRQHandler                       0x08000273   Thumb Code     0  startup_stm32f407xx.o(.text)
    I2C1_EV_IRQHandler                       0x08000273   Thumb Code     0  startup_stm32f407xx.o(.text)
    I2C2_ER_IRQHandler                       0x08000273   Thumb Code     0  startup_stm32f407xx.o(.text)
    I2C2_EV_IRQHandler                       0x08000273   Thumb Code     0  startup_stm32f407xx.o(.text)
    I2C3_ER_IRQHandler                       0x08000273   Thumb Code     0  startup_stm32f407xx.o(.text)
    I2C3_EV_IRQHandler                       0x08000273   Thumb Code     0  startup_stm32f407xx.o(.text)
    OTG_FS_IRQHandler                        0x08000273   Thumb Code     0  startup_stm32f407xx.o(.text)
    OTG_FS_WKUP_IRQHandler                   0x08000273   Thumb Code     0  startup_stm32f407xx.o(.text)
    OTG_HS_EP1_IN_IRQHandler                 0x08000273   Thumb Code     0  startup_stm32f407xx.o(.text)
    OTG_HS_EP1_OUT_IRQHandler                0x08000273   Thumb Code     0  startup_stm32f407xx.o(.text)
    OTG_HS_IRQHandler                        0x08000273   Thumb Code     0  startup_stm32f407xx.o(.text)
    OTG_HS_WKUP_IRQHandler                   0x08000273   Thumb Code     0  startup_stm32f407xx.o(.text)
    PVD_IRQHandler                           0x08000273   Thumb Code     0  startup_stm32f407xx.o(.text)
    RCC_IRQHandler                           0x08000273   Thumb Code     0  startup_stm32f407xx.o(.text)
    RTC_Alarm_IRQHandler                     0x08000273   Thumb Code     0  startup_stm32f407xx.o(.text)
    RTC_WKUP_IRQHandler                      0x08000273   Thumb Code     0  startup_stm32f407xx.o(.text)
    SDIO_IRQHandler                          0x08000273   Thumb Code     0  startup_stm32f407xx.o(.text)
    SPI1_IRQHandler                          0x08000273   Thumb Code     0  startup_stm32f407xx.o(.text)
    SPI2_IRQHandler                          0x08000273   Thumb Code     0  startup_stm32f407xx.o(.text)
    SPI3_IRQHandler                          0x08000273   Thumb Code     0  startup_stm32f407xx.o(.text)
    TAMP_STAMP_IRQHandler                    0x08000273   Thumb Code     0  startup_stm32f407xx.o(.text)
    TIM1_BRK_TIM9_IRQHandler                 0x08000273   Thumb Code     0  startup_stm32f407xx.o(.text)
    TIM1_CC_IRQHandler                       0x08000273   Thumb Code     0  startup_stm32f407xx.o(.text)
    TIM1_TRG_COM_TIM11_IRQHandler            0x08000273   Thumb Code     0  startup_stm32f407xx.o(.text)
    TIM1_UP_TIM10_IRQHandler                 0x08000273   Thumb Code     0  startup_stm32f407xx.o(.text)
    TIM2_IRQHandler                          0x08000273   Thumb Code     0  startup_stm32f407xx.o(.text)
    TIM7_IRQHandler                          0x08000273   Thumb Code     0  startup_stm32f407xx.o(.text)
    TIM8_BRK_TIM12_IRQHandler                0x08000273   Thumb Code     0  startup_stm32f407xx.o(.text)
    TIM8_CC_IRQHandler                       0x08000273   Thumb Code     0  startup_stm32f407xx.o(.text)
    TIM8_TRG_COM_TIM14_IRQHandler            0x08000273   Thumb Code     0  startup_stm32f407xx.o(.text)
    TIM8_UP_TIM13_IRQHandler                 0x08000273   Thumb Code     0  startup_stm32f407xx.o(.text)
    UART4_IRQHandler                         0x08000273   Thumb Code     0  startup_stm32f407xx.o(.text)
    UART5_IRQHandler                         0x08000273   Thumb Code     0  startup_stm32f407xx.o(.text)
    USART6_IRQHandler                        0x08000273   Thumb Code     0  startup_stm32f407xx.o(.text)
    WWDG_IRQHandler                          0x08000273   Thumb Code     0  startup_stm32f407xx.o(.text)
    __aeabi_uldivmod                         0x0800027d   Thumb Code    98  uldiv.o(.text)
    __aeabi_ldivmod                          0x080002df   Thumb Code    98  ldiv.o(.text)
    __aeabi_memcpy                           0x08000341   Thumb Code    36  memcpya.o(.text)
    __aeabi_memcpy4                          0x08000341   Thumb Code     0  memcpya.o(.text)
    __aeabi_memcpy8                          0x08000341   Thumb Code     0  memcpya.o(.text)
    __aeabi_memset                           0x08000365   Thumb Code    14  memseta.o(.text)
    __aeabi_memset4                          0x08000365   Thumb Code     0  memseta.o(.text)
    __aeabi_memset8                          0x08000365   Thumb Code     0  memseta.o(.text)
    __aeabi_memclr                           0x08000373   Thumb Code     4  memseta.o(.text)
    __aeabi_memclr4                          0x08000373   Thumb Code     0  memseta.o(.text)
    __aeabi_memclr8                          0x08000373   Thumb Code     0  memseta.o(.text)
    _memset$wrapper                          0x08000377   Thumb Code    18  memseta.o(.text)
    memcmp                                   0x08000389   Thumb Code    26  memcmp.o(.text)
    __aeabi_dadd                             0x080003a3   Thumb Code   322  dadd.o(.text)
    __aeabi_dsub                             0x080004e5   Thumb Code     6  dadd.o(.text)
    __aeabi_drsub                            0x080004eb   Thumb Code     6  dadd.o(.text)
    __aeabi_dmul                             0x080004f1   Thumb Code   228  dmul.o(.text)
    __aeabi_ddiv                             0x080005d5   Thumb Code   222  ddiv.o(.text)
    __aeabi_f2d                              0x080006b3   Thumb Code    38  f2d.o(.text)
    __aeabi_cdcmpeq                          0x080006d9   Thumb Code     0  cdcmple.o(.text)
    __aeabi_cdcmple                          0x080006d9   Thumb Code    48  cdcmple.o(.text)
    __aeabi_uidiv                            0x08000709   Thumb Code     0  uidiv.o(.text)
    __aeabi_uidivmod                         0x08000709   Thumb Code    44  uidiv.o(.text)
    __aeabi_llsl                             0x08000735   Thumb Code    30  llshl.o(.text)
    _ll_shift_l                              0x08000735   Thumb Code     0  llshl.o(.text)
    __aeabi_llsr                             0x08000753   Thumb Code    32  llushr.o(.text)
    _ll_ushift_r                             0x08000753   Thumb Code     0  llushr.o(.text)
    __aeabi_lasr                             0x08000773   Thumb Code    36  llsshr.o(.text)
    _ll_sshift_r                             0x08000773   Thumb Code     0  llsshr.o(.text)
    __I$use$fp                               0x08000797   Thumb Code     0  iusefp.o(.text)
    _double_round                            0x08000797   Thumb Code    30  depilogue.o(.text)
    _double_epilogue                         0x080007b5   Thumb Code   156  depilogue.o(.text)
    __aeabi_d2ulz                            0x08000851   Thumb Code    48  dfixul.o(.text)
    __aeabi_cdrcmple                         0x08000881   Thumb Code    48  cdrcmple.o(.text)
    __scatterload                            0x080008b1   Thumb Code    28  init.o(.text)
    __scatterload_rt2                        0x080008b1   Thumb Code     0  init.o(.text)
    __decompress                             0x080008d5   Thumb Code     0  __dczerorl2.o(.text)
    __decompress1                            0x080008d5   Thumb Code    86  __dczerorl2.o(.text)
    BusFault_Handler                         0x0800092b   Thumb Code     4  stm32f4xx_it.o(i.BusFault_Handler)
    CAN1_RX0_IRQHandler                      0x08000931   Thumb Code    10  stm32f4xx_it.o(i.CAN1_RX0_IRQHandler)
    CAN1_TX_IRQHandler                       0x08000941   Thumb Code    10  stm32f4xx_it.o(i.CAN1_TX_IRQHandler)
    CHOICE_MODE                              0x08000b75   Thumb Code     6  remote_task.o(i.CHOICE_MODE)
    Callback_RC_Handle                       0x08000b81   Thumb Code   178  remote_task.o(i.Callback_RC_Handle)
    CanTimerSendCallback                     0x08000c3d   Thumb Code    10  freertos.o(i.CanTimerSendCallback)
    CharToShort                              0x08000c47   Thumb Code    14  ioi2c.o(i.CharToShort)
    DMA1_Stream5_IRQHandler                  0x08000c55   Thumb Code    10  stm32f4xx_it.o(i.DMA1_Stream5_IRQHandler)
    DebugMon_Handler                         0x08000d6f   Thumb Code     2  stm32f4xx_it.o(i.DebugMon_Handler)
    Delay                                    0x08000d71   Thumb Code    18  ioi2c.o(i.Delay)
    Error_Handler                            0x08000d83   Thumb Code     2  main.o(i.Error_Handler)
    FRICTION_WHEEL_MODE                      0x08000d85   Thumb Code     6  remote_task.o(i.FRICTION_WHEEL_MODE)
    Float_to_Byte                            0x08000d91   Thumb Code    28  print_task.o(i.Float_to_Byte)
    GIMBAL_CAN_SEND                          0x08000dad   Thumb Code    78  gimbal_task.o(i.GIMBAL_CAN_SEND)
    GetEncoderBias                           0x08000e09   Thumb Code    62  can_task.o(i.GetEncoderBias)
    Get_2006_Encoder                         0x08000e51   Thumb Code   208  can_task.o(i.Get_2006_Encoder)
    Get_3508_Encoder                         0x08000f2d   Thumb Code   102  can_task.o(i.Get_3508_Encoder)
    Get_6020_Encoder                         0x08000f95   Thumb Code   196  can_task.o(i.Get_6020_Encoder)
    Get_IMU_Data                             0x08001065   Thumb Code    70  imu_task.o(i.Get_IMU_Data)
    Go_Forward_Data                          0x080010bd   Thumb Code    12  remote_task.o(i.Go_Forward_Data)
    HAL_CAN_ConfigFilter                     0x080010cd   Thumb Code   388  stm32f4xx_hal_can.o(i.HAL_CAN_ConfigFilter)
    HAL_CAN_ErrorCallback                    0x0800128d   Thumb Code    18  can.o(i.HAL_CAN_ErrorCallback)
    HAL_CAN_IRQHandler                       0x080012a5   Thumb Code   580  stm32f4xx_hal_can.o(i.HAL_CAN_IRQHandler)
    HAL_CAN_Init                             0x080014f9   Thumb Code   724  stm32f4xx_hal_can.o(i.HAL_CAN_Init)
    HAL_CAN_MspInit                          0x0800180d   Thumb Code   156  can.o(i.HAL_CAN_MspInit)
    HAL_CAN_Receive_IT                       0x080018b5   Thumb Code   290  stm32f4xx_hal_can.o(i.HAL_CAN_Receive_IT)
    HAL_CAN_RxCpltCallback                   0x08001a11   Thumb Code   202  can_task.o(i.HAL_CAN_RxCpltCallback)
    HAL_CAN_Transmit                         0x08001b05   Thumb Code   800  stm32f4xx_hal_can.o(i.HAL_CAN_Transmit)
    HAL_CAN_TxCpltCallback                   0x08001e69   Thumb Code     2  stm32f4xx_hal_can.o(i.HAL_CAN_TxCpltCallback)
    HAL_DMA_Abort_IT                         0x08001e6b   Thumb Code    40  stm32f4xx_hal_dma.o(i.HAL_DMA_Abort_IT)
    HAL_DMA_IRQHandler                       0x08001e95   Thumb Code   570  stm32f4xx_hal_dma.o(i.HAL_DMA_IRQHandler)
    HAL_DMA_Init                             0x080020d5   Thumb Code   792  stm32f4xx_hal_dma.o(i.HAL_DMA_Init)
    HAL_DMA_Start                            0x08002431   Thumb Code   122  stm32f4xx_hal_dma.o(i.HAL_DMA_Start)
    HAL_Delay                                0x080024e5   Thumb Code    30  stm32f4xx_hal.o(i.HAL_Delay)
    HAL_GPIO_Init                            0x08002505   Thumb Code   954  stm32f4xx_hal_gpio.o(i.HAL_GPIO_Init)
    HAL_GPIO_WritePin                        0x08002945   Thumb Code    60  stm32f4xx_hal_gpio.o(i.HAL_GPIO_WritePin)
    HAL_GetTick                              0x080029bd   Thumb Code     6  stm32f4xx_hal.o(i.HAL_GetTick)
    HAL_I2C_Init                             0x080029c9   Thumb Code   504  stm32f4xx_hal_i2c.o(i.HAL_I2C_Init)
    HAL_I2C_Mem_Read                         0x08002c11   Thumb Code   816  stm32f4xx_hal_i2c.o(i.HAL_I2C_Mem_Read)
    HAL_I2C_Mem_Write                        0x08002f85   Thumb Code   404  stm32f4xx_hal_i2c.o(i.HAL_I2C_Mem_Write)
    HAL_I2C_MspInit                          0x08003159   Thumb Code   122  i2c.o(i.HAL_I2C_MspInit)
    HAL_IncTick                              0x080031e1   Thumb Code    12  stm32f4xx_hal.o(i.HAL_IncTick)
    HAL_Init                                 0x080031f1   Thumb Code    54  stm32f4xx_hal.o(i.HAL_Init)
    HAL_InitTick                             0x0800322d   Thumb Code   122  stm32f4xx_hal_timebase_tim.o(i.HAL_InitTick)
    HAL_MspInit                              0x080032b9   Thumb Code    78  stm32f4xx_hal_msp.o(i.HAL_MspInit)
    HAL_NVIC_EnableIRQ                       0x0800330d   Thumb Code    44  stm32f4xx_hal_cortex.o(i.HAL_NVIC_EnableIRQ)
    HAL_NVIC_SetPriority                     0x08003375   Thumb Code   152  stm32f4xx_hal_cortex.o(i.HAL_NVIC_SetPriority)
    HAL_NVIC_SetPriorityGrouping             0x08003449   Thumb Code    66  stm32f4xx_hal_cortex.o(i.HAL_NVIC_SetPriorityGrouping)
    HAL_RCC_ClockConfig                      0x080034d1   Thumb Code   626  stm32f4xx_hal_rcc.o(i.HAL_RCC_ClockConfig)
    HAL_RCC_GetClockConfig                   0x0800378d   Thumb Code    58  stm32f4xx_hal_rcc.o(i.HAL_RCC_GetClockConfig)
    HAL_RCC_GetHCLKFreq                      0x080037d1   Thumb Code     6  stm32f4xx_hal_rcc.o(i.HAL_RCC_GetHCLKFreq)
    HAL_RCC_GetPCLK1Freq                     0x080037dd   Thumb Code    22  stm32f4xx_hal_rcc.o(i.HAL_RCC_GetPCLK1Freq)
    HAL_RCC_GetPCLK2Freq                     0x080037fd   Thumb Code    22  stm32f4xx_hal_rcc.o(i.HAL_RCC_GetPCLK2Freq)
    HAL_RCC_GetSysClockFreq                  0x0800381d   Thumb Code   162  stm32f4xx_hal_rcc.o(i.HAL_RCC_GetSysClockFreq)
    HAL_RCC_OscConfig                        0x080038cd   Thumb Code  1400  stm32f4xx_hal_rcc.o(i.HAL_RCC_OscConfig)
    HAL_TIMEx_BreakCallback                  0x08003e4d   Thumb Code     2  stm32f4xx_hal_tim_ex.o(i.HAL_TIMEx_BreakCallback)
    HAL_TIMEx_CommutationCallback            0x08003e4f   Thumb Code     2  stm32f4xx_hal_tim_ex.o(i.HAL_TIMEx_CommutationCallback)
    HAL_TIMEx_MasterConfigSynchronization    0x08003e51   Thumb Code   258  stm32f4xx_hal_tim_ex.o(i.HAL_TIMEx_MasterConfigSynchronization)
    HAL_TIM_Base_Init                        0x08003fad   Thumb Code   242  stm32f4xx_hal_tim.o(i.HAL_TIM_Base_Init)
    HAL_TIM_Base_MspInit                     0x0800410d   Thumb Code   178  tim.o(i.HAL_TIM_Base_MspInit)
    HAL_TIM_Base_Start_IT                    0x080041d1   Thumb Code   156  stm32f4xx_hal_tim.o(i.HAL_TIM_Base_Start_IT)
    HAL_TIM_ConfigClockSource                0x080042d9   Thumb Code  1726  stm32f4xx_hal_tim.o(i.HAL_TIM_ConfigClockSource)
    HAL_TIM_IC_CaptureCallback               0x080049bd   Thumb Code     2  stm32f4xx_hal_tim.o(i.HAL_TIM_IC_CaptureCallback)
    HAL_TIM_IRQHandler                       0x080049bf   Thumb Code   406  stm32f4xx_hal_tim.o(i.HAL_TIM_IRQHandler)
    HAL_TIM_MspPostInit                      0x08004b55   Thumb Code    84  tim.o(i.HAL_TIM_MspPostInit)
    HAL_TIM_OC_DelayElapsedCallback          0x08004bb5   Thumb Code     2  stm32f4xx_hal_tim.o(i.HAL_TIM_OC_DelayElapsedCallback)
    HAL_TIM_PWM_ConfigChannel                0x08004bb9   Thumb Code   670  stm32f4xx_hal_tim.o(i.HAL_TIM_PWM_ConfigChannel)
    HAL_TIM_PWM_Init                         0x08004ebd   Thumb Code   248  stm32f4xx_hal_tim.o(i.HAL_TIM_PWM_Init)
    HAL_TIM_PWM_MspInit                      0x08005021   Thumb Code     2  stm32f4xx_hal_tim.o(i.HAL_TIM_PWM_MspInit)
    HAL_TIM_PWM_PulseFinishedCallback        0x08005023   Thumb Code     2  stm32f4xx_hal_tim.o(i.HAL_TIM_PWM_PulseFinishedCallback)
    HAL_TIM_PWM_Start                        0x08005025   Thumb Code   290  stm32f4xx_hal_tim.o(i.HAL_TIM_PWM_Start)
    HAL_TIM_PeriodElapsedCallback            0x080051ad   Thumb Code    30  main.o(i.HAL_TIM_PeriodElapsedCallback)
    HAL_TIM_TriggerCallback                  0x080051d5   Thumb Code     2  stm32f4xx_hal_tim.o(i.HAL_TIM_TriggerCallback)
    HAL_UART_ErrorCallback                   0x080051d7   Thumb Code     2  stm32f4xx_hal_uart.o(i.HAL_UART_ErrorCallback)
    HAL_UART_IDLE_IRQHandler                 0x080051d9   Thumb Code   346  usart.o(i.HAL_UART_IDLE_IRQHandler)
    HAL_UART_IRQHandler                      0x08005341   Thumb Code   326  stm32f4xx_hal_uart.o(i.HAL_UART_IRQHandler)
    HAL_UART_Init                            0x0800548d   Thumb Code   306  stm32f4xx_hal_uart.o(i.HAL_UART_Init)
    HAL_UART_MspInit                         0x08005615   Thumb Code   458  usart.o(i.HAL_UART_MspInit)
    HAL_UART_Receive_IT_IDLE                 0x08005801   Thumb Code    32  usart.o(i.HAL_UART_Receive_IT_IDLE)
    HAL_UART_RxCpltCallback                  0x08005821   Thumb Code     2  stm32f4xx_hal_uart.o(i.HAL_UART_RxCpltCallback)
    HAL_UART_Transmit                        0x08005823   Thumb Code   214  stm32f4xx_hal_uart.o(i.HAL_UART_Transmit)
    HAL_UART_TxCpltCallback                  0x080058f9   Thumb Code     2  stm32f4xx_hal_uart.o(i.HAL_UART_TxCpltCallback)
    HardFault_Handler                        0x080058fb   Thumb Code     4  stm32f4xx_it.o(i.HardFault_Handler)
    IIC_Ack                                  0x08005db1   Thumb Code    66  ioi2c.o(i.IIC_Ack)
    IIC_NAck                                 0x08005e01   Thumb Code    66  ioi2c.o(i.IIC_NAck)
    IIC_Read_Byte                            0x08005e51   Thumb Code    94  ioi2c.o(i.IIC_Read_Byte)
    IIC_Send_Byte                            0x08005ebd   Thumb Code    90  ioi2c.o(i.IIC_Send_Byte)
    IIC_Start                                0x08005f25   Thumb Code    64  ioi2c.o(i.IIC_Start)
    IIC_Stop                                 0x08005f71   Thumb Code    62  ioi2c.o(i.IIC_Stop)
    IIC_Wait_Ack                             0x08005fbd   Thumb Code    86  ioi2c.o(i.IIC_Wait_Ack)
    IICreadBytes                             0x08006021   Thumb Code   106  ioi2c.o(i.IICreadBytes)
    Left_Right_Data                          0x0800608d   Thumb Code    12  remote_task.o(i.Left_Right_Data)
    MPU_Read_Len                             0x0800609d   Thumb Code    40  mpu9250.o(i.MPU_Read_Len)
    MPU_Write_Len                            0x080060c9   Thumb Code    40  mpu9250.o(i.MPU_Write_Len)
    MX_CAN1_Init                             0x080060f5   Thumb Code    62  can.o(i.MX_CAN1_Init)
    MX_DMA_Init                              0x0800613d   Thumb Code    52  dma.o(i.MX_DMA_Init)
    MX_FREERTOS_Init                         0x08006175   Thumb Code   100  freertos.o(i.MX_FREERTOS_Init)
    MX_GPIO_Init                             0x080061ed   Thumb Code   484  gpio.o(i.MX_GPIO_Init)
    MX_I2C1_Init                             0x080063f1   Thumb Code    48  i2c.o(i.MX_I2C1_Init)
    MX_TIM3_Init                             0x0800642d   Thumb Code    98  tim.o(i.MX_TIM3_Init)
    MX_TIM4_Init                             0x08006499   Thumb Code   152  tim.o(i.MX_TIM4_Init)
    MX_TIM5_Init                             0x08006539   Thumb Code    98  tim.o(i.MX_TIM5_Init)
    MX_USART1_UART_Init                      0x080065a5   Thumb Code    46  usart.o(i.MX_USART1_UART_Init)
    MX_USART2_UART_Init                      0x080065dd   Thumb Code    48  usart.o(i.MX_USART2_UART_Init)
    MX_USART3_UART_Init                      0x08006619   Thumb Code    46  usart.o(i.MX_USART3_UART_Init)
    MemManage_Handler                        0x08006651   Thumb Code     4  stm32f4xx_it.o(i.MemManage_Handler)
    NMI_Handler                              0x08006655   Thumb Code     2  stm32f4xx_it.o(i.NMI_Handler)
    PID_Calc                                 0x08006691   Thumb Code   318  pid.o(i.PID_Calc)
    PID_Init                                 0x080067d5   Thumb Code    90  pid.o(i.PID_Init)
    Pitch_Rotate_Data                        0x08006835   Thumb Code    12  remote_task.o(i.Pitch_Rotate_Data)
    RC_Ctl_t_Init                            0x08006845   Thumb Code    50  remote_task.o(i.RC_Ctl_t_Init)
    Set_CM_Speed                             0x0800687d   Thumb Code    96  can_task.o(i.Set_CM_Speed)
    Set_Gimbal_Current                       0x080068dd   Thumb Code    78  can_task.o(i.Set_Gimbal_Current)
    StartControlTask                         0x0800692d   Thumb Code    38  freertos.o(i.StartControlTask)
    StartIMU_Task                            0x0800695d   Thumb Code    32  freertos.o(i.StartIMU_Task)
    StartShootTask                           0x0800697d   Thumb Code    14  freertos.o(i.StartShootTask)
    SysTick_Handler                          0x0800698d   Thumb Code    46  port.o(i.SysTick_Handler)
    SystemClock_Config                       0x080069c1   Thumb Code   174  main.o(i.SystemClock_Config)
    SystemInit                               0x08006a79   Thumb Code    82  system_stm32f4xx.o(i.SystemInit)
    TIM3_IRQHandler                          0x08006add   Thumb Code    10  stm32f4xx_it.o(i.TIM3_IRQHandler)
    TIM4_IRQHandler                          0x08006aed   Thumb Code    10  stm32f4xx_it.o(i.TIM4_IRQHandler)
    TIM5_IRQHandler                          0x08006afd   Thumb Code    10  stm32f4xx_it.o(i.TIM5_IRQHandler)
    TIM6_DAC_IRQHandler                      0x08006b0d   Thumb Code    10  stm32f4xx_it.o(i.TIM6_DAC_IRQHandler)
    TIM_Base_SetConfig                       0x08006b1d   Thumb Code   184  stm32f4xx_hal_tim.o(i.TIM_Base_SetConfig)
    TIM_CCxChannelCmd                        0x08006c01   Thumb Code   152  stm32f4xx_hal_tim.o(i.TIM_CCxChannelCmd)
    TIM_OC2_SetConfig                        0x08006d99   Thumb Code   150  stm32f4xx_hal_tim.o(i.TIM_OC2_SetConfig)
    UART_Receive_DMA_NoIT                    0x080070df   Thumb Code   164  usart.o(i.UART_Receive_DMA_NoIT)
    USART1_IRQHandler                        0x08007701   Thumb Code    10  stm32f4xx_it.o(i.USART1_IRQHandler)
    USART2_IRQHandler                        0x08007711   Thumb Code    10  stm32f4xx_it.o(i.USART2_IRQHandler)
    USART3_IRQHandler                        0x08007721   Thumb Code    10  stm32f4xx_it.o(i.USART3_IRQHandler)
    UsageFault_Handler                       0x08007731   Thumb Code     4  stm32f4xx_it.o(i.UsageFault_Handler)
    Yaw_Rotate_Data                          0x08007735   Thumb Code    12  remote_task.o(i.Yaw_Rotate_Data)
    __0printf                                0x08007745   Thumb Code    22  printfa.o(i.__0printf)
    __1printf                                0x08007745   Thumb Code     0  printfa.o(i.__0printf)
    __2printf                                0x08007745   Thumb Code     0  printfa.o(i.__0printf)
    __c89printf                              0x08007745   Thumb Code     0  printfa.o(i.__0printf)
    printf                                   0x08007745   Thumb Code     0  printfa.o(i.__0printf)
    __hardfp_fabs                            0x08007765   Thumb Code    20  fabs.o(i.__hardfp_fabs)
    __scatterload_copy                       0x08007779   Thumb Code    14  handlers.o(i.__scatterload_copy)
    __scatterload_null                       0x08007787   Thumb Code     2  handlers.o(i.__scatterload_null)
    __scatterload_zeroinit                   0x08007789   Thumb Code    14  handlers.o(i.__scatterload_zeroinit)
    assert_failed                            0x08008615   Thumb Code     2  main.o(i.assert_failed)
    bsp_init                                 0x08008617   Thumb Code    20  init_task.o(i.bsp_init)
    chassis_behavior                         0x0800862d   Thumb Code   118  control_task.o(i.chassis_behavior)
    chassis_init                             0x080086b5   Thumb Code    78  chassis_task.o(i.chassis_init)
    chassis_pid_calc                         0x08008735   Thumb Code   230  chassis_task.o(i.chassis_pid_calc)
    dmp_enable_6x_lp_quat                    0x08008979   Thumb Code    60  inv_mpu_dmp_motion_driver.o(i.dmp_enable_6x_lp_quat)
    dmp_enable_feature                       0x080089b5   Thumb Code   530  inv_mpu_dmp_motion_driver.o(i.dmp_enable_feature)
    dmp_enable_gyro_cal                      0x08008bd1   Thumb Code    62  inv_mpu_dmp_motion_driver.o(i.dmp_enable_gyro_cal)
    dmp_enable_lp_quat                       0x08008c29   Thumb Code    60  inv_mpu_dmp_motion_driver.o(i.dmp_enable_lp_quat)
    dmp_load_motion_driver_firmware          0x08008c65   Thumb Code    20  inv_mpu_dmp_motion_driver.o(i.dmp_load_motion_driver_firmware)
    dmp_set_accel_bias                       0x08008c7d   Thumb Code   300  inv_mpu_dmp_motion_driver.o(i.dmp_set_accel_bias)
    dmp_set_fifo_rate                        0x08008dad   Thumb Code    96  inv_mpu_dmp_motion_driver.o(i.dmp_set_fifo_rate)
    dmp_set_gyro_bias                        0x08008e1d   Thumb Code   294  inv_mpu_dmp_motion_driver.o(i.dmp_set_gyro_bias)
    dmp_set_orientation                      0x08008f4d   Thumb Code   290  inv_mpu_dmp_motion_driver.o(i.dmp_set_orientation)
    dmp_set_shake_reject_thresh              0x08009085   Thumb Code    56  inv_mpu_dmp_motion_driver.o(i.dmp_set_shake_reject_thresh)
    dmp_set_shake_reject_time                0x080090bd   Thumb Code    38  inv_mpu_dmp_motion_driver.o(i.dmp_set_shake_reject_time)
    dmp_set_shake_reject_timeout             0x080090e3   Thumb Code    38  inv_mpu_dmp_motion_driver.o(i.dmp_set_shake_reject_timeout)
    dmp_set_tap_axes                         0x08009109   Thumb Code    70  inv_mpu_dmp_motion_driver.o(i.dmp_set_tap_axes)
    dmp_set_tap_count                        0x0800914f   Thumb Code    38  inv_mpu_dmp_motion_driver.o(i.dmp_set_tap_count)
    dmp_set_tap_thresh                       0x08009175   Thumb Code   412  inv_mpu_dmp_motion_driver.o(i.dmp_set_tap_thresh)
    dmp_set_tap_time                         0x08009335   Thumb Code    38  inv_mpu_dmp_motion_driver.o(i.dmp_set_tap_time)
    dmp_set_tap_time_multi                   0x0800935b   Thumb Code    38  inv_mpu_dmp_motion_driver.o(i.dmp_set_tap_time_multi)
    fputc                                    0x08009381   Thumb Code    22  usart.o(i.fputc)
    friction_wheel_mode                      0x0800939d   Thumb Code   310  shoot_task.o(i.friction_wheel_mode)
    gimbal_cali                              0x08009b65   Thumb Code   698  gimbal_task.o(i.gimbal_cali)
    gimbal_change                            0x08009e41   Thumb Code   442  control_task.o(i.gimbal_change)
    gimbal_init                              0x0800a021   Thumb Code   292  gimbal_task.o(i.gimbal_init)
    gimbal_pid_calc                          0x0800a1cd   Thumb Code   410  gimbal_task.o(i.gimbal_pid_calc)
    gimbal_set                               0x0800a3b1   Thumb Code   206  control_task.o(i.gimbal_set)
    inv_orientation_matrix_to_scalar         0x0800aa19   Thumb Code    40  inv_mpu.o(i.inv_orientation_matrix_to_scalar)
    inv_row_2_scale                          0x0800aa41   Thumb Code    78  inv_mpu.o(i.inv_row_2_scale)
    main                                     0x0800aa91   Thumb Code    98  main.o(i.main)
    motor_pwm_setvalue1                      0x0800ab15   Thumb Code    40  tim.o(i.motor_pwm_setvalue1)
    mpu_configure_fifo                       0x0800ab41   Thumb Code   106  inv_mpu.o(i.mpu_configure_fifo)
    mpu_dmp_init                             0x0800abb1   Thumb Code   190  inv_mpu.o(i.mpu_dmp_init)
    mpu_get_accel_fsr                        0x0800ac75   Thumb Code    72  inv_mpu.o(i.mpu_get_accel_fsr)
    mpu_get_accel_sens                       0x0800acc1   Thumb Code    78  inv_mpu.o(i.mpu_get_accel_sens)
    mpu_get_compass_fsr                      0x0800ad15   Thumb Code    14  inv_mpu.o(i.mpu_get_compass_fsr)
    mpu_get_fifo_config                      0x0800ad29   Thumb Code    12  inv_mpu.o(i.mpu_get_fifo_config)
    mpu_get_gyro_fsr                         0x0800ad39   Thumb Code    64  inv_mpu.o(i.mpu_get_gyro_fsr)
    mpu_get_gyro_sens                        0x0800ad7d   Thumb Code    74  inv_mpu.o(i.mpu_get_gyro_sens)
    mpu_get_lpf                              0x0800addd   Thumb Code    74  inv_mpu.o(i.mpu_get_lpf)
    mpu_get_sample_rate                      0x0800ae2d   Thumb Code    26  inv_mpu.o(i.mpu_get_sample_rate)
    mpu_init                                 0x0800ae4d   Thumb Code   294  inv_mpu.o(i.mpu_init)
    mpu_load_firmware                        0x0800af79   Thumb Code   180  inv_mpu.o(i.mpu_load_firmware)
    mpu_lp_accel_mode                        0x0800b031   Thumb Code   280  inv_mpu.o(i.mpu_lp_accel_mode)
    mpu_read_mem                             0x0800b14d   Thumb Code   122  inv_mpu.o(i.mpu_read_mem)
    mpu_reset_fifo                           0x0800b1cd   Thumb Code   450  inv_mpu.o(i.mpu_reset_fifo)
    mpu_run_6500_self_test                   0x0800b395   Thumb Code   384  inv_mpu.o(i.mpu_run_6500_self_test)
    mpu_set_accel_fsr                        0x0800b631   Thumb Code   126  inv_mpu.o(i.mpu_set_accel_fsr)
    mpu_set_bypass                           0x0800b6b5   Thumb Code   328  inv_mpu.o(i.mpu_set_bypass)
    mpu_set_compass_sample_rate              0x0800b801   Thumb Code    92  inv_mpu.o(i.mpu_set_compass_sample_rate)
    mpu_set_dmp_state                        0x0800b861   Thumb Code   138  inv_mpu.o(i.mpu_set_dmp_state)
    mpu_set_gyro_fsr                         0x0800b8f1   Thumb Code   132  inv_mpu.o(i.mpu_set_gyro_fsr)
    mpu_set_int_latched                      0x0800b979   Thumb Code   102  inv_mpu.o(i.mpu_set_int_latched)
    mpu_set_lpf                              0x0800b9e5   Thumb Code   126  inv_mpu.o(i.mpu_set_lpf)
    mpu_set_sample_rate                      0x0800ba69   Thumb Code   174  inv_mpu.o(i.mpu_set_sample_rate)
    mpu_set_sensors                          0x0800bb1d   Thumb Code   354  inv_mpu.o(i.mpu_set_sensors)
    mpu_write_mem                            0x0800bc85   Thumb Code   122  inv_mpu.o(i.mpu_write_mem)
    my_can_filter_init_recv_all              0x0800bd05   Thumb Code    62  can_task.o(i.my_can_filter_init_recv_all)
    osDelay                                  0x0800bd51   Thumb Code    24  cmsis_os.o(i.osDelay)
    osKernelStart                            0x0800bd69   Thumb Code    10  cmsis_os.o(i.osKernelStart)
    osThreadCreate                           0x0800bd73   Thumb Code    48  cmsis_os.o(i.osThreadCreate)
    osTimerCreate                            0x0800bda5   Thumb Code    36  cmsis_os.o(i.osTimerCreate)
    osTimerStart                             0x0800bdcd   Thumb Code   100  cmsis_os.o(i.osTimerStart)
    pvPortMalloc                             0x0800c805   Thumb Code   296  heap_4.o(i.pvPortMalloc)
    pvTaskIncrementMutexHeldCount            0x0800c941   Thumb Code    26  tasks.o(i.pvTaskIncrementMutexHeldCount)
    pxPortInitialiseStack                    0x0800c961   Thumb Code    38  port.o(i.pxPortInitialiseStack)
    ramp_calc                                0x0800c98d   Thumb Code    58  ramp.o(i.ramp_calc)
    ramp_init                                0x0800c9cd   Thumb Code     8  ramp.o(i.ramp_init)
    run_self_test                            0x0800c9d5   Thumb Code   156  inv_mpu.o(i.run_self_test)
    send_data                                0x0800ca71   Thumb Code    16  print_task.o(i.send_data)
    shanwai_send_wave_form                   0x0800cd69   Thumb Code    48  print_task.o(i.shanwai_send_wave_form)
    shanwai_sprintf                          0x0800cd9d   Thumb Code    70  print_task.o(i.shanwai_sprintf)
    shoot_init                               0x0800cdf5   Thumb Code    54  shoot_task.o(i.shoot_init)
    shoot_mode                               0x0800ce3d   Thumb Code     8  shoot_task.o(i.shoot_mode)
    uxListRemove                             0x0800ce45   Thumb Code    40  list.o(i.uxListRemove)
    vListInitialise                          0x0800ce6d   Thumb Code    26  list.o(i.vListInitialise)
    vListInitialiseItem                      0x0800ce87   Thumb Code     6  list.o(i.vListInitialiseItem)
    vListInsert                              0x0800ce8d   Thumb Code    52  list.o(i.vListInsert)
    vListInsertEnd                           0x0800cec1   Thumb Code    24  list.o(i.vListInsertEnd)
    vPortEnterCritical                       0x0800ced9   Thumb Code    76  port.o(i.vPortEnterCritical)
    vPortExitCritical                        0x0800cf2d   Thumb Code    56  port.o(i.vPortExitCritical)
    vPortFree                                0x0800cf69   Thumb Code   140  heap_4.o(i.vPortFree)
    vPortSetupTimerInterrupt                 0x0800cffd   Thumb Code    26  port.o(i.vPortSetupTimerInterrupt)
    vPortValidateInterruptPriority           0x0800d01d   Thumb Code   106  port.o(i.vPortValidateInterruptPriority)
    vQueueAddToRegistry                      0x0800d095   Thumb Code    38  queue.o(i.vQueueAddToRegistry)
    vQueueWaitForMessageRestricted           0x0800d0c1   Thumb Code    74  queue.o(i.vQueueWaitForMessageRestricted)
    vTaskDelay                               0x0800d10d   Thumb Code    82  tasks.o(i.vTaskDelay)
    vTaskDelayUntil                          0x0800d169   Thumb Code   200  tasks.o(i.vTaskDelayUntil)
    vTaskMissedYield                         0x0800d23d   Thumb Code     8  tasks.o(i.vTaskMissedYield)
    vTaskPlaceOnEventList                    0x0800d249   Thumb Code    52  tasks.o(i.vTaskPlaceOnEventList)
    vTaskPlaceOnEventListRestricted          0x0800d281   Thumb Code    60  tasks.o(i.vTaskPlaceOnEventListRestricted)
    vTaskPriorityInherit                     0x0800d2c1   Thumb Code   164  tasks.o(i.vTaskPriorityInherit)
    vTaskSetTimeOutState                     0x0800d371   Thumb Code    38  tasks.o(i.vTaskSetTimeOutState)
    vTaskStartScheduler                      0x0800d3a1   Thumb Code   118  tasks.o(i.vTaskStartScheduler)
    vTaskSuspendAll                          0x0800d435   Thumb Code    12  tasks.o(i.vTaskSuspendAll)
    vTaskSwitchContext                       0x0800d445   Thumb Code   118  tasks.o(i.vTaskSwitchContext)
    xPortStartScheduler                      0x0800d4d1   Thumb Code   288  port.o(i.xPortStartScheduler)
    xQueueGenericCreate                      0x0800d60d   Thumb Code    88  queue.o(i.xQueueGenericCreate)
    xQueueGenericReceive                     0x0800d665   Thumb Code   446  queue.o(i.xQueueGenericReceive)
    xQueueGenericReset                       0x0800d829   Thumb Code   146  queue.o(i.xQueueGenericReset)
    xQueueGenericSend                        0x0800d8c1   Thumb Code   420  queue.o(i.xQueueGenericSend)
    xQueueGenericSendFromISR                 0x0800da69   Thumb Code   248  queue.o(i.xQueueGenericSendFromISR)
    xTaskCheckForTimeOut                     0x0800db61   Thumb Code   132  tasks.o(i.xTaskCheckForTimeOut)
    xTaskCreate                              0x0800dbed   Thumb Code    96  tasks.o(i.xTaskCreate)
    xTaskGetSchedulerState                   0x0800dc4d   Thumb Code    24  tasks.o(i.xTaskGetSchedulerState)
    xTaskGetTickCount                        0x0800dc6d   Thumb Code     6  tasks.o(i.xTaskGetTickCount)
    xTaskIncrementTick                       0x0800dc79   Thumb Code   282  tasks.o(i.xTaskIncrementTick)
    xTaskPriorityDisinherit                  0x0800ddc1   Thumb Code   188  tasks.o(i.xTaskPriorityDisinherit)
    xTaskRemoveFromEventList                 0x0800de89   Thumb Code   128  tasks.o(i.xTaskRemoveFromEventList)
    xTaskResumeAll                           0x0800df21   Thumb Code   224  tasks.o(i.xTaskResumeAll)
    xTimerCreate                             0x0800e025   Thumb Code    48  timers.o(i.xTimerCreate)
    xTimerCreateTimerTask                    0x0800e055   Thumb Code    64  timers.o(i.xTimerCreateTimerTask)
    xTimerGenericCommand                     0x0800e0a9   Thumb Code   126  timers.o(i.xTimerGenericCommand)
    reg                                      0x0800e12c   Data          42  inv_mpu.o(.constdata)
    hw                                       0x0800e156   Data          14  inv_mpu.o(.constdata)
    test                                     0x0800e164   Data          48  inv_mpu.o(.constdata)
    AHBPrescTable                            0x0800f07c   Data          16  system_stm32f4xx.o(.constdata)
    APBPrescTable                            0x0800f08c   Data           8  system_stm32f4xx.o(.constdata)
    Region$$Table$$Base                      0x0800f0b8   Number         0  anon$$obj.o(Region$$Table)
    Region$$Table$$Limit                     0x0800f0d8   Number         0  anon$$obj.o(Region$$Table)
    FlashTimer                               0x20000048   Data           4  can_task.o(.data)
    chassis_mode                             0x2000004d   Data           1  control_task.o(.data)
    gimbal_mode                              0x2000004e   Data           1  control_task.o(.data)
    Gimbal_Cali_Complete                     0x2000004f   Data           1  control_task.o(.data)
    yaw_angle_feedback_set                   0x20000050   Data           1  control_task.o(.data)
    Latest_Remote_Control_Pack_Time          0x20000058   Data           4  remote_task.o(.data)
    LED_Flash_Timer_remote_control           0x2000005c   Data           4  remote_task.o(.data)
    Fr_stop_ramp                             0x20000060   Data          20  shoot_task.o(.data)
    Fr_slow_ramp                             0x20000074   Data          20  shoot_task.o(.data)
    Fr_fast_ramp                             0x20000088   Data          20  shoot_task.o(.data)
    wheel_value                              0x2000009c   Data           4  shoot_task.o(.data)
    ControlTaskHandle                        0x200000a4   Data           4  freertos.o(.data)
    IMU_TaskHandle                           0x200000a8   Data           4  freertos.o(.data)
    ShootTaskHandle                          0x200000ac   Data           4  freertos.o(.data)
    CanTimerSendHandle                       0x200000b0   Data           4  freertos.o(.data)
    uwTick                                   0x200000b4   Data           4  stm32f4xx_hal.o(.data)
    SystemCoreClock                          0x200000b8   Data           4  system_stm32f4xx.o(.data)
    pxCurrentTCB                             0x200000bc   Data           4  tasks.o(.data)
    __stdout                                 0x20000130   Data           4  stdout.o(.data)
    M6623_encoder_yaw                        0x20000144   Data          40  can_task.o(.bss)
    M6623_encoder_pitch                      0x2000016c   Data          40  can_task.o(.bss)
    M6020_encoder_yaw                        0x20000194   Data          40  can_task.o(.bss)
    M6020_encoder_pitch                      0x200001bc   Data          40  can_task.o(.bss)
    encoder_pluck                            0x200001e4   Data          40  can_task.o(.bss)
    encoder_chassis                          0x2000020c   Data         160  can_task.o(.bss)
    M6020_pitch_angle                        0x200004a0   Data          28  control_task.o(.bss)
    M6020_yaw_angle                          0x200004bc   Data          28  control_task.o(.bss)
    M2006_angle                              0x200004d8   Data          28  control_task.o(.bss)
    chassis_speed                            0x200004f4   Data          12  control_task.o(.bss)
    can_send                                 0x20000500   Data          12  gimbal_task.o(.bss)
    M6623_yaw_speed_pid                      0x2000050c   Data          84  gimbal_task.o(.bss)
    M6623_pitch_speed_pid                    0x20000560   Data          84  gimbal_task.o(.bss)
    M6623_yaw_angle_pid                      0x200005b4   Data          84  gimbal_task.o(.bss)
    M6623_pitch_angle_pid                    0x20000608   Data          84  gimbal_task.o(.bss)
    M6020_yaw_speed_pid                      0x2000065c   Data          84  gimbal_task.o(.bss)
    M6020_pitch_speed_pid                    0x200006b0   Data          84  gimbal_task.o(.bss)
    M6020_yaw_angle_pid                      0x20000704   Data          84  gimbal_task.o(.bss)
    M6020_pitch_angle_pid                    0x20000758   Data          84  gimbal_task.o(.bss)
    M2006_speed_pid                          0x200007ac   Data          84  gimbal_task.o(.bss)
    M2006_angle_pid                          0x20000800   Data          84  gimbal_task.o(.bss)
    IMU_yaw_speed_pid                        0x20000854   Data          84  gimbal_task.o(.bss)
    IMU_yaw_angle_pid                        0x200008a8   Data          84  gimbal_task.o(.bss)
    yaw_gimbal_motor                         0x200008fc   Data          12  gimbal_task.o(.bss)
    pitch_gimbal_motor                       0x20000908   Data          12  gimbal_task.o(.bss)
    pluck_motor                              0x20000914   Data          12  gimbal_task.o(.bss)
    IMU_data                                 0x20000920   Data          24  imu_task.o(.bss)
    IMU                                      0x20000938   Data          40  imu_task.o(.bss)
    chrTemp                                  0x20000960   Data          30  imu_task.o(.bss)
    wave_form_data                           0x2000097e   Data          24  print_task.o(.bss)
    RC_Ctl                                   0x20000996   Data          20  remote_task.o(.bss)
    hcan1                                    0x200009ac   Data          68  can.o(.bss)
    hi2c1                                    0x200009f0   Data          84  i2c.o(.bss)
    htim3                                    0x20000a44   Data          60  tim.o(.bss)
    htim4                                    0x20000a80   Data          60  tim.o(.bss)
    htim5                                    0x20000abc   Data          60  tim.o(.bss)
    UART_Buffer                              0x20000af8   Data         100  usart.o(.bss)
    huart1                                   0x20000b5c   Data          64  usart.o(.bss)
    huart2                                   0x20000b9c   Data          64  usart.o(.bss)
    huart3                                   0x20000bdc   Data          64  usart.o(.bss)
    hdma_usart2_rx                           0x20000c1c   Data          96  usart.o(.bss)
    htim6                                    0x20000c7c   Data          60  stm32f4xx_hal_timebase_tim.o(.bss)
    xQueueRegistry                           0x20000cb8   Data          64  queue.o(.bss)
    __initial_sp                             0x20004e10   Data           0  startup_stm32f407xx.o(STACK)



==============================================================================

Memory Map of the image

  Image Entry point : 0x08000189

  Load Region LR_IROM1 (Base: 0x08000000, Size: 0x0000f20c, Max: 0x00100000, ABSOLUTE, COMPRESSED[0x0000f104])

    Execution Region ER_IROM1 (Exec base: 0x08000000, Load base: 0x08000000, Size: 0x0000f0d8, Max: 0x00100000, ABSOLUTE)

    Exec Addr    Load Addr    Size         Type   Attr      Idx    E Section Name        Object

    0x08000000   0x08000000   0x00000188   Data   RO            3    RESET               startup_stm32f407xx.o
    0x08000188   0x08000188   0x00000000   Code   RO         6301  * .ARM.Collect$$$$00000000  mc_w.l(entry.o)
    0x08000188   0x08000188   0x00000004   Code   RO         6636    .ARM.Collect$$$$00000001  mc_w.l(entry2.o)
    0x0800018c   0x0800018c   0x00000004   Code   RO         6639    .ARM.Collect$$$$00000004  mc_w.l(entry5.o)
    0x08000190   0x08000190   0x00000000   Code   RO         6641    .ARM.Collect$$$$00000008  mc_w.l(entry7b.o)
    0x08000190   0x08000190   0x00000000   Code   RO         6643    .ARM.Collect$$$$0000000A  mc_w.l(entry8b.o)
    0x08000190   0x08000190   0x00000008   Code   RO         6644    .ARM.Collect$$$$0000000B  mc_w.l(entry9a.o)
    0x08000198   0x08000198   0x00000000   Code   RO         6646    .ARM.Collect$$$$0000000D  mc_w.l(entry10a.o)
    0x08000198   0x08000198   0x00000000   Code   RO         6648    .ARM.Collect$$$$0000000F  mc_w.l(entry11a.o)
    0x08000198   0x08000198   0x00000004   Code   RO         6637    .ARM.Collect$$$$00002712  mc_w.l(entry2.o)
    0x0800019c   0x0800019c   0x000000ba   Code   RO         6192    .emb_text           port.o
    0x08000256   0x08000256   0x00000002   PAD
    0x08000258   0x08000258   0x00000024   Code   RO            4    .text               startup_stm32f407xx.o
    0x0800027c   0x0800027c   0x00000062   Code   RO         6304    .text               mc_w.l(uldiv.o)
    0x080002de   0x080002de   0x00000062   Code   RO         6306    .text               mc_w.l(ldiv.o)
    0x08000340   0x08000340   0x00000024   Code   RO         6308    .text               mc_w.l(memcpya.o)
    0x08000364   0x08000364   0x00000024   Code   RO         6310    .text               mc_w.l(memseta.o)
    0x08000388   0x08000388   0x0000001a   Code   RO         6312    .text               mc_w.l(memcmp.o)
    0x080003a2   0x080003a2   0x0000014e   Code   RO         6577    .text               mf_w.l(dadd.o)
    0x080004f0   0x080004f0   0x000000e4   Code   RO         6579    .text               mf_w.l(dmul.o)
    0x080005d4   0x080005d4   0x000000de   Code   RO         6581    .text               mf_w.l(ddiv.o)
    0x080006b2   0x080006b2   0x00000026   Code   RO         6585    .text               mf_w.l(f2d.o)
    0x080006d8   0x080006d8   0x00000030   Code   RO         6587    .text               mf_w.l(cdcmple.o)
    0x08000708   0x08000708   0x0000002c   Code   RO         6651    .text               mc_w.l(uidiv.o)
    0x08000734   0x08000734   0x0000001e   Code   RO         6653    .text               mc_w.l(llshl.o)
    0x08000752   0x08000752   0x00000020   Code   RO         6655    .text               mc_w.l(llushr.o)
    0x08000772   0x08000772   0x00000024   Code   RO         6657    .text               mc_w.l(llsshr.o)
    0x08000796   0x08000796   0x00000000   Code   RO         6666    .text               mc_w.l(iusefp.o)
    0x08000796   0x08000796   0x000000ba   Code   RO         6669    .text               mf_w.l(depilogue.o)
    0x08000850   0x08000850   0x00000030   Code   RO         6673    .text               mf_w.l(dfixul.o)
    0x08000880   0x08000880   0x00000030   Code   RO         6675    .text               mf_w.l(cdrcmple.o)
    0x080008b0   0x080008b0   0x00000024   Code   RO         6677    .text               mc_w.l(init.o)
    0x080008d4   0x080008d4   0x00000056   Code   RO         6689    .text               mc_w.l(__dczerorl2.o)
    0x0800092a   0x0800092a   0x00000004   Code   RO         1906    i.BusFault_Handler  stm32f4xx_it.o
    0x0800092e   0x0800092e   0x00000002   PAD
    0x08000930   0x08000930   0x00000010   Code   RO         1907    i.CAN1_RX0_IRQHandler  stm32f4xx_it.o
    0x08000940   0x08000940   0x00000010   Code   RO         1908    i.CAN1_TX_IRQHandler  stm32f4xx_it.o
    0x08000950   0x08000950   0x000001c2   Code   RO         2087    i.CAN_Receive_IT    stm32f4xx_hal_can.o
    0x08000b12   0x08000b12   0x00000062   Code   RO         2088    i.CAN_Transmit_IT   stm32f4xx_hal_can.o
    0x08000b74   0x08000b74   0x0000000c   Code   RO         1288    i.CHOICE_MODE       remote_task.o
    0x08000b80   0x08000b80   0x000000bc   Code   RO         1289    i.Callback_RC_Handle  remote_task.o
    0x08000c3c   0x08000c3c   0x0000000a   Code   RO         1636    i.CanTimerSendCallback  freertos.o
    0x08000c46   0x08000c46   0x0000000e   Code   RO          791    i.CharToShort       ioi2c.o
    0x08000c54   0x08000c54   0x00000010   Code   RO         1909    i.DMA1_Stream5_IRQHandler  stm32f4xx_it.o
    0x08000c64   0x08000c64   0x00000034   Code   RO         4371    i.DMA_CalcBaseAndBitshift  stm32f4xx_hal_dma.o
    0x08000c98   0x08000c98   0x000000aa   Code   RO         4372    i.DMA_CheckFifoParam  stm32f4xx_hal_dma.o
    0x08000d42   0x08000d42   0x0000002c   Code   RO         4373    i.DMA_SetConfig     stm32f4xx_hal_dma.o
    0x08000d6e   0x08000d6e   0x00000002   Code   RO         1910    i.DebugMon_Handler  stm32f4xx_it.o
    0x08000d70   0x08000d70   0x00000012   Code   RO          792    i.Delay             ioi2c.o
    0x08000d82   0x08000d82   0x00000002   Code   RO         1474    i.Error_Handler     main.o
    0x08000d84   0x08000d84   0x0000000c   Code   RO         1290    i.FRICTION_WHEEL_MODE  remote_task.o
    0x08000d90   0x08000d90   0x0000001c   Code   RO         1239    i.Float_to_Byte     print_task.o
    0x08000dac   0x08000dac   0x0000005c   Code   RO         1113    i.GIMBAL_CAN_SEND   gimbal_task.o
    0x08000e08   0x08000e08   0x00000048   Code   RO          890    i.GetEncoderBias    can_task.o
    0x08000e50   0x08000e50   0x000000dc   Code   RO          891    i.Get_2006_Encoder  can_task.o
    0x08000f2c   0x08000f2c   0x00000066   Code   RO          892    i.Get_3508_Encoder  can_task.o
    0x08000f92   0x08000f92   0x00000002   PAD
    0x08000f94   0x08000f94   0x000000d0   Code   RO          893    i.Get_6020_Encoder  can_task.o
    0x08001064   0x08001064   0x00000058   Code   RO         1164    i.Get_IMU_Data      imu_task.o
    0x080010bc   0x080010bc   0x00000010   Code   RO         1291    i.Go_Forward_Data   remote_task.o
    0x080010cc   0x080010cc   0x000001c0   Code   RO         2089    i.HAL_CAN_ConfigFilter  stm32f4xx_hal_can.o
    0x0800128c   0x0800128c   0x00000018   Code   RO         1564    i.HAL_CAN_ErrorCallback  can.o
    0x080012a4   0x080012a4   0x00000254   Code   RO         2094    i.HAL_CAN_IRQHandler  stm32f4xx_hal_can.o
    0x080014f8   0x080014f8   0x00000314   Code   RO         2095    i.HAL_CAN_Init      stm32f4xx_hal_can.o
    0x0800180c   0x0800180c   0x000000a8   Code   RO         1566    i.HAL_CAN_MspInit   can.o
    0x080018b4   0x080018b4   0x0000015c   Code   RO         2099    i.HAL_CAN_Receive_IT  stm32f4xx_hal_can.o
    0x08001a10   0x08001a10   0x000000f4   Code   RO          895    i.HAL_CAN_RxCpltCallback  can_task.o
    0x08001b04   0x08001b04   0x00000364   Code   RO         2102    i.HAL_CAN_Transmit  stm32f4xx_hal_can.o
    0x08001e68   0x08001e68   0x00000002   Code   RO         2104    i.HAL_CAN_TxCpltCallback  stm32f4xx_hal_can.o
    0x08001e6a   0x08001e6a   0x00000028   Code   RO         4375    i.HAL_DMA_Abort_IT  stm32f4xx_hal_dma.o
    0x08001e92   0x08001e92   0x00000002   PAD
    0x08001e94   0x08001e94   0x00000240   Code   RO         4379    i.HAL_DMA_IRQHandler  stm32f4xx_hal_dma.o
    0x080020d4   0x080020d4   0x0000035c   Code   RO         4380    i.HAL_DMA_Init      stm32f4xx_hal_dma.o
    0x08002430   0x08002430   0x000000b4   Code   RO         4383    i.HAL_DMA_Start     stm32f4xx_hal_dma.o
    0x080024e4   0x080024e4   0x0000001e   Code   RO         4798    i.HAL_Delay         stm32f4xx_hal.o
    0x08002502   0x08002502   0x00000002   PAD
    0x08002504   0x08002504   0x00000440   Code   RO         4267    i.HAL_GPIO_Init     stm32f4xx_hal_gpio.o
    0x08002944   0x08002944   0x00000078   Code   RO         4271    i.HAL_GPIO_WritePin  stm32f4xx_hal_gpio.o
    0x080029bc   0x080029bc   0x0000000c   Code   RO         4804    i.HAL_GetTick       stm32f4xx_hal.o
    0x080029c8   0x080029c8   0x00000248   Code   RO         2228    i.HAL_I2C_Init      stm32f4xx_hal_i2c.o
    0x08002c10   0x08002c10   0x00000374   Code   RO         2244    i.HAL_I2C_Mem_Read  stm32f4xx_hal_i2c.o
    0x08002f84   0x08002f84   0x000001d4   Code   RO         2247    i.HAL_I2C_Mem_Write  stm32f4xx_hal_i2c.o
    0x08003158   0x08003158   0x00000088   Code   RO         1717    i.HAL_I2C_MspInit   i2c.o
    0x080031e0   0x080031e0   0x00000010   Code   RO         4806    i.HAL_IncTick       stm32f4xx_hal.o
    0x080031f0   0x080031f0   0x0000003c   Code   RO         4807    i.HAL_Init          stm32f4xx_hal.o
    0x0800322c   0x0800322c   0x0000008c   Code   RO         2048    i.HAL_InitTick      stm32f4xx_hal_timebase_tim.o
    0x080032b8   0x080032b8   0x00000054   Code   RO         2024    i.HAL_MspInit       stm32f4xx_hal_msp.o
    0x0800330c   0x0800330c   0x00000068   Code   RO         4656    i.HAL_NVIC_EnableIRQ  stm32f4xx_hal_cortex.o
    0x08003374   0x08003374   0x000000d4   Code   RO         4662    i.HAL_NVIC_SetPriority  stm32f4xx_hal_cortex.o
    0x08003448   0x08003448   0x00000088   Code   RO         4663    i.HAL_NVIC_SetPriorityGrouping  stm32f4xx_hal_cortex.o
    0x080034d0   0x080034d0   0x000002bc   Code   RO         3880    i.HAL_RCC_ClockConfig  stm32f4xx_hal_rcc.o
    0x0800378c   0x0800378c   0x00000044   Code   RO         3884    i.HAL_RCC_GetClockConfig  stm32f4xx_hal_rcc.o
    0x080037d0   0x080037d0   0x0000000c   Code   RO         3885    i.HAL_RCC_GetHCLKFreq  stm32f4xx_hal_rcc.o
    0x080037dc   0x080037dc   0x00000020   Code   RO         3887    i.HAL_RCC_GetPCLK1Freq  stm32f4xx_hal_rcc.o
    0x080037fc   0x080037fc   0x00000020   Code   RO         3888    i.HAL_RCC_GetPCLK2Freq  stm32f4xx_hal_rcc.o
    0x0800381c   0x0800381c   0x000000b0   Code   RO         3889    i.HAL_RCC_GetSysClockFreq  stm32f4xx_hal_rcc.o
    0x080038cc   0x080038cc   0x00000580   Code   RO         3892    i.HAL_RCC_OscConfig  stm32f4xx_hal_rcc.o
    0x08003e4c   0x08003e4c   0x00000002   Code   RO         3309    i.HAL_TIMEx_BreakCallback  stm32f4xx_hal_tim_ex.o
    0x08003e4e   0x08003e4e   0x00000002   Code   RO         3310    i.HAL_TIMEx_CommutationCallback  stm32f4xx_hal_tim_ex.o
    0x08003e50   0x08003e50   0x0000015c   Code   RO         3326    i.HAL_TIMEx_MasterConfigSynchronization  stm32f4xx_hal_tim_ex.o
    0x08003fac   0x08003fac   0x00000160   Code   RO         2670    i.HAL_TIM_Base_Init  stm32f4xx_hal_tim.o
    0x0800410c   0x0800410c   0x000000c4   Code   RO         1759    i.HAL_TIM_Base_MspInit  tim.o
    0x080041d0   0x080041d0   0x00000108   Code   RO         2675    i.HAL_TIM_Base_Start_IT  stm32f4xx_hal_tim.o
    0x080042d8   0x080042d8   0x000006e4   Code   RO         2679    i.HAL_TIM_ConfigClockSource  stm32f4xx_hal_tim.o
    0x080049bc   0x080049bc   0x00000002   Code   RO         2699    i.HAL_TIM_IC_CaptureCallback  stm32f4xx_hal_tim.o
    0x080049be   0x080049be   0x00000196   Code   RO         2712    i.HAL_TIM_IRQHandler  stm32f4xx_hal_tim.o
    0x08004b54   0x08004b54   0x00000060   Code   RO         1760    i.HAL_TIM_MspPostInit  tim.o
    0x08004bb4   0x08004bb4   0x00000002   Code   RO         2715    i.HAL_TIM_OC_DelayElapsedCallback  stm32f4xx_hal_tim.o
    0x08004bb6   0x08004bb6   0x00000002   PAD
    0x08004bb8   0x08004bb8   0x00000304   Code   RO         2736    i.HAL_TIM_PWM_ConfigChannel  stm32f4xx_hal_tim.o
    0x08004ebc   0x08004ebc   0x00000164   Code   RO         2739    i.HAL_TIM_PWM_Init  stm32f4xx_hal_tim.o
    0x08005020   0x08005020   0x00000002   Code   RO         2741    i.HAL_TIM_PWM_MspInit  stm32f4xx_hal_tim.o
    0x08005022   0x08005022   0x00000002   Code   RO         2742    i.HAL_TIM_PWM_PulseFinishedCallback  stm32f4xx_hal_tim.o
    0x08005024   0x08005024   0x00000188   Code   RO         2743    i.HAL_TIM_PWM_Start  stm32f4xx_hal_tim.o
    0x080051ac   0x080051ac   0x00000028   Code   RO         1475    i.HAL_TIM_PeriodElapsedCallback  main.o
    0x080051d4   0x080051d4   0x00000002   Code   RO         2753    i.HAL_TIM_TriggerCallback  stm32f4xx_hal_tim.o
    0x080051d6   0x080051d6   0x00000002   Code   RO         3569    i.HAL_UART_ErrorCallback  stm32f4xx_hal_uart.o
    0x080051d8   0x080051d8   0x00000168   Code   RO         1824    i.HAL_UART_IDLE_IRQHandler  usart.o
    0x08005340   0x08005340   0x0000014c   Code   RO         3572    i.HAL_UART_IRQHandler  stm32f4xx_hal_uart.o
    0x0800548c   0x0800548c   0x00000188   Code   RO         3573    i.HAL_UART_Init     stm32f4xx_hal_uart.o
    0x08005614   0x08005614   0x000001ec   Code   RO         1826    i.HAL_UART_MspInit  usart.o
    0x08005800   0x08005800   0x00000020   Code   RO         1827    i.HAL_UART_Receive_IT_IDLE  usart.o
    0x08005820   0x08005820   0x00000002   Code   RO         3579    i.HAL_UART_RxCpltCallback  stm32f4xx_hal_uart.o
    0x08005822   0x08005822   0x000000d6   Code   RO         3581    i.HAL_UART_Transmit  stm32f4xx_hal_uart.o
    0x080058f8   0x080058f8   0x00000002   Code   RO         3584    i.HAL_UART_TxCpltCallback  stm32f4xx_hal_uart.o
    0x080058fa   0x080058fa   0x00000004   Code   RO         1911    i.HardFault_Handler  stm32f4xx_it.o
    0x080058fe   0x080058fe   0x00000034   Code   RO         2266    i.I2C_IsAcknowledgeFailed  stm32f4xx_hal_i2c.o
    0x08005932   0x08005932   0x00000002   PAD
    0x08005934   0x08005934   0x00000158   Code   RO         2276    i.I2C_RequestMemoryRead  stm32f4xx_hal_i2c.o
    0x08005a8c   0x08005a8c   0x000000e0   Code   RO         2277    i.I2C_RequestMemoryWrite  stm32f4xx_hal_i2c.o
    0x08005b6c   0x08005b6c   0x00000056   Code   RO         2285    i.I2C_WaitOnBTFFlagUntilTimeout  stm32f4xx_hal_i2c.o
    0x08005bc2   0x08005bc2   0x0000007c   Code   RO         2286    i.I2C_WaitOnFlagUntilTimeout  stm32f4xx_hal_i2c.o
    0x08005c3e   0x08005c3e   0x000000ac   Code   RO         2287    i.I2C_WaitOnMasterAddressFlagUntilTimeout  stm32f4xx_hal_i2c.o
    0x08005cea   0x08005cea   0x0000006e   Code   RO         2288    i.I2C_WaitOnRXNEFlagUntilTimeout  stm32f4xx_hal_i2c.o
    0x08005d58   0x08005d58   0x00000056   Code   RO         2290    i.I2C_WaitOnTXEFlagUntilTimeout  stm32f4xx_hal_i2c.o
    0x08005dae   0x08005dae   0x00000002   PAD
    0x08005db0   0x08005db0   0x00000050   Code   RO          793    i.IIC_Ack           ioi2c.o
    0x08005e00   0x08005e00   0x00000050   Code   RO          795    i.IIC_NAck          ioi2c.o
    0x08005e50   0x08005e50   0x0000006c   Code   RO          796    i.IIC_Read_Byte     ioi2c.o
    0x08005ebc   0x08005ebc   0x00000068   Code   RO          797    i.IIC_Send_Byte     ioi2c.o
    0x08005f24   0x08005f24   0x0000004c   Code   RO          798    i.IIC_Start         ioi2c.o
    0x08005f70   0x08005f70   0x0000004c   Code   RO          799    i.IIC_Stop          ioi2c.o
    0x08005fbc   0x08005fbc   0x00000064   Code   RO          800    i.IIC_Wait_Ack      ioi2c.o
    0x08006020   0x08006020   0x0000006a   Code   RO          801    i.IICreadBytes      ioi2c.o
    0x0800608a   0x0800608a   0x00000002   PAD
    0x0800608c   0x0800608c   0x00000010   Code   RO         1292    i.Left_Right_Data   remote_task.o
    0x0800609c   0x0800609c   0x0000002c   Code   RO          724    i.MPU_Read_Len      mpu9250.o
    0x080060c8   0x080060c8   0x0000002c   Code   RO          727    i.MPU_Write_Len     mpu9250.o
    0x080060f4   0x080060f4   0x00000048   Code   RO         1567    i.MX_CAN1_Init      can.o
    0x0800613c   0x0800613c   0x00000038   Code   RO         1612    i.MX_DMA_Init       dma.o
    0x08006174   0x08006174   0x00000078   Code   RO         1637    i.MX_FREERTOS_Init  freertos.o
    0x080061ec   0x080061ec   0x00000204   Code   RO         1540    i.MX_GPIO_Init      gpio.o
    0x080063f0   0x080063f0   0x0000003c   Code   RO         1718    i.MX_I2C1_Init      i2c.o
    0x0800642c   0x0800642c   0x0000006c   Code   RO         1761    i.MX_TIM3_Init      tim.o
    0x08006498   0x08006498   0x000000a0   Code   RO         1762    i.MX_TIM4_Init      tim.o
    0x08006538   0x08006538   0x0000006c   Code   RO         1763    i.MX_TIM5_Init      tim.o
    0x080065a4   0x080065a4   0x00000038   Code   RO         1828    i.MX_USART1_UART_Init  usart.o
    0x080065dc   0x080065dc   0x0000003c   Code   RO         1829    i.MX_USART2_UART_Init  usart.o
    0x08006618   0x08006618   0x00000038   Code   RO         1830    i.MX_USART3_UART_Init  usart.o
    0x08006650   0x08006650   0x00000004   Code   RO         1912    i.MemManage_Handler  stm32f4xx_it.o
    0x08006654   0x08006654   0x00000002   Code   RO         1913    i.NMI_Handler       stm32f4xx_it.o
    0x08006656   0x08006656   0x00000002   PAD
    0x08006658   0x08006658   0x00000010   Code   RO         4669    i.NVIC_GetPriorityGrouping  stm32f4xx_hal_cortex.o
    0x08006668   0x08006668   0x00000028   Code   RO         4670    i.NVIC_SetPriority  stm32f4xx_hal_cortex.o
    0x08006690   0x08006690   0x00000144   Code   RO         1407    i.PID_Calc          pid.o
    0x080067d4   0x080067d4   0x00000060   Code   RO         1408    i.PID_Init          pid.o
    0x08006834   0x08006834   0x00000010   Code   RO         1293    i.Pitch_Rotate_Data  remote_task.o
    0x08006844   0x08006844   0x00000038   Code   RO         1294    i.RC_Ctl_t_Init     remote_task.o
    0x0800687c   0x0800687c   0x00000060   Code   RO          896    i.Set_CM_Speed      can_task.o
    0x080068dc   0x080068dc   0x0000004e   Code   RO          897    i.Set_Gimbal_Current  can_task.o
    0x0800692a   0x0800692a   0x00000002   PAD
    0x0800692c   0x0800692c   0x00000030   Code   RO         1638    i.StartControlTask  freertos.o
    0x0800695c   0x0800695c   0x00000020   Code   RO         1639    i.StartIMU_Task     freertos.o
    0x0800697c   0x0800697c   0x0000000e   Code   RO         1640    i.StartShootTask    freertos.o
    0x0800698a   0x0800698a   0x00000002   PAD
    0x0800698c   0x0800698c   0x00000034   Code   RO         6193    i.SysTick_Handler   port.o
    0x080069c0   0x080069c0   0x000000b8   Code   RO         1476    i.SystemClock_Config  main.o
    0x08006a78   0x08006a78   0x00000064   Code   RO         4945    i.SystemInit        system_stm32f4xx.o
    0x08006adc   0x08006adc   0x00000010   Code   RO         1914    i.TIM3_IRQHandler   stm32f4xx_it.o
    0x08006aec   0x08006aec   0x00000010   Code   RO         1915    i.TIM4_IRQHandler   stm32f4xx_it.o
    0x08006afc   0x08006afc   0x00000010   Code   RO         1916    i.TIM5_IRQHandler   stm32f4xx_it.o
    0x08006b0c   0x08006b0c   0x00000010   Code   RO         1917    i.TIM6_DAC_IRQHandler  stm32f4xx_it.o
    0x08006b1c   0x08006b1c   0x000000e4   Code   RO         2754    i.TIM_Base_SetConfig  stm32f4xx_hal_tim.o
    0x08006c00   0x08006c00   0x000000fc   Code   RO         2755    i.TIM_CCxChannelCmd  stm32f4xx_hal_tim.o
    0x08006cfc   0x08006cfc   0x00000018   Code   RO         2761    i.TIM_ETR_SetConfig  stm32f4xx_hal_tim.o
    0x08006d14   0x08006d14   0x00000014   Code   RO         2762    i.TIM_ITRx_SetConfig  stm32f4xx_hal_tim.o
    0x08006d28   0x08006d28   0x00000070   Code   RO         2763    i.TIM_OC1_SetConfig  stm32f4xx_hal_tim.o
    0x08006d98   0x08006d98   0x000000d8   Code   RO         2764    i.TIM_OC2_SetConfig  stm32f4xx_hal_tim.o
    0x08006e70   0x08006e70   0x00000108   Code   RO         2765    i.TIM_OC3_SetConfig  stm32f4xx_hal_tim.o
    0x08006f78   0x08006f78   0x000000bc   Code   RO         2766    i.TIM_OC4_SetConfig  stm32f4xx_hal_tim.o
    0x08007034   0x08007034   0x0000002a   Code   RO         2768    i.TIM_TI1_ConfigInputStage  stm32f4xx_hal_tim.o
    0x0800705e   0x0800705e   0x0000002c   Code   RO         2770    i.TIM_TI2_ConfigInputStage  stm32f4xx_hal_tim.o
    0x0800708a   0x0800708a   0x00000014   Code   RO         3586    i.UART_DMAAbortOnError  stm32f4xx_hal_uart.o
    0x0800709e   0x0800709e   0x00000020   Code   RO         3596    i.UART_EndRxTransfer  stm32f4xx_hal_uart.o
    0x080070be   0x080070be   0x00000020   Code   RO         3597    i.UART_EndTransmit_IT  stm32f4xx_hal_uart.o
    0x080070de   0x080070de   0x000000a4   Code   RO         1831    i.UART_Receive_DMA_NoIT  usart.o
    0x08007182   0x08007182   0x0000009a   Code   RO         3599    i.UART_Receive_IT   stm32f4xx_hal_uart.o
    0x0800721c   0x0800721c   0x00000410   Code   RO         3600    i.UART_SetConfig    stm32f4xx_hal_uart.o
    0x0800762c   0x0800762c   0x00000068   Code   RO         3601    i.UART_Transmit_IT  stm32f4xx_hal_uart.o
    0x08007694   0x08007694   0x0000006c   Code   RO         3602    i.UART_WaitOnFlagUntilTimeout  stm32f4xx_hal_uart.o
    0x08007700   0x08007700   0x00000010   Code   RO         1918    i.USART1_IRQHandler  stm32f4xx_it.o
    0x08007710   0x08007710   0x00000010   Code   RO         1919    i.USART2_IRQHandler  stm32f4xx_it.o
    0x08007720   0x08007720   0x00000010   Code   RO         1920    i.USART3_IRQHandler  stm32f4xx_it.o
    0x08007730   0x08007730   0x00000004   Code   RO         1921    i.UsageFault_Handler  stm32f4xx_it.o
    0x08007734   0x08007734   0x00000010   Code   RO         1295    i.Yaw_Rotate_Data   remote_task.o
    0x08007744   0x08007744   0x00000020   Code   RO         6549    i.__0printf         mc_w.l(printfa.o)
    0x08007764   0x08007764   0x00000014   Code   RO         6295    i.__hardfp_fabs     m_wm.l(fabs.o)
    0x08007778   0x08007778   0x0000000e   Code   RO         6683    i.__scatterload_copy  mc_w.l(handlers.o)
    0x08007786   0x08007786   0x00000002   Code   RO         6684    i.__scatterload_null  mc_w.l(handlers.o)
    0x08007788   0x08007788   0x0000000e   Code   RO         6685    i.__scatterload_zeroinit  mc_w.l(handlers.o)
    0x08007796   0x08007796   0x00000002   PAD
    0x08007798   0x08007798   0x00000184   Code   RO         6556    i._fp_digits        mc_w.l(printfa.o)
    0x0800791c   0x0800791c   0x000006dc   Code   RO         6557    i._printf_core      mc_w.l(printfa.o)
    0x08007ff8   0x08007ff8   0x00000024   Code   RO         6558    i._printf_post_padding  mc_w.l(printfa.o)
    0x0800801c   0x0800801c   0x0000002e   Code   RO         6559    i._printf_pre_padding  mc_w.l(printfa.o)
    0x0800804a   0x0800804a   0x00000002   PAD
    0x0800804c   0x0800804c   0x000005c8   Code   RO           13    i.accel_6500_self_test  inv_mpu.o
    0x08008614   0x08008614   0x00000002   Code   RO         1477    i.assert_failed     main.o
    0x08008616   0x08008616   0x00000014   Code   RO         1209    i.bsp_init          init_task.o
    0x0800862a   0x0800862a   0x00000002   PAD
    0x0800862c   0x0800862c   0x00000088   Code   RO         1059    i.chassis_behavior  control_task.o
    0x080086b4   0x080086b4   0x00000080   Code   RO         1019    i.chassis_init      chassis_task.o
    0x08008734   0x08008734   0x000000f8   Code   RO         1020    i.chassis_pid_calc  chassis_task.o
    0x0800882c   0x0800882c   0x0000014c   Code   RO           14    i.compass_self_test  inv_mpu.o
    0x08008978   0x08008978   0x0000003c   Code   RO          522    i.dmp_enable_6x_lp_quat  inv_mpu_dmp_motion_driver.o
    0x080089b4   0x080089b4   0x0000021c   Code   RO          523    i.dmp_enable_feature  inv_mpu_dmp_motion_driver.o
    0x08008bd0   0x08008bd0   0x00000058   Code   RO          524    i.dmp_enable_gyro_cal  inv_mpu_dmp_motion_driver.o
    0x08008c28   0x08008c28   0x0000003c   Code   RO          525    i.dmp_enable_lp_quat  inv_mpu_dmp_motion_driver.o
    0x08008c64   0x08008c64   0x00000018   Code   RO          530    i.dmp_load_motion_driver_firmware  inv_mpu_dmp_motion_driver.o
    0x08008c7c   0x08008c7c   0x00000130   Code   RO          534    i.dmp_set_accel_bias  inv_mpu_dmp_motion_driver.o
    0x08008dac   0x08008dac   0x00000070   Code   RO          535    i.dmp_set_fifo_rate  inv_mpu_dmp_motion_driver.o
    0x08008e1c   0x08008e1c   0x00000130   Code   RO          536    i.dmp_set_gyro_bias  inv_mpu_dmp_motion_driver.o
    0x08008f4c   0x08008f4c   0x00000138   Code   RO          538    i.dmp_set_orientation  inv_mpu_dmp_motion_driver.o
    0x08009084   0x08009084   0x00000038   Code   RO          541    i.dmp_set_shake_reject_thresh  inv_mpu_dmp_motion_driver.o
    0x080090bc   0x080090bc   0x00000026   Code   RO          542    i.dmp_set_shake_reject_time  inv_mpu_dmp_motion_driver.o
    0x080090e2   0x080090e2   0x00000026   Code   RO          543    i.dmp_set_shake_reject_timeout  inv_mpu_dmp_motion_driver.o
    0x08009108   0x08009108   0x00000046   Code   RO          544    i.dmp_set_tap_axes  inv_mpu_dmp_motion_driver.o
    0x0800914e   0x0800914e   0x00000026   Code   RO          545    i.dmp_set_tap_count  inv_mpu_dmp_motion_driver.o
    0x08009174   0x08009174   0x000001c0   Code   RO          546    i.dmp_set_tap_thresh  inv_mpu_dmp_motion_driver.o
    0x08009334   0x08009334   0x00000026   Code   RO          547    i.dmp_set_tap_time  inv_mpu_dmp_motion_driver.o
    0x0800935a   0x0800935a   0x00000026   Code   RO          548    i.dmp_set_tap_time_multi  inv_mpu_dmp_motion_driver.o
    0x08009380   0x08009380   0x0000001c   Code   RO         1832    i.fputc             usart.o
    0x0800939c   0x0800939c   0x00000158   Code   RO         1361    i.friction_wheel_mode  shoot_task.o
    0x080094f4   0x080094f4   0x00000670   Code   RO           16    i.get_st_6500_biases  inv_mpu.o
    0x08009b64   0x08009b64   0x000002dc   Code   RO         1114    i.gimbal_cali       gimbal_task.o
    0x08009e40   0x08009e40   0x000001e0   Code   RO         1060    i.gimbal_change     control_task.o
    0x0800a020   0x0800a020   0x000001ac   Code   RO         1115    i.gimbal_init       gimbal_task.o
    0x0800a1cc   0x0800a1cc   0x000001e4   Code   RO         1116    i.gimbal_pid_calc   gimbal_task.o
    0x0800a3b0   0x0800a3b0   0x000000f4   Code   RO         1061    i.gimbal_set        control_task.o
    0x0800a4a4   0x0800a4a4   0x00000564   Code   RO           18    i.gyro_6500_self_test  inv_mpu.o
    0x0800aa08   0x0800aa08   0x00000010   Code   RO         5768    i.inHandlerMode     cmsis_os.o
    0x0800aa18   0x0800aa18   0x00000028   Code   RO           19    i.inv_orientation_matrix_to_scalar  inv_mpu.o
    0x0800aa40   0x0800aa40   0x0000004e   Code   RO           20    i.inv_row_2_scale   inv_mpu.o
    0x0800aa8e   0x0800aa8e   0x00000002   PAD
    0x0800aa90   0x0800aa90   0x00000074   Code   RO         1478    i.main              main.o
    0x0800ab04   0x0800ab04   0x0000000e   Code   RO         5770    i.makeFreeRtosPriority  cmsis_os.o
    0x0800ab12   0x0800ab12   0x00000002   PAD
    0x0800ab14   0x0800ab14   0x0000002c   Code   RO         1764    i.motor_pwm_setvalue1  tim.o
    0x0800ab40   0x0800ab40   0x00000070   Code   RO           22    i.mpu_configure_fifo  inv_mpu.o
    0x0800abb0   0x0800abb0   0x000000c4   Code   RO           24    i.mpu_dmp_init      inv_mpu.o
    0x0800ac74   0x0800ac74   0x0000004c   Code   RO           25    i.mpu_get_accel_fsr  inv_mpu.o
    0x0800acc0   0x0800acc0   0x00000054   Code   RO           27    i.mpu_get_accel_sens  inv_mpu.o
    0x0800ad14   0x0800ad14   0x00000014   Code   RO           28    i.mpu_get_compass_fsr  inv_mpu.o
    0x0800ad28   0x0800ad28   0x00000010   Code   RO           32    i.mpu_get_fifo_config  inv_mpu.o
    0x0800ad38   0x0800ad38   0x00000044   Code   RO           33    i.mpu_get_gyro_fsr  inv_mpu.o
    0x0800ad7c   0x0800ad7c   0x00000060   Code   RO           35    i.mpu_get_gyro_sens  inv_mpu.o
    0x0800addc   0x0800addc   0x00000050   Code   RO           37    i.mpu_get_lpf       inv_mpu.o
    0x0800ae2c   0x0800ae2c   0x00000020   Code   RO           39    i.mpu_get_sample_rate  inv_mpu.o
    0x0800ae4c   0x0800ae4c   0x0000012c   Code   RO           41    i.mpu_init          inv_mpu.o
    0x0800af78   0x0800af78   0x000000b8   Code   RO           42    i.mpu_load_firmware  inv_mpu.o
    0x0800b030   0x0800b030   0x0000011c   Code   RO           43    i.mpu_lp_accel_mode  inv_mpu.o
    0x0800b14c   0x0800b14c   0x00000080   Code   RO           50    i.mpu_read_mem      inv_mpu.o
    0x0800b1cc   0x0800b1cc   0x000001c8   Code   RO           53    i.mpu_reset_fifo    inv_mpu.o
    0x0800b394   0x0800b394   0x0000029c   Code   RO           54    i.mpu_run_6500_self_test  inv_mpu.o
    0x0800b630   0x0800b630   0x00000084   Code   RO           58    i.mpu_set_accel_fsr  inv_mpu.o
    0x0800b6b4   0x0800b6b4   0x0000014c   Code   RO           59    i.mpu_set_bypass    inv_mpu.o
    0x0800b800   0x0800b800   0x00000060   Code   RO           60    i.mpu_set_compass_sample_rate  inv_mpu.o
    0x0800b860   0x0800b860   0x00000090   Code   RO           61    i.mpu_set_dmp_state  inv_mpu.o
    0x0800b8f0   0x0800b8f0   0x00000088   Code   RO           63    i.mpu_set_gyro_fsr  inv_mpu.o
    0x0800b978   0x0800b978   0x0000006c   Code   RO           64    i.mpu_set_int_latched  inv_mpu.o
    0x0800b9e4   0x0800b9e4   0x00000084   Code   RO           66    i.mpu_set_lpf       inv_mpu.o
    0x0800ba68   0x0800ba68   0x000000b4   Code   RO           67    i.mpu_set_sample_rate  inv_mpu.o
    0x0800bb1c   0x0800bb1c   0x00000168   Code   RO           68    i.mpu_set_sensors   inv_mpu.o
    0x0800bc84   0x0800bc84   0x00000080   Code   RO           69    i.mpu_write_mem     inv_mpu.o
    0x0800bd04   0x0800bd04   0x0000004c   Code   RO          898    i.my_can_filter_init_recv_all  can_task.o
    0x0800bd50   0x0800bd50   0x00000018   Code   RO         5772    i.osDelay           cmsis_os.o
    0x0800bd68   0x0800bd68   0x0000000a   Code   RO         5775    i.osKernelStart     cmsis_os.o
    0x0800bd72   0x0800bd72   0x00000030   Code   RO         5809    i.osThreadCreate    cmsis_os.o
    0x0800bda2   0x0800bda2   0x00000002   PAD
    0x0800bda4   0x0800bda4   0x00000028   Code   RO         5820    i.osTimerCreate     cmsis_os.o
    0x0800bdcc   0x0800bdcc   0x00000068   Code   RO         5822    i.osTimerStart      cmsis_os.o
    0x0800be34   0x0800be34   0x00000098   Code   RO         5299    i.prvAddCurrentTaskToDelayedList  tasks.o
    0x0800becc   0x0800becc   0x000000b8   Code   RO         5300    i.prvAddNewTaskToReadyList  tasks.o
    0x0800bf84   0x0800bf84   0x00000064   Code   RO         5636    i.prvCheckForValidListAndQueue  timers.o
    0x0800bfe8   0x0800bfe8   0x00000064   Code   RO         5301    i.prvCheckTasksWaitingTermination  tasks.o
    0x0800c04c   0x0800c04c   0x0000002a   Code   RO         5119    i.prvCopyDataFromQueue  queue.o
    0x0800c076   0x0800c076   0x0000007c   Code   RO         5120    i.prvCopyDataToQueue  queue.o
    0x0800c0f2   0x0800c0f2   0x00000012   Code   RO         5302    i.prvDeleteTCB      tasks.o
    0x0800c104   0x0800c104   0x00000028   Code   RO         5637    i.prvGetNextExpireTime  timers.o
    0x0800c12c   0x0800c12c   0x0000007c   Code   RO         6143    i.prvHeapInit       heap_4.o
    0x0800c1a8   0x0800c1a8   0x00000028   Code   RO         5303    i.prvIdleTask       tasks.o
    0x0800c1d0   0x0800c1d0   0x0000002a   Code   RO         5122    i.prvInitialiseNewQueue  queue.o
    0x0800c1fa   0x0800c1fa   0x000000b4   Code   RO         5304    i.prvInitialiseNewTask  tasks.o
    0x0800c2ae   0x0800c2ae   0x0000004e   Code   RO         5638    i.prvInitialiseNewTimer  timers.o
    0x0800c2fc   0x0800c2fc   0x00000068   Code   RO         5305    i.prvInitialiseTaskLists  tasks.o
    0x0800c364   0x0800c364   0x00000068   Code   RO         6144    i.prvInsertBlockIntoFreeList  heap_4.o
    0x0800c3cc   0x0800c3cc   0x00000058   Code   RO         5639    i.prvInsertTimerInActiveList  timers.o
    0x0800c424   0x0800c424   0x0000001a   Code   RO         5123    i.prvIsQueueEmpty   queue.o
    0x0800c43e   0x0800c43e   0x0000001e   Code   RO         5124    i.prvIsQueueFull    queue.o
    0x0800c45c   0x0800c45c   0x00000064   Code   RO         5640    i.prvProcessExpiredTimer  timers.o
    0x0800c4c0   0x0800c4c0   0x000000f8   Code   RO         5641    i.prvProcessReceivedCommands  timers.o
    0x0800c5b8   0x0800c5b8   0x00000074   Code   RO         5642    i.prvProcessTimerOrBlockTask  timers.o
    0x0800c62c   0x0800c62c   0x00000034   Code   RO         5307    i.prvResetNextTaskUnblockTime  tasks.o
    0x0800c660   0x0800c660   0x0000002c   Code   RO         5643    i.prvSampleTimeNow  timers.o
    0x0800c68c   0x0800c68c   0x000000a0   Code   RO         5644    i.prvSwitchTimerLists  timers.o
    0x0800c72c   0x0800c72c   0x00000040   Code   RO         6194    i.prvTaskExitError  port.o
    0x0800c76c   0x0800c76c   0x0000001a   Code   RO         5645    i.prvTimerTask      timers.o
    0x0800c786   0x0800c786   0x0000007e   Code   RO         5125    i.prvUnlockQueue    queue.o
    0x0800c804   0x0800c804   0x0000013c   Code   RO         6145    i.pvPortMalloc      heap_4.o
    0x0800c940   0x0800c940   0x00000020   Code   RO         5310    i.pvTaskIncrementMutexHeldCount  tasks.o
    0x0800c960   0x0800c960   0x0000002c   Code   RO         6195    i.pxPortInitialiseStack  port.o
    0x0800c98c   0x0800c98c   0x00000040   Code   RO         1441    i.ramp_calc         ramp.o
    0x0800c9cc   0x0800c9cc   0x00000008   Code   RO         1442    i.ramp_init         ramp.o
    0x0800c9d4   0x0800c9d4   0x0000009c   Code   RO           70    i.run_self_test     inv_mpu.o
    0x0800ca70   0x0800ca70   0x00000014   Code   RO         1240    i.send_data         print_task.o
    0x0800ca84   0x0800ca84   0x00000090   Code   RO           71    i.set_int_enable    inv_mpu.o
    0x0800cb14   0x0800cb14   0x00000254   Code   RO           72    i.setup_compass     inv_mpu.o
    0x0800cd68   0x0800cd68   0x00000034   Code   RO         1241    i.shanwai_send_wave_form  print_task.o
    0x0800cd9c   0x0800cd9c   0x00000058   Code   RO         1242    i.shanwai_sprintf   print_task.o
    0x0800cdf4   0x0800cdf4   0x00000048   Code   RO         1362    i.shoot_init        shoot_task.o
    0x0800ce3c   0x0800ce3c   0x00000008   Code   RO         1363    i.shoot_mode        shoot_task.o
    0x0800ce44   0x0800ce44   0x00000028   Code   RO         5082    i.uxListRemove      list.o
    0x0800ce6c   0x0800ce6c   0x0000001a   Code   RO         5083    i.vListInitialise   list.o
    0x0800ce86   0x0800ce86   0x00000006   Code   RO         5084    i.vListInitialiseItem  list.o
    0x0800ce8c   0x0800ce8c   0x00000034   Code   RO         5085    i.vListInsert       list.o
    0x0800cec0   0x0800cec0   0x00000018   Code   RO         5086    i.vListInsertEnd    list.o
    0x0800ced8   0x0800ced8   0x00000054   Code   RO         6197    i.vPortEnterCritical  port.o
    0x0800cf2c   0x0800cf2c   0x0000003c   Code   RO         6198    i.vPortExitCritical  port.o
    0x0800cf68   0x0800cf68   0x00000094   Code   RO         6146    i.vPortFree         heap_4.o
    0x0800cffc   0x0800cffc   0x00000020   Code   RO         6199    i.vPortSetupTimerInterrupt  port.o
    0x0800d01c   0x0800d01c   0x00000078   Code   RO         6200    i.vPortValidateInterruptPriority  port.o
    0x0800d094   0x0800d094   0x0000002c   Code   RO         5131    i.vQueueAddToRegistry  queue.o
    0x0800d0c0   0x0800d0c0   0x0000004a   Code   RO         5135    i.vQueueWaitForMessageRestricted  queue.o
    0x0800d10a   0x0800d10a   0x00000002   PAD
    0x0800d10c   0x0800d10c   0x0000005c   Code   RO         5318    i.vTaskDelay        tasks.o
    0x0800d168   0x0800d168   0x000000d4   Code   RO         5319    i.vTaskDelayUntil   tasks.o
    0x0800d23c   0x0800d23c   0x0000000c   Code   RO         5323    i.vTaskMissedYield  tasks.o
    0x0800d248   0x0800d248   0x00000038   Code   RO         5325    i.vTaskPlaceOnEventList  tasks.o
    0x0800d280   0x0800d280   0x00000040   Code   RO         5326    i.vTaskPlaceOnEventListRestricted  tasks.o
    0x0800d2c0   0x0800d2c0   0x000000b0   Code   RO         5328    i.vTaskPriorityInherit  tasks.o
    0x0800d370   0x0800d370   0x00000030   Code   RO         5332    i.vTaskSetTimeOutState  tasks.o
    0x0800d3a0   0x0800d3a0   0x00000094   Code   RO         5333    i.vTaskStartScheduler  tasks.o
    0x0800d434   0x0800d434   0x00000010   Code   RO         5335    i.vTaskSuspendAll   tasks.o
    0x0800d444   0x0800d444   0x0000008c   Code   RO         5336    i.vTaskSwitchContext  tasks.o
    0x0800d4d0   0x0800d4d0   0x0000013c   Code   RO         6201    i.xPortStartScheduler  port.o
    0x0800d60c   0x0800d60c   0x00000058   Code   RO         5137    i.xQueueGenericCreate  queue.o
    0x0800d664   0x0800d664   0x000001c4   Code   RO         5138    i.xQueueGenericReceive  queue.o
    0x0800d828   0x0800d828   0x00000098   Code   RO         5139    i.xQueueGenericReset  queue.o
    0x0800d8c0   0x0800d8c0   0x000001a8   Code   RO         5140    i.xQueueGenericSend  queue.o
    0x0800da68   0x0800da68   0x000000f8   Code   RO         5141    i.xQueueGenericSendFromISR  queue.o
    0x0800db60   0x0800db60   0x0000008c   Code   RO         5337    i.xTaskCheckForTimeOut  tasks.o
    0x0800dbec   0x0800dbec   0x00000060   Code   RO         5338    i.xTaskCreate       tasks.o
    0x0800dc4c   0x0800dc4c   0x00000020   Code   RO         5342    i.xTaskGetSchedulerState  tasks.o
    0x0800dc6c   0x0800dc6c   0x0000000c   Code   RO         5343    i.xTaskGetTickCount  tasks.o
    0x0800dc78   0x0800dc78   0x00000148   Code   RO         5345    i.xTaskIncrementTick  tasks.o
    0x0800ddc0   0x0800ddc0   0x000000c8   Code   RO         5348    i.xTaskPriorityDisinherit  tasks.o
    0x0800de88   0x0800de88   0x00000098   Code   RO         5349    i.xTaskRemoveFromEventList  tasks.o
    0x0800df20   0x0800df20   0x00000104   Code   RO         5351    i.xTaskResumeAll    tasks.o
    0x0800e024   0x0800e024   0x00000030   Code   RO         5648    i.xTimerCreate      timers.o
    0x0800e054   0x0800e054   0x00000054   Code   RO         5649    i.xTimerCreateTimerTask  timers.o
    0x0800e0a8   0x0800e0a8   0x00000084   Code   RO         5650    i.xTimerGenericCommand  timers.o
    0x0800e12c   0x0800e12c   0x00000268   Data   RO           73    .constdata          inv_mpu.o
    0x0800e394   0x0800e394   0x00000bf6   Data   RO          550    .constdata          inv_mpu_dmp_motion_driver.o
    0x0800ef8a   0x0800ef8a   0x00000002   PAD
    0x0800ef8c   0x0800ef8c   0x00000018   Data   RO         1022    .constdata          chassis_task.o
    0x0800efa4   0x0800efa4   0x00000090   Data   RO         1118    .constdata          gimbal_task.o
    0x0800f034   0x0800f034   0x00000040   Data   RO         1641    .constdata          freertos.o
    0x0800f074   0x0800f074   0x00000008   Data   RO         4386    .constdata          stm32f4xx_hal_dma.o
    0x0800f07c   0x0800f07c   0x00000018   Data   RO         4946    .constdata          system_stm32f4xx.o
    0x0800f094   0x0800f094   0x00000022   Data   RO         1642    .conststring        freertos.o
    0x0800f0b6   0x0800f0b6   0x00000002   PAD
    0x0800f0b8   0x0800f0b8   0x00000020   Data   RO         6681    Region$$Table       anon$$obj.o


    Execution Region RW_IRAM1 (Exec base: 0x20000000, Load base: 0x0800f0d8, Size: 0x00004e10, Max: 0x00020000, ABSOLUTE, COMPRESSED[0x0000002c])

    Exec Addr    Load Addr    Size         Type   Attr      Idx    E Section Name        Object

    0x20000000   COMPRESSED   0x00000041   Data   RW           74    .data               inv_mpu.o
    0x20000041   COMPRESSED   0x00000003   PAD
    0x20000044   COMPRESSED   0x00000009   Data   RW          900    .data               can_task.o
    0x2000004d   COMPRESSED   0x00000004   Data   RW         1063    .data               control_task.o
    0x20000051   COMPRESSED   0x00000001   PAD
    0x20000052   COMPRESSED   0x00000006   Data   RW         1119    .data               gimbal_task.o
    0x20000058   COMPRESSED   0x00000008   Data   RW         1297    .data               remote_task.o
    0x20000060   COMPRESSED   0x00000041   Data   RW         1364    .data               shoot_task.o
    0x200000a1   COMPRESSED   0x00000001   PAD
    0x200000a2   COMPRESSED   0x00000002   Data   RW         1409    .data               pid.o
    0x200000a4   COMPRESSED   0x00000010   Data   RW         1643    .data               freertos.o
    0x200000b4   COMPRESSED   0x00000004   Data   RW         4813    .data               stm32f4xx_hal.o
    0x200000b8   COMPRESSED   0x00000004   Data   RW         4947    .data               system_stm32f4xx.o
    0x200000bc   COMPRESSED   0x0000003c   Data   RW         5354    .data               tasks.o
    0x200000f8   COMPRESSED   0x00000014   Data   RW         5656    .data               timers.o
    0x2000010c   COMPRESSED   0x00000018   Data   RW         6151    .data               heap_4.o
    0x20000124   COMPRESSED   0x0000000c   Data   RW         6202    .data               port.o
    0x20000130   COMPRESSED   0x00000004   Data   RW         6650    .data               mc_w.l(stdout.o)
    0x20000134        -       0x00000010   Zero   RW          549    .bss                inv_mpu_dmp_motion_driver.o
    0x20000144        -       0x000001a8   Zero   RW          899    .bss                can_task.o
    0x200002ec        -       0x000001b4   Zero   RW         1021    .bss                chassis_task.o
    0x200004a0        -       0x00000060   Zero   RW         1062    .bss                control_task.o
    0x20000500        -       0x00000420   Zero   RW         1117    .bss                gimbal_task.o
    0x20000920        -       0x0000005e   Zero   RW         1167    .bss                imu_task.o
    0x2000097e        -       0x00000018   Zero   RW         1243    .bss                print_task.o
    0x20000996        -       0x00000014   Zero   RW         1296    .bss                remote_task.o
    0x200009aa   COMPRESSED   0x00000002   PAD
    0x200009ac        -       0x00000044   Zero   RW         1568    .bss                can.o
    0x200009f0        -       0x00000054   Zero   RW         1719    .bss                i2c.o
    0x20000a44        -       0x000000b4   Zero   RW         1765    .bss                tim.o
    0x20000af8        -       0x00000184   Zero   RW         1833    .bss                usart.o
    0x20000c7c        -       0x0000003c   Zero   RW         2051    .bss                stm32f4xx_hal_timebase_tim.o
    0x20000cb8        -       0x00000040   Zero   RW         5147    .bss                queue.o
    0x20000cf8        -       0x000000f0   Zero   RW         5353    .bss                tasks.o
    0x20000de8        -       0x00000028   Zero   RW         5655    .bss                timers.o
    0x20000e10        -       0x00003c00   Zero   RW         6150    .bss                heap_4.o
    0x20004a10        -       0x00000400   Zero   RW            1    STACK               startup_stm32f407xx.o


==============================================================================

Image component sizes


      Code (inc. data)   RO Data    RW Data    ZI Data      Debug   Object Name

       264         28          0          0         68       2057   can.o
      1096         98          0          9        424      27177   can_task.o
       376         68         24          0        436       2648   chassis_task.o
       256          8          0          0          0      15970   cmsis_os.o
       860         94          0          4         96       8399   control_task.o
        56          4          0          0          0        710   dma.o
         0          0          0          0          0       9476   event_groups.o
       224         30         98         16          0       3664   freertos.o
      1736        258        144          6       1056       5437   gimbal_task.o
       516         32          0          0          0       1223   gpio.o
       692         62          0         24      15360       4679   heap_4.o
       196         26          0          0         84       1557   i2c.o
        88         18          0          0         94       1250   imu_task.o
        20          0          0          0          0        467   init_task.o
     10402       1510        616         65          0     725173   inv_mpu.o
      2568        128       3062          0         16      18350   inv_mpu_dmp_motion_driver.o
       762         96          0          0          0       6548   ioi2c.o
       148          0          0          0          0       3470   list.o
       344         38          0          0          0       3192   main.o
        88          8          0          0          0       1351   mpu9250.o
       420         12          0          2          0       2406   pid.o
       958         92          0         12          0      11789   port.o
       188         26          0          0         24       3528   print_task.o
      1872         22          0          0         64      14229   queue.o
        72          6          0          0          0       1796   ramp.o
       332         44          0          8         20       5199   remote_task.o
       424         52          0         65          0       2405   shoot_task.o
        36          8        392          0       1024        820   startup_stm32f407xx.o
       118         16          0          4          0       3684   stm32f4xx_hal.o
      3598        266          0          0          0       7492   stm32f4xx_hal_can.o
       508        204          0          0          0      30154   stm32f4xx_hal_cortex.o
      1922        138          8          0          0       6299   stm32f4xx_hal_dma.o
      1208        194          0          0          0       2668   stm32f4xx_hal_gpio.o
      3134        222          0          0          0      11398   stm32f4xx_hal_i2c.o
        84          6          0          0          0        802   stm32f4xx_hal_msp.o
      2428        206          0          0          0       6281   stm32f4xx_hal_rcc.o
      5706       1026          0          0          0      17140   stm32f4xx_hal_tim.o
       352         90          0          0          0       2394   stm32f4xx_hal_tim_ex.o
       140         18          0          0         60       1395   stm32f4xx_hal_timebase_tim.o
      2434        166          0          0          0       9627   stm32f4xx_hal_uart.o
       180         60          0          0          0       7366   stm32f4xx_it.o
       100         18         24          4          0       1107   system_stm32f4xx.o
      3046        380          0         60        240      24963   tasks.o
       712         62          0          0        180       4232   tim.o
      1264        116          0         20         40      19898   timers.o
      1248         86          0          0        388       5869   usart.o

    ----------------------------------------------------------------------
     53210       6042       4404        304      19676    1047739   Object Totals
         0          0         32          0          0          0   (incl. Generated)
        34          0          4          5          2          0   (incl. Padding)

    ----------------------------------------------------------------------

      Code (inc. data)   RO Data    RW Data    ZI Data      Debug   Library Member Name

        20          0          0          0          0        124   fabs.o
        86          0          0          0          0          0   __dczerorl2.o
         0          0          0          0          0          0   entry.o
         0          0          0          0          0          0   entry10a.o
         0          0          0          0          0          0   entry11a.o
         8          4          0          0          0          0   entry2.o
         4          0          0          0          0          0   entry5.o
         0          0          0          0          0          0   entry7b.o
         0          0          0          0          0          0   entry8b.o
         8          4          0          0          0          0   entry9a.o
        30          0          0          0          0          0   handlers.o
        36          8          0          0          0         68   init.o
         0          0          0          0          0          0   iusefp.o
        98          0          0          0          0         84   ldiv.o
        30          0          0          0          0         68   llshl.o
        36          0          0          0          0         68   llsshr.o
        32          0          0          0          0         68   llushr.o
        26          0          0          0          0         80   memcmp.o
        36          0          0          0          0         68   memcpya.o
        36          0          0          0          0        108   memseta.o
      2258         90          0          0          0        452   printfa.o
         0          0          0          4          0          0   stdout.o
        44          0          0          0          0         80   uidiv.o
        98          0          0          0          0         92   uldiv.o
        48          0          0          0          0         68   cdcmple.o
        48          0          0          0          0         68   cdrcmple.o
       334          0          0          0          0        148   dadd.o
       222          0          0          0          0        100   ddiv.o
       186          0          0          0          0        176   depilogue.o
        48          0          0          0          0         68   dfixul.o
       228          0          0          0          0         96   dmul.o
        38          0          0          0          0         68   f2d.o

    ----------------------------------------------------------------------
      4042        106          0          4          0       2152   Library Totals
         4          0          0          0          0          0   (incl. Padding)

    ----------------------------------------------------------------------

      Code (inc. data)   RO Data    RW Data    ZI Data      Debug   Library Name

        20          0          0          0          0        124   m_wm.l
      2866        106          0          4          0       1236   mc_w.l
      1152          0          0          0          0        792   mf_w.l

    ----------------------------------------------------------------------
      4042        106          0          4          0       2152   Library Totals

    ----------------------------------------------------------------------

==============================================================================


      Code (inc. data)   RO Data    RW Data    ZI Data      Debug   

     57252       6148       4404        308      19676    1018835   Grand Totals
     57252       6148       4404         44      19676    1018835   ELF Image Totals (compressed)
     57252       6148       4404         44          0          0   ROM Totals

==============================================================================

    Total RO  Size (Code + RO Data)                61656 (  60.21kB)
    Total RW  Size (RW Data + ZI Data)             19984 (  19.52kB)
    Total ROM Size (Code + RO Data + RW Data)      61700 (  60.25kB)

==============================================================================

