<html>
<body>
<pre>
<h1>µVision Build Log</h1>
<h2>Tool Versions:</h2>
IDE-Version: ¦ÌVision V5.25.2.0
Copyright (C) 2018 ARM Ltd and ARM Germany GmbH. All rights reserved.
License Information: 563 457, 786786, LIC=QF8UH-WSGH7-KN7AC-7RXYF-USX4S-UWYYT
 
Tool Versions:
Toolchain:       MDK-ARM Plus  Version: 5.25.2.0
Toolchain Path:  C:\Keil_v5\ARM\ARMCC\Bin
C Compiler:      Armcc.exe V5.06 update 6 (build 750)
Assembler:       Armasm.exe V5.06 update 6 (build 750)
Linker/Locator:  ArmLink.exe V5.06 update 6 (build 750)
Library Manager: ArmAr.exe V5.06 update 6 (build 750)
Hex Converter:   FromElf.exe V5.06 update 6 (build 750)
CPU DLL:         SARMCM3.DLL V5.25.2.0
Dialog DLL:      DCM.DLL V1.17.1.0
Target DLL:      CMSIS_AGDI.dll V1.29.10.0
Dialog DLL:      TCM.DLL V1.35.1.0
 
<h2>Project:</h2>
E:\RM\TRY\Infantry3.0\MDK-ARM\Infantry2.0.uvprojx
Project File Date:  04/05/2019

<h2>Output:</h2>
*** Using Compiler 'V5.06 update 6 (build 750)', folder: 'C:\Keil_v5\ARM\ARMCC\Bin'
*** Warning: Using Microlib and C++ file(s) might cause the linker to fail !
  
Build target 'Infantry2.0'
compiling shoot_task.c...
compiling control_task.c...
compiling Init_Task.c...
compiling freertos.c...
compiling mains.cpp...
..\RosLibs\std_msgs/Time.h(50): warning:  #1300-D: getType inherits implicit virtual
      const char * getType(){ return "std_msgs/Time"; };
..\RosLibs\std_msgs/Time.h(51): warning:  #1300-D: getMD5 inherits implicit virtual
      const char * getMD5(){ return "cd7166c74c552c311fbcc2fe5a7bc289"; };
..\RosLibs\rosserial_msgs/TopicInfo.h(110): warning:  #1300-D: getType inherits implicit virtual
      const char * getType(){ return "rosserial_msgs/TopicInfo"; };
..\RosLibs\rosserial_msgs/TopicInfo.h(111): warning:  #1300-D: getMD5 inherits implicit virtual
      const char * getMD5(){ return "0ad51f88fc44892f8c10684077646005"; };
..\RosLibs\rosserial_msgs/TopicInfo.h(116): warning:  #1-D: last line of file ends without a newline
  #endif
..\RosLibs\rosserial_msgs/Log.h(53): warning:  #1300-D: getType inherits implicit virtual
      const char * getType(){ return "rosserial_msgs/Log"; };
..\RosLibs\rosserial_msgs/Log.h(54): warning:  #1300-D: getMD5 inherits implicit virtual
      const char * getMD5(){ return "11abd731c25933261cd6183bd12d6295"; };
..\RosLibs\rosserial_msgs/RequestParam.h(44): warning:  #1300-D: getType inherits implicit virtual
      const char * getType(){ return REQUESTPARAM; };
..\RosLibs\rosserial_msgs/RequestParam.h(45): warning:  #1300-D: getMD5 inherits implicit virtual
      const char * getMD5(){ return "c1f3d28f1b044c871e6eff2e9fc3c667"; };
..\RosLibs\rosserial_msgs/RequestParam.h(172): warning:  #1300-D: getType inherits implicit virtual
      const char * getType(){ return REQUESTPARAM; };
..\RosLibs\rosserial_msgs/RequestParam.h(173): warning:  #1300-D: getMD5 inherits implicit virtual
      const char * getMD5(){ return "9f0e98bda65981986ddf53afa7a40e49"; };
..\RosLibs\skyguard_msgs\gimbal.h(98): warning:  #1300-D: getType inherits implicit virtual
      const char * getType(){ return "skyguard_msgs/gimbal"; };
..\RosLibs\skyguard_msgs\gimbal.h(99): warning:  #1300-D: getMD5 inherits implicit virtual
      const char * getMD5(){ return "9ab03bfeddd963aab5c9ffe61a77e11d"; };
application\mains.cpp: 13 warnings, 0 errors
linking...
Program Size: Code=34928 RO-data=872 RW-data=384 ZI-data=23816  
FromELF: creating hex file...
"Infantry2.0\Infantry2.0" - 0 Error(s), 13 Warning(s).

<h2>Software Packages used:</h2>

Package Vendor: ARM
                http://www.keil.com/pack/ARM.CMSIS.5.3.0.pack
                ARM.CMSIS.5.3.0
                CMSIS (Cortex Microcontroller Software Interface Standard)
   * Component: CORE Version: 5.1.1

Package Vendor: Keil
                http://www.keil.com/pack/Keil.STM32F4xx_DFP.2.3.0.pack
                Keil.STM32F4xx_DFP.2.3.0
                STMicroelectronics STM32F4 Series Device Support, Drivers and Examples

<h2>Collection of Component include folders:</h2>
  .\RTE\_Infantry2.0
  C:\Keil_v5\ARM\PACK\ARM\CMSIS\5.3.0\CMSIS\Include
  C:\Keil_v5\ARM\PACK\Keil\STM32F4xx_DFP\2.3.0\Drivers\CMSIS\Device\ST\STM32F4xx\Include

<h2>Collection of Component Files used:</h2>

   * Component: ARM::CMSIS:CORE:5.1.1
Build Time Elapsed:  00:00:14
</pre>
</body>
</html>
