Component: ARM Compiler 5.06 update 6 (build 750) Tool: armlink [4d35ed]

==============================================================================

Section Cross References

    startup_stm32f407xx.o(RESET) refers to startup_stm32f407xx.o(STACK) for __initial_sp
    startup_stm32f407xx.o(RESET) refers to startup_stm32f407xx.o(.text) for Reset_Handler
    startup_stm32f407xx.o(RESET) refers to stm32f4xx_it.o(i.NMI_Handler) for NMI_Handler
    startup_stm32f407xx.o(RESET) refers to stm32f4xx_it.o(i.HardFault_Handler) for HardFault_Handler
    startup_stm32f407xx.o(RESET) refers to stm32f4xx_it.o(i.MemManage_Handler) for MemManage_Handler
    startup_stm32f407xx.o(RESET) refers to stm32f4xx_it.o(i.BusFault_Handler) for BusFault_Handler
    startup_stm32f407xx.o(RESET) refers to stm32f4xx_it.o(i.UsageFault_Handler) for UsageFault_Handler
    startup_stm32f407xx.o(RESET) refers to port.o(.emb_text) for SVC_Handler
    startup_stm32f407xx.o(RESET) refers to stm32f4xx_it.o(i.DebugMon_Handler) for DebugMon_Handler
    startup_stm32f407xx.o(RESET) refers to port.o(i.SysTick_Handler) for SysTick_Handler
    startup_stm32f407xx.o(RESET) refers to stm32f4xx_it.o(i.DMA1_Stream5_IRQHandler) for DMA1_Stream5_IRQHandler
    startup_stm32f407xx.o(RESET) refers to stm32f4xx_it.o(i.CAN1_TX_IRQHandler) for CAN1_TX_IRQHandler
    startup_stm32f407xx.o(RESET) refers to stm32f4xx_it.o(i.CAN1_RX0_IRQHandler) for CAN1_RX0_IRQHandler
    startup_stm32f407xx.o(RESET) refers to stm32f4xx_it.o(i.TIM3_IRQHandler) for TIM3_IRQHandler
    startup_stm32f407xx.o(RESET) refers to stm32f4xx_it.o(i.TIM4_IRQHandler) for TIM4_IRQHandler
    startup_stm32f407xx.o(RESET) refers to stm32f4xx_it.o(i.USART1_IRQHandler) for USART1_IRQHandler
    startup_stm32f407xx.o(RESET) refers to stm32f4xx_it.o(i.USART2_IRQHandler) for USART2_IRQHandler
    startup_stm32f407xx.o(RESET) refers to stm32f4xx_it.o(i.USART3_IRQHandler) for USART3_IRQHandler
    startup_stm32f407xx.o(RESET) refers to stm32f4xx_it.o(i.TIM5_IRQHandler) for TIM5_IRQHandler
    startup_stm32f407xx.o(RESET) refers to stm32f4xx_it.o(i.TIM6_DAC_IRQHandler) for TIM6_DAC_IRQHandler
    startup_stm32f407xx.o(RESET) refers to stm32f4xx_it.o(i.DMA2_Stream2_IRQHandler) for DMA2_Stream2_IRQHandler
    startup_stm32f407xx.o(RESET) refers to stm32f4xx_it.o(i.DMA2_Stream7_IRQHandler) for DMA2_Stream7_IRQHandler
    startup_stm32f407xx.o(.text) refers to system_stm32f4xx.o(i.SystemInit) for SystemInit
    startup_stm32f407xx.o(.text) refers to entry.o(.ARM.Collect$$$$00000000) for __main
    inv_mpu.o(i.accel_6500_self_test) refers to mpu9250.o(i.MPU_Read_Len) for MPU_Read_Len
    inv_mpu.o(i.accel_6500_self_test) refers to printfa.o(i.__0printf) for __2printf
    inv_mpu.o(i.accel_6500_self_test) refers to f2d.o(.text) for __aeabi_f2d
    inv_mpu.o(i.accel_6500_self_test) refers to inv_mpu.o(.data) for .data
    inv_mpu.o(i.accel_6500_self_test) refers to inv_mpu.o(.constdata) for .constdata
    inv_mpu.o(i.compass_self_test) refers to inv_mpu.o(i.mpu_set_bypass) for mpu_set_bypass
    inv_mpu.o(i.compass_self_test) refers to mpu9250.o(i.MPU_Write_Len) for MPU_Write_Len
    inv_mpu.o(i.compass_self_test) refers to stm32f4xx_hal.o(i.HAL_Delay) for HAL_Delay
    inv_mpu.o(i.compass_self_test) refers to mpu9250.o(i.MPU_Read_Len) for MPU_Read_Len
    inv_mpu.o(i.compass_self_test) refers to inv_mpu.o(.data) for .data
    inv_mpu.o(i.get_st_6500_biases) refers to mpu9250.o(i.MPU_Write_Len) for MPU_Write_Len
    inv_mpu.o(i.get_st_6500_biases) refers to stm32f4xx_hal.o(i.HAL_Delay) for HAL_Delay
    inv_mpu.o(i.get_st_6500_biases) refers to printfa.o(i.__0printf) for __2printf
    inv_mpu.o(i.get_st_6500_biases) refers to mpu9250.o(i.MPU_Read_Len) for MPU_Read_Len
    inv_mpu.o(i.get_st_6500_biases) refers to ldiv.o(.text) for __aeabi_ldivmod
    inv_mpu.o(i.get_st_6500_biases) refers to f2d.o(.text) for __aeabi_f2d
    inv_mpu.o(i.get_st_6500_biases) refers to inv_mpu.o(.data) for .data
    inv_mpu.o(i.get_st_biases) refers to mpu9250.o(i.MPU_Write_Len) for MPU_Write_Len
    inv_mpu.o(i.get_st_biases) refers to stm32f4xx_hal.o(i.HAL_Delay) for HAL_Delay
    inv_mpu.o(i.get_st_biases) refers to mpu9250.o(i.MPU_Read_Len) for MPU_Read_Len
    inv_mpu.o(i.get_st_biases) refers to ldiv.o(.text) for __aeabi_ldivmod
    inv_mpu.o(i.get_st_biases) refers to inv_mpu.o(.data) for .data
    inv_mpu.o(i.gyro_6500_self_test) refers to mpu9250.o(i.MPU_Read_Len) for MPU_Read_Len
    inv_mpu.o(i.gyro_6500_self_test) refers to printfa.o(i.__0printf) for __2printf
    inv_mpu.o(i.gyro_6500_self_test) refers to f2d.o(.text) for __aeabi_f2d
    inv_mpu.o(i.gyro_6500_self_test) refers to inv_mpu.o(.data) for .data
    inv_mpu.o(i.gyro_6500_self_test) refers to inv_mpu.o(.constdata) for .constdata
    inv_mpu.o(i.inv_orientation_matrix_to_scalar) refers to inv_mpu.o(i.inv_row_2_scale) for inv_row_2_scale
    inv_mpu.o(i.mpu_configure_fifo) refers to inv_mpu.o(i.set_int_enable) for set_int_enable
[...]
    _printf_fp_dec                           0x00000000   Number         0  stubs.o ABSOLUTE
    _printf_fp_hex                           0x00000000   Number         0  stubs.o ABSOLUTE
    _printf_g                                0x00000000   Number         0  stubs.o ABSOLUTE
    _printf_i                                0x00000000   Number         0  stubs.o ABSOLUTE
    _printf_int_dec                          0x00000000   Number         0  stubs.o ABSOLUTE
    _printf_l                                0x00000000   Number         0  stubs.o ABSOLUTE
    _printf_lc                               0x00000000   Number         0  stubs.o ABSOLUTE
    _printf_ll                               0x00000000   Number         0  stubs.o ABSOLUTE
    _printf_lld                              0x00000000   Number         0  stubs.o ABSOLUTE
    _printf_lli                              0x00000000   Number         0  stubs.o ABSOLUTE
    _printf_llo                              0x00000000   Number         0  stubs.o ABSOLUTE
    _printf_llu                              0x00000000   Number         0  stubs.o ABSOLUTE
    _printf_llx                              0x00000000   Number         0  stubs.o ABSOLUTE
    _printf_longlong_dec                     0x00000000   Number         0  stubs.o ABSOLUTE
    _printf_longlong_hex                     0x00000000   Number         0  stubs.o ABSOLUTE
    _printf_longlong_oct                     0x00000000   Number         0  stubs.o ABSOLUTE
    _printf_ls                               0x00000000   Number         0  stubs.o ABSOLUTE
    _printf_mbtowc                           0x00000000   Number         0  stubs.o ABSOLUTE
    _printf_n                                0x00000000   Number         0  stubs.o ABSOLUTE
    _printf_o                                0x00000000   Number         0  stubs.o ABSOLUTE
    _printf_p                                0x00000000   Number         0  stubs.o ABSOLUTE
    _printf_percent                          0x00000000   Number         0  stubs.o ABSOLUTE
    _printf_pre_padding                      0x00000000   Number         0  stubs.o ABSOLUTE
    _printf_return_value                     0x00000000   Number         0  stubs.o ABSOLUTE
    _printf_s                                0x00000000   Number         0  stubs.o ABSOLUTE
    _printf_sizespec                         0x00000000   Number         0  stubs.o ABSOLUTE
    _printf_str                              0x00000000   Number         0  stubs.o ABSOLUTE
    _printf_truncate_signed                  0x00000000   Number         0  stubs.o ABSOLUTE
    _printf_truncate_unsigned                0x00000000   Number         0  stubs.o ABSOLUTE
    _printf_u                                0x00000000   Number         0  stubs.o ABSOLUTE
    _printf_wc                               0x00000000   Number         0  stubs.o ABSOLUTE
    _printf_wctomb                           0x00000000   Number         0  stubs.o ABSOLUTE
    _printf_widthprec                        0x00000000   Number         0  stubs.o ABSOLUTE
    _printf_x                                0x00000000   Number         0  stubs.o ABSOLUTE
    __ARM::default_unexpected_handler()       - Undefined Weak Reference
    __ARM_exceptions_buffer_required          - Undefined Weak Reference
    __cxa_finalize                            - Undefined Weak Reference
    _clock_init                               - Undefined Weak Reference
    _microlib_exit                            - Undefined Weak Reference
    __Vectors_Size                           0x00000188   Number         0  startup_stm32f407xx.o ABSOLUTE
    __Vectors                                0x08000000   Data           4  startup_stm32f407xx.o(RESET)
    __Vectors_End                            0x08000188   Data           0  startup_stm32f407xx.o(RESET)
    __main                                   0x08000189   Thumb Code     0  entry.o(.ARM.Collect$$$$00000000)
    _main_stk                                0x08000189   Thumb Code     0  entry2.o(.ARM.Collect$$$$00000001)
    _main_scatterload                        0x0800018d   Thumb Code     0  entry5.o(.ARM.Collect$$$$00000004)
    __main_after_scatterload                 0x08000191   Thumb Code     0  entry5.o(.ARM.Collect$$$$00000004)
    _main_clock                              0x08000191   Thumb Code     0  entry7b.o(.ARM.Collect$$$$00000008)
    _main_cpp_init$empty                     0x08000191   Thumb Code     0  entry8a.o(.ARM.Collect$$$$00000009)
    _main_cpp_init                           0x08000195   Thumb Code     0  entry8b.o(.ARM.Collect$$$$0000000A)
    _main_init                               0x08000195   Thumb Code     0  entry9a.o(.ARM.Collect$$$$0000000B)
    __rt_final_cpp                           0x0800019d   Thumb Code     0  entry10a.o(.ARM.Collect$$$$0000000D)
    __rt_final_exit                          0x0800019d   Thumb Code     0  entry11a.o(.ARM.Collect$$$$0000000F)
    SVC_Handler                              0x080001a1   Thumb Code    28  port.o(.emb_text)
    __asm___6_port_c_39a90d8d__prvStartFirstTask 0x080001c1   Thumb Code    28  port.o(.emb_text)
    __asm___6_port_c_39a90d8d__prvEnableVFP  0x080001e1   Thumb Code    16  port.o(.emb_text)
    PendSV_Handler                           0x080001f5   Thumb Code    92  port.o(.emb_text)
    vPortGetIPSR                             0x08000255   Thumb Code     6  port.o(.emb_text)
    Reset_Handler                            0x0800025d   Thumb Code     8  startup_stm32f407xx.o(.text)
    ADC_IRQHandler                           0x08000277   Thumb Code     0  startup_stm32f407xx.o(.text)
    CAN1_RX1_IRQHandler                      0x08000277   Thumb Code     0  startup_stm32f407xx.o(.text)
    CAN1_SCE_IRQHandler                      0x08000277   Thumb Code     0  startup_stm32f407xx.o(.text)
    CAN2_RX0_IRQHandler                      0x08000277   Thumb Code     0  startup_stm32f407xx.o(.text)
    CAN2_RX1_IRQHandler                      0x08000277   Thumb Code     0  startup_stm32f407xx.o(.text)
    CAN2_SCE_IRQHandler                      0x08000277   Thumb Code     0  startup_stm32f407xx.o(.text)
    CAN2_TX_IRQHandler                       0x08000277   Thumb Code     0  startup_stm32f407xx.o(.text)
    DCMI_IRQHandler                          0x08000277   Thumb Code     0  startup_stm32f407xx.o(.text)
    DMA1_Stream0_IRQHandler                  0x08000277   Thumb Code     0  startup_stm32f407xx.o(.text)
    DMA1_Stream1_IRQHandler                  0x08000277   Thumb Code     0  startup_stm32f407xx.o(.text)
    DMA1_Stream2_IRQHandler                  0x08000277   Thumb Code     0  startup_stm32f407xx.o(.text)
    DMA1_Stream3_IRQHandler                  0x08000277   Thumb Code     0  startup_stm32f407xx.o(.text)
    DMA1_Stream4_IRQHandler                  0x08000277   Thumb Code     0  startup_stm32f407xx.o(.text)
    DMA1_Stream6_IRQHandler                  0x08000277   Thumb Code     0  startup_stm32f407xx.o(.text)
    DMA1_Stream7_IRQHandler                  0x08000277   Thumb Code     0  startup_stm32f407xx.o(.text)
    DMA2_Stream0_IRQHandler                  0x08000277   Thumb Code     0  startup_stm32f407xx.o(.text)
    DMA2_Stream1_IRQHandler                  0x08000277   Thumb Code     0  startup_stm32f407xx.o(.text)
    DMA2_Stream3_IRQHandler                  0x08000277   Thumb Code     0  startup_stm32f407xx.o(.text)
    DMA2_Stream4_IRQHandler                  0x08000277   Thumb Code     0  startup_stm32f407xx.o(.text)
    DMA2_Stream5_IRQHandler                  0x08000277   Thumb Code     0  startup_stm32f407xx.o(.text)
    DMA2_Stream6_IRQHandler                  0x08000277   Thumb Code     0  startup_stm32f407xx.o(.text)
    ETH_IRQHandler                           0x08000277   Thumb Code     0  startup_stm32f407xx.o(.text)
    ETH_WKUP_IRQHandler                      0x08000277   Thumb Code     0  startup_stm32f407xx.o(.text)
    EXTI0_IRQHandler                         0x08000277   Thumb Code     0  startup_stm32f407xx.o(.text)
    EXTI15_10_IRQHandler                     0x08000277   Thumb Code     0  startup_stm32f407xx.o(.text)
    EXTI1_IRQHandler                         0x08000277   Thumb Code     0  startup_stm32f407xx.o(.text)
    EXTI2_IRQHandler                         0x08000277   Thumb Code     0  startup_stm32f407xx.o(.text)
    EXTI3_IRQHandler                         0x08000277   Thumb Code     0  startup_stm32f407xx.o(.text)
    EXTI4_IRQHandler                         0x08000277   Thumb Code     0  startup_stm32f407xx.o(.text)
    EXTI9_5_IRQHandler                       0x08000277   Thumb Code     0  startup_stm32f407xx.o(.text)
    FLASH_IRQHandler                         0x08000277   Thumb Code     0  startup_stm32f407xx.o(.text)
    FMC_IRQHandler                           0x08000277   Thumb Code     0  startup_stm32f407xx.o(.text)
    FPU_IRQHandler                           0x08000277   Thumb Code     0  startup_stm32f407xx.o(.text)
    HASH_RNG_IRQHandler                      0x08000277   Thumb Code     0  startup_stm32f407xx.o(.text)
    I2C1_ER_IRQHandler                       0x08000277   Thumb Code     0  startup_stm32f407xx.o(.text)
    I2C1_EV_IRQHandler                       0x08000277   Thumb Code     0  startup_stm32f407xx.o(.text)
    I2C2_ER_IRQHandler                       0x08000277   Thumb Code     0  startup_stm32f407xx.o(.text)
    I2C2_EV_IRQHandler                       0x08000277   Thumb Code     0  startup_stm32f407xx.o(.text)
    I2C3_ER_IRQHandler                       0x08000277   Thumb Code     0  startup_stm32f407xx.o(.text)
    I2C3_EV_IRQHandler                       0x08000277   Thumb Code     0  startup_stm32f407xx.o(.text)
    OTG_FS_IRQHandler                        0x08000277   Thumb Code     0  startup_stm32f407xx.o(.text)
    OTG_FS_WKUP_IRQHandler                   0x08000277   Thumb Code     0  startup_stm32f407xx.o(.text)
    OTG_HS_EP1_IN_IRQHandler                 0x08000277   Thumb Code     0  startup_stm32f407xx.o(.text)
    OTG_HS_EP1_OUT_IRQHandler                0x08000277   Thumb Code     0  startup_stm32f407xx.o(.text)
    OTG_HS_IRQHandler                        0x08000277   Thumb Code     0  startup_stm32f407xx.o(.text)
    OTG_HS_WKUP_IRQHandler                   0x08000277   Thumb Code     0  startup_stm32f407xx.o(.text)
    PVD_IRQHandler                           0x08000277   Thumb Code     0  startup_stm32f407xx.o(.text)
    RCC_IRQHandler                           0x08000277   Thumb Code     0  startup_stm32f407xx.o(.text)
    RTC_Alarm_IRQHandler                     0x08000277   Thumb Code     0  startup_stm32f407xx.o(.text)
    RTC_WKUP_IRQHandler                      0x08000277   Thumb Code     0  startup_stm32f407xx.o(.text)
    SDIO_IRQHandler                          0x08000277   Thumb Code     0  startup_stm32f407xx.o(.text)
    SPI1_IRQHandler                          0x08000277   Thumb Code     0  startup_stm32f407xx.o(.text)
    SPI2_IRQHandler                          0x08000277   Thumb Code     0  startup_stm32f407xx.o(.text)
    SPI3_IRQHandler                          0x08000277   Thumb Code     0  startup_stm32f407xx.o(.text)
    TAMP_STAMP_IRQHandler                    0x08000277   Thumb Code     0  startup_stm32f407xx.o(.text)
    TIM1_BRK_TIM9_IRQHandler                 0x08000277   Thumb Code     0  startup_stm32f407xx.o(.text)
    TIM1_CC_IRQHandler                       0x08000277   Thumb Code     0  startup_stm32f407xx.o(.text)
    TIM1_TRG_COM_TIM11_IRQHandler            0x08000277   Thumb Code     0  startup_stm32f407xx.o(.text)
    TIM1_UP_TIM10_IRQHandler                 0x08000277   Thumb Code     0  startup_stm32f407xx.o(.text)
    TIM2_IRQHandler                          0x08000277   Thumb Code     0  startup_stm32f407xx.o(.text)
    TIM7_IRQHandler                          0x08000277   Thumb Code     0  startup_stm32f407xx.o(.text)
    TIM8_BRK_TIM12_IRQHandler                0x08000277   Thumb Code     0  startup_stm32f407xx.o(.text)
    TIM8_CC_IRQHandler                       0x08000277   Thumb Code     0  startup_stm32f407xx.o(.text)
    TIM8_TRG_COM_TIM14_IRQHandler            0x08000277   Thumb Code     0  startup_stm32f407xx.o(.text)
    TIM8_UP_TIM13_IRQHandler                 0x08000277   Thumb Code     0  startup_stm32f407xx.o(.text)
    UART4_IRQHandler                         0x08000277   Thumb Code     0  startup_stm32f407xx.o(.text)
    UART5_IRQHandler                         0x08000277   Thumb Code     0  startup_stm32f407xx.o(.text)
    USART6_IRQHandler                        0x08000277   Thumb Code     0  startup_stm32f407xx.o(.text)
    WWDG_IRQHandler                          0x08000277   Thumb Code     0  startup_stm32f407xx.o(.text)
    __aeabi_uldivmod                         0x08000281   Thumb Code    98  uldiv.o(.text)
    rand                                     0x080002e5   Thumb Code    20  rand.o(.text)
    srand                                    0x080002f9   Thumb Code     6  rand.o(.text)
    __aeabi_memcpy                           0x08000309   Thumb Code    36  memcpya.o(.text)
    __aeabi_memcpy4                          0x08000309   Thumb Code     0  memcpya.o(.text)
    __aeabi_memcpy8                          0x08000309   Thumb Code     0  memcpya.o(.text)
    __aeabi_memset                           0x0800032d   Thumb Code    14  memseta.o(.text)
    __aeabi_memset4                          0x0800032d   Thumb Code     0  memseta.o(.text)
    __aeabi_memset8                          0x0800032d   Thumb Code     0  memseta.o(.text)
    __aeabi_memclr                           0x0800033b   Thumb Code     4  memseta.o(.text)
    __aeabi_memclr4                          0x0800033b   Thumb Code     0  memseta.o(.text)
    __aeabi_memclr8                          0x0800033b   Thumb Code     0  memseta.o(.text)
    _memset$wrapper                          0x0800033f   Thumb Code    18  memseta.o(.text)
    __cpp_initialize__aeabi_                 0x08000351   Thumb Code    22  cpp_init.o(.text)
    __aeabi_dmul                             0x08000371   Thumb Code   228  dmul.o(.text)
    __aeabi_d2iz                             0x08000455   Thumb Code    62  dfixi.o(.text)
    __aeabi_f2d                              0x08000493   Thumb Code    38  f2d.o(.text)
    __aeabi_llsl                             0x080004b9   Thumb Code    30  llshl.o(.text)
    _ll_shift_l                              0x080004b9   Thumb Code     0  llshl.o(.text)
    __aeabi_llsr                             0x080004d7   Thumb Code    32  llushr.o(.text)
    _ll_ushift_r                             0x080004d7   Thumb Code     0  llushr.o(.text)
    __I$use$fp                               0x080004f7   Thumb Code     0  iusefp.o(.text)
    _double_round                            0x080004f7   Thumb Code    30  depilogue.o(.text)
    _double_epilogue                         0x08000515   Thumb Code   156  depilogue.o(.text)
    __scatterload                            0x080005b1   Thumb Code    28  init.o(.text)
    __scatterload_rt2                        0x080005b1   Thumb Code     0  init.o(.text)
    __decompress                             0x080005d5   Thumb Code     0  __dczerorl2.o(.text)
    __decompress1                            0x080005d5   Thumb Code    86  __dczerorl2.o(.text)
    BusFault_Handler                         0x0800062b   Thumb Code     2  stm32f4xx_it.o(i.BusFault_Handler)
    CAN1_RX0_IRQHandler                      0x0800062d   Thumb Code     6  stm32f4xx_it.o(i.CAN1_RX0_IRQHandler)
    CAN1_TX_IRQHandler                       0x08000639   Thumb Code     6  stm32f4xx_it.o(i.CAN1_TX_IRQHandler)
    CHOICE_MODE                              0x0800076d   Thumb Code   110  keymouse_task.o(i.CHOICE_MODE)
    Callback_RC_Handle                       0x080007e5   Thumb Code   124  remote_task.o(i.Callback_RC_Handle)
    CanTimerSendCallback                     0x08000865   Thumb Code     4  freertos.o(i.CanTimerSendCallback)
    CharToShort                              0x08000869   Thumb Code     6  ioi2c.o(i.CharToShort)
    Correct_Angle_Feedback                   0x08000871   Thumb Code    42  control_task.o(i.Correct_Angle_Feedback)
    DMA1_Stream5_IRQHandler                  0x080008a5   Thumb Code     6  stm32f4xx_it.o(i.DMA1_Stream5_IRQHandler)
    DMA2_Stream2_IRQHandler                  0x080008b1   Thumb Code     6  stm32f4xx_it.o(i.DMA2_Stream2_IRQHandler)
    DMA2_Stream7_IRQHandler                  0x080008bd   Thumb Code     6  stm32f4xx_it.o(i.DMA2_Stream7_IRQHandler)
    DebugMon_Handler                         0x0800096d   Thumb Code     2  stm32f4xx_it.o(i.DebugMon_Handler)
    Delay                                    0x0800096f   Thumb Code    12  ioi2c.o(i.Delay)
    Error_Handler                            0x0800097b   Thumb Code     2  main.o(i.Error_Handler)
    Float_to_Byte                            0x0800097d   Thumb Code    20  print_task.o(i.Float_to_Byte)
    Follow_Speed_Calc                        0x08000991   Thumb Code    24  chassis_task.o(i.Follow_Speed_Calc)
    GIMBAL_CAN_SEND                          0x080009ad   Thumb Code    54  gimbal_task.o(i.GIMBAL_CAN_SEND)
    GetEncoderBias                           0x080009f1   Thumb Code    54  can_task.o(i.GetEncoderBias)
    Get_2006_Encoder                         0x08000a31   Thumb Code   168  can_task.o(i.Get_2006_Encoder)
    Get_3508_Encoder                         0x08000ae1   Thumb Code    66  can_task.o(i.Get_3508_Encoder)
    Get_6020_Encoder                         0x08000b25   Thumb Code   152  can_task.o(i.Get_6020_Encoder)
    Get_IMU_Data                             0x08000bc5   Thumb Code   138  imu_task.o(i.Get_IMU_Data)
    Go_Forward_Data                          0x08000c69   Thumb Code   262  keymouse_task.o(i.Go_Forward_Data)
    HAL_CAN_ConfigFilter                     0x08000d91   Thumb Code   352  stm32f4xx_hal_can.o(i.HAL_CAN_ConfigFilter)
    HAL_CAN_ErrorCallback                    0x08000f2d   Thumb Code    14  can.o(i.HAL_CAN_ErrorCallback)
    HAL_CAN_IRQHandler                       0x08000f41   Thumb Code   548  stm32f4xx_hal_can.o(i.HAL_CAN_IRQHandler)
    HAL_CAN_Init                             0x08001175   Thumb Code   556  stm32f4xx_hal_can.o(i.HAL_CAN_Init)
    HAL_CAN_MspInit                          0x080013e1   Thumb Code   126  can.o(i.HAL_CAN_MspInit)
    HAL_CAN_Receive_IT                       0x0800146d   Thumb Code   192  stm32f4xx_hal_can.o(i.HAL_CAN_Receive_IT)
    HAL_CAN_RxCpltCallback                   0x08001565   Thumb Code   158  can_task.o(i.HAL_CAN_RxCpltCallback)
    HAL_CAN_Transmit                         0x08001611   Thumb Code   528  stm32f4xx_hal_can.o(i.HAL_CAN_Transmit)
    HAL_CAN_TxCpltCallback                   0x08001865   Thumb Code     2  stm32f4xx_hal_can.o(i.HAL_CAN_TxCpltCallback)
    HAL_DMA_Abort_IT                         0x08001867   Thumb Code    36  stm32f4xx_hal_dma.o(i.HAL_DMA_Abort_IT)
    HAL_DMA_IRQHandler                       0x0800188d   Thumb Code   412  stm32f4xx_hal_dma.o(i.HAL_DMA_IRQHandler)
    HAL_DMA_Init                             0x08001a2d   Thumb Code   666  stm32f4xx_hal_dma.o(i.HAL_DMA_Init)
    HAL_DMA_Start                            0x08001d0d   Thumb Code   106  stm32f4xx_hal_dma.o(i.HAL_DMA_Start)
    HAL_DMA_Start_IT                         0x08001db1   Thumb Code   152  stm32f4xx_hal_dma.o(i.HAL_DMA_Start_IT)
    HAL_Delay                                0x08001e81   Thumb Code    28  stm32f4xx_hal.o(i.HAL_Delay)
    HAL_GPIO_Init                            0x08001e9d   Thumb Code   646  stm32f4xx_hal_gpio.o(i.HAL_GPIO_Init)
    HAL_GPIO_WritePin                        0x080021a9   Thumb Code    46  stm32f4xx_hal_gpio.o(i.HAL_GPIO_WritePin)
    HAL_GetTick                              0x08002215   Thumb Code     6  stm32f4xx_hal.o(i.HAL_GetTick)
    HAL_I2C_Init                             0x08002221   Thumb Code   438  stm32f4xx_hal_i2c.o(i.HAL_I2C_Init)
    HAL_I2C_MspInit                          0x08002429   Thumb Code    92  i2c.o(i.HAL_I2C_MspInit)
    HAL_IncTick                              0x08002491   Thumb Code    10  stm32f4xx_hal.o(i.HAL_IncTick)
    HAL_Init                                 0x080024a1   Thumb Code    48  stm32f4xx_hal.o(i.HAL_Init)
    HAL_InitTick                             0x080024d5   Thumb Code   100  stm32f4xx_hal_timebase_tim.o(i.HAL_InitTick)
    HAL_MspInit                              0x08002549   Thumb Code    52  stm32f4xx_hal_msp.o(i.HAL_MspInit)
    HAL_NVIC_EnableIRQ                       0x08002581   Thumb Code    36  stm32f4xx_hal_cortex.o(i.HAL_NVIC_EnableIRQ)
    HAL_NVIC_SetPriority                     0x080025e1   Thumb Code    94  stm32f4xx_hal_cortex.o(i.HAL_NVIC_SetPriority)
    HAL_NVIC_SetPriorityGrouping             0x08002681   Thumb Code    58  stm32f4xx_hal_cortex.o(i.HAL_NVIC_SetPriorityGrouping)
    HAL_RCC_ClockConfig                      0x08002701   Thumb Code   510  stm32f4xx_hal_rcc.o(i.HAL_RCC_ClockConfig)
    HAL_RCC_GetClockConfig                   0x08002949   Thumb Code    54  stm32f4xx_hal_rcc.o(i.HAL_RCC_GetClockConfig)
    HAL_RCC_GetPCLK1Freq                     0x08002989   Thumb Code    20  stm32f4xx_hal_rcc.o(i.HAL_RCC_GetPCLK1Freq)
    HAL_RCC_GetPCLK2Freq                     0x080029a9   Thumb Code    20  stm32f4xx_hal_rcc.o(i.HAL_RCC_GetPCLK2Freq)
    HAL_RCC_GetSysClockFreq                  0x080029c9   Thumb Code    88  stm32f4xx_hal_rcc.o(i.HAL_RCC_GetSysClockFreq)
    HAL_RCC_OscConfig                        0x08002a29   Thumb Code   980  stm32f4xx_hal_rcc.o(i.HAL_RCC_OscConfig)
    HAL_TIMEx_BreakCallback                  0x08002e49   Thumb Code     2  stm32f4xx_hal_tim_ex.o(i.HAL_TIMEx_BreakCallback)
    HAL_TIMEx_CommutationCallback            0x08002e4b   Thumb Code     2  stm32f4xx_hal_tim_ex.o(i.HAL_TIMEx_CommutationCallback)
    HAL_TIMEx_MasterConfigSynchronization    0x08002e4d   Thumb Code   202  stm32f4xx_hal_tim_ex.o(i.HAL_TIMEx_MasterConfigSynchronization)
    HAL_TIM_Base_Init                        0x08002f71   Thumb Code   200  stm32f4xx_hal_tim.o(i.HAL_TIM_Base_Init)
    HAL_TIM_Base_MspInit                     0x080030a5   Thumb Code   122  tim.o(i.HAL_TIM_Base_MspInit)
    HAL_TIM_Base_Start_IT                    0x08003131   Thumb Code   124  stm32f4xx_hal_tim.o(i.HAL_TIM_Base_Start_IT)
    HAL_TIM_ConfigClockSource                0x08003219   Thumb Code  1234  stm32f4xx_hal_tim.o(i.HAL_TIM_ConfigClockSource)
    HAL_TIM_IC_CaptureCallback               0x080036eb   Thumb Code     2  stm32f4xx_hal_tim.o(i.HAL_TIM_IC_CaptureCallback)
    HAL_TIM_IRQHandler                       0x080036ed   Thumb Code   358  stm32f4xx_hal_tim.o(i.HAL_TIM_IRQHandler)
    HAL_TIM_MspPostInit                      0x08003855   Thumb Code    72  tim.o(i.HAL_TIM_MspPostInit)
    HAL_TIM_OC_DelayElapsedCallback          0x080038a9   Thumb Code     2  stm32f4xx_hal_tim.o(i.HAL_TIM_OC_DelayElapsedCallback)
    HAL_TIM_PWM_ConfigChannel                0x080038ad   Thumb Code   536  stm32f4xx_hal_tim.o(i.HAL_TIM_PWM_ConfigChannel)
    HAL_TIM_PWM_Init                         0x08003b29   Thumb Code   206  stm32f4xx_hal_tim.o(i.HAL_TIM_PWM_Init)
    HAL_TIM_PWM_MspInit                      0x08003c65   Thumb Code     2  stm32f4xx_hal_tim.o(i.HAL_TIM_PWM_MspInit)
    HAL_TIM_PWM_PulseFinishedCallback        0x08003c67   Thumb Code     2  stm32f4xx_hal_tim.o(i.HAL_TIM_PWM_PulseFinishedCallback)
    HAL_TIM_PWM_Start                        0x08003c69   Thumb Code   252  stm32f4xx_hal_tim.o(i.HAL_TIM_PWM_Start)
    HAL_TIM_PeriodElapsedCallback            0x08003dc9   Thumb Code    34  main.o(i.HAL_TIM_PeriodElapsedCallback)
    HAL_TIM_TriggerCallback                  0x08003df5   Thumb Code     2  stm32f4xx_hal_tim.o(i.HAL_TIM_TriggerCallback)
    HAL_UART_ErrorCallback                   0x08003df7   Thumb Code     2  stm32f4xx_hal_uart.o(i.HAL_UART_ErrorCallback)
    HAL_UART_IDLE_IRQHandler                 0x08003df9   Thumb Code   210  usart.o(i.HAL_UART_IDLE_IRQHandler)
    HAL_UART_IRQHandler                      0x08003ed9   Thumb Code   266  stm32f4xx_hal_uart.o(i.HAL_UART_IRQHandler)
    HAL_UART_Init                            0x08003fe9   Thumb Code   244  stm32f4xx_hal_uart.o(i.HAL_UART_Init)
    HAL_UART_MspInit                         0x08004131   Thumb Code   412  usart.o(i.HAL_UART_MspInit)
    HAL_UART_Receive_DMA                     0x080042f1   Thumb Code   138  stm32f4xx_hal_uart.o(i.HAL_UART_Receive_DMA)
    HAL_UART_Receive_IT_IDLE                 0x08004389   Thumb Code    18  usart.o(i.HAL_UART_Receive_IT_IDLE)
    HAL_UART_RxCpltCallback                  0x0800439d   Thumb Code     6  mains.o(i.HAL_UART_RxCpltCallback)
    HAL_UART_RxHalfCpltCallback              0x080043a9   Thumb Code     2  stm32f4xx_hal_uart.o(i.HAL_UART_RxHalfCpltCallback)
    HAL_UART_Transmit                        0x080043ab   Thumb Code   186  stm32f4xx_hal_uart.o(i.HAL_UART_Transmit)
    HAL_UART_Transmit_DMA                    0x08004465   Thumb Code   114  stm32f4xx_hal_uart.o(i.HAL_UART_Transmit_DMA)
    HAL_UART_TxCpltCallback                  0x080044e5   Thumb Code     6  mains.o(i.HAL_UART_TxCpltCallback)
    HAL_UART_TxHalfCpltCallback              0x080044f1   Thumb Code     2  stm32f4xx_hal_uart.o(i.HAL_UART_TxHalfCpltCallback)
    HardFault_Handler                        0x080044f3   Thumb Code     2  stm32f4xx_it.o(i.HardFault_Handler)
    IIC_Ack                                  0x080044f5   Thumb Code    56  ioi2c.o(i.IIC_Ack)
    IIC_NAck                                 0x08004535   Thumb Code    56  ioi2c.o(i.IIC_NAck)
    IIC_Read_Byte                            0x08004575   Thumb Code    86  ioi2c.o(i.IIC_Read_Byte)
    IIC_Send_Byte                            0x080045d5   Thumb Code    80  ioi2c.o(i.IIC_Send_Byte)
    IIC_Start                                0x0800462d   Thumb Code    56  ioi2c.o(i.IIC_Start)
    IIC_Stop                                 0x0800466d   Thumb Code    58  ioi2c.o(i.IIC_Stop)
    IIC_Wait_Ack                             0x080046b1   Thumb Code    78  ioi2c.o(i.IIC_Wait_Ack)
    IICreadBytes                             0x08004709   Thumb Code    98  ioi2c.o(i.IICreadBytes)
    Left_Right_Data                          0x0800476d   Thumb Code   262  keymouse_task.o(i.Left_Right_Data)
    MX_CAN1_Init                             0x08004895   Thumb Code    62  can.o(i.MX_CAN1_Init)
    MX_DMA_Init                              0x080048dd   Thumb Code    88  dma.o(i.MX_DMA_Init)
    MX_FREERTOS_Init                         0x08004939   Thumb Code   116  freertos.o(i.MX_FREERTOS_Init)
    MX_GPIO_Init                             0x080049b5   Thumb Code   338  gpio.o(i.MX_GPIO_Init)
    MX_I2C1_Init                             0x08004b29   Thumb Code    50  i2c.o(i.MX_I2C1_Init)
    MX_TIM3_Init                             0x08004b69   Thumb Code    92  tim.o(i.MX_TIM3_Init)
    MX_TIM4_Init                             0x08004bcd   Thumb Code   142  tim.o(i.MX_TIM4_Init)
    MX_TIM5_Init                             0x08004c65   Thumb Code    92  tim.o(i.MX_TIM5_Init)
    MX_USART1_UART_Init                      0x08004cc9   Thumb Code    48  usart.o(i.MX_USART1_UART_Init)
    MX_USART2_UART_Init                      0x08004d01   Thumb Code    50  usart.o(i.MX_USART2_UART_Init)
    MX_USART3_UART_Init                      0x08004d41   Thumb Code    48  usart.o(i.MX_USART3_UART_Init)
    MemManage_Handler                        0x08004d79   Thumb Code     2  stm32f4xx_it.o(i.MemManage_Handler)
    NMI_Handler                              0x08004d7b   Thumb Code     2  stm32f4xx_it.o(i.NMI_Handler)
    PID_Calc                                 0x08004d9d   Thumb Code   196  pid.o(i.PID_Calc)
    PID_Init                                 0x08004e65   Thumb Code    82  pid.o(i.PID_Init)
    Pitch_Rotate_Data                        0x08004ebd   Thumb Code    44  keymouse_task.o(i.Pitch_Rotate_Data)
    RC_Ctl_t_Init                            0x08004eed   Thumb Code    34  remote_task.o(i.RC_Ctl_t_Init)
    Set_CM_Speed                             0x08004f15   Thumb Code    76  can_task.o(i.Set_CM_Speed)
    Set_Gimbal_Current                       0x08004f61   Thumb Code    64  can_task.o(i.Set_Gimbal_Current)
    StartControlTask                         0x08004fa1   Thumb Code    12  freertos.o(i.StartControlTask)
    StartIMUTask                             0x08004fad   Thumb Code    28  freertos.o(i.StartIMUTask)
    StartInitTask                            0x08004fc9   Thumb Code    40  freertos.o(i.StartInitTask)
    StartShootTask                           0x08004ff9   Thumb Code    16  freertos.o(i.StartShootTask)
    SysTick_Handler                          0x08005009   Thumb Code    38  port.o(i.SysTick_Handler)
    SystemClock_Config                       0x08005035   Thumb Code   122  main.o(i.SystemClock_Config)
    SystemInit                               0x080050b9   Thumb Code    66  system_stm32f4xx.o(i.SystemInit)
    TIM3_IRQHandler                          0x0800510d   Thumb Code     6  stm32f4xx_it.o(i.TIM3_IRQHandler)
    TIM4_IRQHandler                          0x08005119   Thumb Code     6  stm32f4xx_it.o(i.TIM4_IRQHandler)
    TIM5_IRQHandler                          0x08005125   Thumb Code     6  stm32f4xx_it.o(i.TIM5_IRQHandler)
    TIM6_DAC_IRQHandler                      0x08005131   Thumb Code     6  stm32f4xx_it.o(i.TIM6_DAC_IRQHandler)
    TIM_Base_SetConfig                       0x0800513d   Thumb Code   148  stm32f4xx_hal_tim.o(i.TIM_Base_SetConfig)
    TIM_CCxChannelCmd                        0x080051fd   Thumb Code   138  stm32f4xx_hal_tim.o(i.TIM_CCxChannelCmd)
    TIM_OC2_SetConfig                        0x08005369   Thumb Code   118  stm32f4xx_hal_tim.o(i.TIM_OC2_SetConfig)
    Twist_Speed_Calc                         0x080055ed   Thumb Code    24  chassis_task.o(i.Twist_Speed_Calc)
    UART_Receive_DMA_NoIT                    0x0800570f   Thumb Code   120  usart.o(i.UART_Receive_DMA_NoIT)
    USART1_IRQHandler                        0x08005c21   Thumb Code     6  stm32f4xx_it.o(i.USART1_IRQHandler)
    USART2_IRQHandler                        0x08005c2d   Thumb Code     6  stm32f4xx_it.o(i.USART2_IRQHandler)
    USART3_IRQHandler                        0x08005c39   Thumb Code     6  stm32f4xx_it.o(i.USART3_IRQHandler)
    UsageFault_Handler                       0x08005c45   Thumb Code     2  stm32f4xx_it.o(i.UsageFault_Handler)
    Yaw_Rotate_Data                          0x08005c49   Thumb Code    44  keymouse_task.o(i.Yaw_Rotate_Data)
    gimbal_callback(const skyguard_msgs::gimbal&) 0x08005c79   Thumb Code    42  mains.o(i._Z15gimbal_callbackRKN13skyguard_msgs6gimbalE)
    STM32Hardware::reset_rbuf()              0x08005ca9   Thumb Code    16  mains.o(i._ZN13STM32Hardware10reset_rbufEv)
    STM32Hardware::flush()                   0x08005cb9   Thumb Code    86  mains.o(i._ZN13STM32Hardware5flushEv)
    skyguard_msgs::gimbal::gimbal()          0x08005d15   Thumb Code    14  mains.o(i._ZN13skyguard_msgs6gimbalC1Ev)
    skyguard_msgs::gimbal::gimbal__sub_object() 0x08005d15   Thumb Code     0  mains.o(i._ZN13skyguard_msgs6gimbalC1Ev)
    __scatterload_copy                       0x08005d29   Thumb Code    14  handlers.o(i.__scatterload_copy)
    __scatterload_null                       0x08005d37   Thumb Code     2  handlers.o(i.__scatterload_null)
    __scatterload_zeroinit                   0x08005d39   Thumb Code    14  handlers.o(i.__scatterload_zeroinit)
    assert_failed                            0x08005d91   Thumb Code     2  main.o(i.assert_failed)
    bsp_init                                 0x08005d93   Thumb Code    22  init_task.o(i.bsp_init)
    chassis_behavior                         0x08005da9   Thumb Code   440  control_task.o(i.chassis_behavior)
    chassis_init                             0x08005f81   Thumb Code   198  chassis_task.o(i.chassis_init)
    chassis_pid_calc                         0x08006089   Thumb Code   712  chassis_task.o(i.chassis_pid_calc)
    control_mode_selection                   0x0800636d   Thumb Code    22  keymouse_task.o(i.control_mode_selection)
    firing_tate                              0x08006389   Thumb Code    72  keymouse_task.o(i.firing_tate)
    friction_wheel_mode                      0x080063d5   Thumb Code   284  shoot_task.o(i.friction_wheel_mode)
    gimbal_PC_correct                        0x0800650d   Thumb Code   198  control_task.o(i.gimbal_PC_correct)
    gimbal_cali                              0x080065d9   Thumb Code   414  gimbal_task.o(i.gimbal_cali)
    gimbal_change                            0x0800678d   Thumb Code   606  control_task.o(i.gimbal_change)
    gimbal_init                              0x08006a0d   Thumb Code   374  gimbal_task.o(i.gimbal_init)
    gimbal_pid_calc                          0x08006bbd   Thumb Code   326  gimbal_task.o(i.gimbal_pid_calc)
    gimbal_set                               0x08006d25   Thumb Code   162  control_task.o(i.gimbal_set)
    judge_key_press                          0x08006ded   Thumb Code    16  keymouse_task.o(i.judge_key_press)
    judge_key_unpress                        0x08006e01   Thumb Code    16  keymouse_task.o(i.judge_key_unpress)
    launch                                   0x08006e15   Thumb Code    52  keymouse_task.o(i.launch)
    main                                     0x08006e51   Thumb Code    80  main.o(i.main)
    motor_pwm_setvalue1                      0x08006ebd   Thumb Code    38  tim.o(i.motor_pwm_setvalue1)
    my_can_filter_init_recv_all              0x08006ee9   Thumb Code    58  can_task.o(i.my_can_filter_init_recv_all)
    osKernelStart                            0x08006f2d   Thumb Code    10  cmsis_os.o(i.osKernelStart)
    osThreadCreate                           0x08006f37   Thumb Code    46  cmsis_os.o(i.osThreadCreate)
    osTimerCreate                            0x08006f65   Thumb Code    30  cmsis_os.o(i.osTimerCreate)
    osTimerStart                             0x08006f89   Thumb Code    88  cmsis_os.o(i.osTimerStart)
    pc_aim                                   0x08006fe5   Thumb Code    52  keymouse_task.o(i.pc_aim)
    pluck_angle_add                          0x08007021   Thumb Code    62  shoot_task.o(i.pluck_angle_add)
    pvPortMalloc                             0x0800777d   Thumb Code   210  heap_4.o(i.pvPortMalloc)
    pvTaskIncrementMutexHeldCount            0x08007855   Thumb Code    18  tasks.o(i.pvTaskIncrementMutexHeldCount)
    pxPortInitialiseStack                    0x0800786d   Thumb Code    40  port.o(i.pxPortInitialiseStack)
    ramp_calc                                0x08007899   Thumb Code    50  ramp.o(i.ramp_calc)
    ramp_init                                0x080078d1   Thumb Code     8  ramp.o(i.ramp_init)
    send_data                                0x080078d9   Thumb Code    16  print_task.o(i.send_data)
    shanwai_send_wave_form                   0x080078ed   Thumb Code    48  print_task.o(i.shanwai_send_wave_form)
    shanwai_sprintf                          0x08007921   Thumb Code    70  print_task.o(i.shanwai_sprintf)
    shoot_init                               0x08007985   Thumb Code   116  shoot_task.o(i.shoot_init)
    shoot_mode                               0x08007a01   Thumb Code     4  shoot_task.o(i.shoot_mode)
    uxListRemove                             0x08007a05   Thumb Code    36  list.o(i.uxListRemove)
    vListInitialise                          0x08007a29   Thumb Code    22  list.o(i.vListInitialise)
    vListInitialiseItem                      0x08007a3f   Thumb Code     6  list.o(i.vListInitialiseItem)
    vListInsert                              0x08007a45   Thumb Code    48  list.o(i.vListInsert)
    vListInsertEnd                           0x08007a75   Thumb Code    24  list.o(i.vListInsertEnd)
    vPortEnterCritical                       0x08007a8d   Thumb Code    54  port.o(i.vPortEnterCritical)
    vPortExitCritical                        0x08007acd   Thumb Code    34  port.o(i.vPortExitCritical)
    vPortFree                                0x08007af5   Thumb Code    88  heap_4.o(i.vPortFree)
    vPortSetupTimerInterrupt                 0x08007b51   Thumb Code    26  port.o(i.vPortSetupTimerInterrupt)
    vPortValidateInterruptPriority           0x08007b71   Thumb Code    74  port.o(i.vPortValidateInterruptPriority)
    vQueueAddToRegistry                      0x08007bc5   Thumb Code    34  queue.o(i.vQueueAddToRegistry)
    vQueueWaitForMessageRestricted           0x08007bed   Thumb Code    68  queue.o(i.vQueueWaitForMessageRestricted)
    vTaskDelay                               0x08007c31   Thumb Code    66  tasks.o(i.vTaskDelay)
    vTaskDelayUntil                          0x08007c7d   Thumb Code   132  tasks.o(i.vTaskDelayUntil)
    vTaskDelete                              0x08007d09   Thumb Code   158  tasks.o(i.vTaskDelete)
    vTaskMissedYield                         0x08007db5   Thumb Code     8  tasks.o(i.vTaskMissedYield)
    vTaskPlaceOnEventList                    0x08007dc1   Thumb Code    44  tasks.o(i.vTaskPlaceOnEventList)
    vTaskPlaceOnEventListRestricted          0x08007df1   Thumb Code    52  tasks.o(i.vTaskPlaceOnEventListRestricted)
    vTaskPriorityInherit                     0x08007e29   Thumb Code   124  tasks.o(i.vTaskPriorityInherit)
    vTaskSetTimeOutState                     0x08007ead   Thumb Code    30  tasks.o(i.vTaskSetTimeOutState)
    vTaskStartScheduler                      0x08007ed1   Thumb Code    94  tasks.o(i.vTaskStartScheduler)
    vTaskSuspendAll                          0x08007f41   Thumb Code    10  tasks.o(i.vTaskSuspendAll)
    vTaskSwitchContext                       0x08007f51   Thumb Code    82  tasks.o(i.vTaskSwitchContext)
    xPortStartScheduler                      0x08007fad   Thumb Code   202  port.o(i.xPortStartScheduler)
    xQueueGenericCreate                      0x0800808d   Thumb Code    82  queue.o(i.xQueueGenericCreate)
    xQueueGenericReceive                     0x080080e1   Thumb Code   360  queue.o(i.xQueueGenericReceive)
    xQueueGenericReset                       0x0800824d   Thumb Code   132  queue.o(i.xQueueGenericReset)
    xQueueGenericSend                        0x080082d5   Thumb Code   346  queue.o(i.xQueueGenericSend)
    xQueueGenericSendFromISR                 0x08008435   Thumb Code   188  queue.o(i.xQueueGenericSendFromISR)
    xTaskCheckForTimeOut                     0x080084f1   Thumb Code   102  tasks.o(i.xTaskCheckForTimeOut)
    xTaskCreate                              0x0800855d   Thumb Code    86  tasks.o(i.xTaskCreate)
    xTaskGetSchedulerState                   0x080085b5   Thumb Code    22  tasks.o(i.xTaskGetSchedulerState)
    xTaskGetTickCount                        0x080085d1   Thumb Code     6  tasks.o(i.xTaskGetTickCount)
    xTaskIncrementTick                       0x080085dd   Thumb Code   192  tasks.o(i.xTaskIncrementTick)
    xTaskPriorityDisinherit                  0x080086a5   Thumb Code   144  tasks.o(i.xTaskPriorityDisinherit)
    xTaskRemoveFromEventList                 0x0800873d   Thumb Code   108  tasks.o(i.xTaskRemoveFromEventList)
    xTaskResumeAll                           0x080087b1   Thumb Code   182  tasks.o(i.xTaskResumeAll)
    xTimerCreate                             0x08008875   Thumb Code    78  timers.o(i.xTimerCreate)
    xTimerCreateTimerTask                    0x080088c5   Thumb Code    56  timers.o(i.xTimerCreateTimerTask)
    xTimerGenericCommand                     0x0800890d   Thumb Code    92  timers.o(i.xTimerGenericCommand)
    ros::NodeHandle_<STM32Hardware, (int)25, (int)25, (int)1024, (int)1024>::NodeHandle_() 0x0800896d   Thumb Code   124  mains.o(t._ZN3ros11NodeHandle_I13STM32HardwareLi25ELi25ELi1024ELi1024EEC1Ev)
    ros::NodeHandle_<STM32Hardware, (int)25, (int)25, (int)1024, (int)1024>::NodeHandle___sub_object() 0x0800896d   Thumb Code     0  mains.o(t._ZN3ros11NodeHandle_I13STM32HardwareLi25ELi25ELi1024ELi1024EEC1Ev)
    AHBPrescTable                            0x08008b14   Data          16  system_stm32f4xx.o(.constdata)
    APBPrescTable                            0x08008b24   Data           8  system_stm32f4xx.o(.constdata)
    vtable for skyguard_msgs::gimbal         0x08008b2c   Data          24  mains.o(.constdata__ZTVN13skyguard_msgs6gimbalE)
    vtable for rosserial_msgs::RequestParamResponse 0x08008b44   Data          24  mains.o(.constdata__ZTVN14rosserial_msgs20RequestParamResponseE)
    vtable for ros::Subscriber<skyguard_msgs::gimbal> 0x08008b5c   Data          24  mains.o(.constdata__ZTVN3ros10SubscriberIN13skyguard_msgs6gimbalEEE)
    vtable for ros::NodeHandle_<STM32Hardware, (int)25, (int)25, (int)1024, (int)1024> 0x08008b74   Data          20  mains.o(.constdata__ZTVN3ros11NodeHandle_I13STM32HardwareLi25ELi25ELi1024ELi1024EEE)
    Region$$Table$$Base                      0x08008bb4   Number         0  anon$$obj.o(Region$$Table)
    Region$$Table$$Limit                     0x08008bd4   Number         0  anon$$obj.o(Region$$Table)
    SHT$$INIT_ARRAY$$Base                    0x08008bd4   Number         0  mains.o(.init_array)
    SHT$$INIT_ARRAY$$Limit                   0x08008bd8   Number         0  cpp_init.o(.init_array)
    FlashTimer                               0x20000008   Data           4  can_task.o(.data)
    Gimbal_Cali_Complete                     0x2000000c   Data           1  control_task.o(.data)
    chassis_mode                             0x2000000f   Data           1  control_task.o(.data)
    gimbal_mode                              0x20000010   Data           1  control_task.o(.data)
    Latest_Remote_Control_Pack_Time          0x2000001c   Data           4  remote_task.o(.data)
    LED_Flash_Timer_remote_control           0x20000020   Data           4  remote_task.o(.data)
    launch_frequency                         0x20000024   Data           1  shoot_task.o(.data)
    wheel_value                              0x20000028   Data           4  shoot_task.o(.data)
    Fr_stop_ramp                             0x2000003c   Data          20  shoot_task.o(.data)
    Fr_slow_ramp                             0x20000050   Data          20  shoot_task.o(.data)
    Fr_fast_ramp                             0x20000064   Data          20  shoot_task.o(.data)
    Km_forward_ramp                          0x20000094   Data          20  keymouse_task.o(.data)
    Km_backoff_ramp                          0x200000a8   Data          20  keymouse_task.o(.data)
    Km_leftshift_ramp                        0x200000bc   Data          20  keymouse_task.o(.data)
    Km_rightshift_ramp                       0x200000d0   Data          20  keymouse_task.o(.data)
    InitTaskHandle                           0x200000e8   Data           4  freertos.o(.data)
    ControlTaskHandle                        0x200000ec   Data           4  freertos.o(.data)
    IMUTaskHandle                            0x200000f0   Data           4  freertos.o(.data)
    ShootTaskHandle                          0x200000f4   Data           4  freertos.o(.data)
    CanTimerSendHandle                       0x200000f8   Data           4  freertos.o(.data)
    uwTick                                   0x200000fc   Data           4  stm32f4xx_hal.o(.data)
    SystemCoreClock                          0x20000100   Data           4  system_stm32f4xx.o(.data)
    pxCurrentTCB                             0x20000104   Data           4  tasks.o(.data)
    STM32Hardware::flush()::mutex            0x2000017c   Data           1  mains.o(.data__ZZN13STM32Hardware5flushEvE5mutex)
    M6623_encoder_yaw                        0x20000180   Data          40  can_task.o(.bss)
    M6623_encoder_pitch                      0x200001a8   Data          40  can_task.o(.bss)
    M6020_encoder_yaw                        0x200001d0   Data          40  can_task.o(.bss)
    M6020_encoder_pitch                      0x200001f8   Data          40  can_task.o(.bss)
    encoder_pluck                            0x20000220   Data          40  can_task.o(.bss)
    encoder_chassis                          0x20000248   Data         160  can_task.o(.bss)
    M3508_motor_speed_pid                    0x20000338   Data         336  chassis_task.o(.bss)
    M3508_twisting_pid                       0x20000488   Data         336  chassis_task.o(.bss)
    chassis_twisting_correct_pid             0x200005d8   Data          84  chassis_task.o(.bss)
    chassis_following_correct_pid            0x2000062c   Data          84  chassis_task.o(.bss)
    M6020_pitch_angle                        0x20000680   Data          40  control_task.o(.bss)
    M6020_yaw_angle                          0x200006a8   Data          40  control_task.o(.bss)
    M2006_angle                              0x200006d0   Data          40  control_task.o(.bss)
    chassis_angle                            0x200006f8   Data          40  control_task.o(.bss)
    chassis_speed                            0x20000720   Data          12  control_task.o(.bss)
    can_send                                 0x2000072c   Data          12  gimbal_task.o(.bss)
    M6623_yaw_speed_pid                      0x20000738   Data          84  gimbal_task.o(.bss)
    M6623_pitch_speed_pid                    0x2000078c   Data          84  gimbal_task.o(.bss)
    M6623_yaw_angle_pid                      0x200007e0   Data          84  gimbal_task.o(.bss)
    M6623_pitch_angle_pid                    0x20000834   Data          84  gimbal_task.o(.bss)
    M6020_yaw_speed_pid                      0x20000888   Data          84  gimbal_task.o(.bss)
    M6020_pitch_speed_pid                    0x200008dc   Data          84  gimbal_task.o(.bss)
    M6020_yaw_angle_pid                      0x20000930   Data          84  gimbal_task.o(.bss)
    M6020_pitch_angle_pid                    0x20000984   Data          84  gimbal_task.o(.bss)
    M2006_speed_pid                          0x200009d8   Data          84  gimbal_task.o(.bss)
    M2006_angle_pid                          0x20000a2c   Data          84  gimbal_task.o(.bss)
    IMU_yaw_speed_pid                        0x20000a80   Data          84  gimbal_task.o(.bss)
    IMU_yaw_angle_pid                        0x20000ad4   Data          84  gimbal_task.o(.bss)
    yaw_gimbal_motor                         0x20000b28   Data          12  gimbal_task.o(.bss)
    pitch_gimbal_motor                       0x20000b34   Data          12  gimbal_task.o(.bss)
    pluck_motor                              0x20000b40   Data          12  gimbal_task.o(.bss)
    IMU_data                                 0x20000b4c   Data          24  imu_task.o(.bss)
    IMU                                      0x20000b64   Data          68  imu_task.o(.bss)
    chrTemp                                  0x20000ba8   Data          30  imu_task.o(.bss)
    wave_form_data                           0x20000bc6   Data          24  print_task.o(.bss)
    RC_Ctl                                   0x20000bde   Data          20  remote_task.o(.bss)
    nh                                       0x20000bf4   Data        3388  mains.o(.bss)
    gimbalctr_rec                            0x20001930   Data          16  mains.o(.bss)
    gimbalctr                                0x20001940   Data          36  mains.o(.bss)
    hcan1                                    0x20001964   Data          68  can.o(.bss)
    hi2c1                                    0x200019a8   Data          84  i2c.o(.bss)
    htim3                                    0x200019fc   Data          60  tim.o(.bss)
    htim4                                    0x20001a38   Data          60  tim.o(.bss)
    htim5                                    0x20001a74   Data          60  tim.o(.bss)
    UART_Buffer                              0x20001ab0   Data         100  usart.o(.bss)
    huart1                                   0x20001b14   Data          64  usart.o(.bss)
    huart2                                   0x20001b54   Data          64  usart.o(.bss)
    huart3                                   0x20001b94   Data          64  usart.o(.bss)
    hdma_usart1_rx                           0x20001bd4   Data          96  usart.o(.bss)
    hdma_usart1_tx                           0x20001c34   Data          96  usart.o(.bss)
    hdma_usart2_rx                           0x20001c94   Data          96  usart.o(.bss)
    htim6                                    0x20001cf4   Data          60  stm32f4xx_hal_timebase_tim.o(.bss)
    xQueueRegistry                           0x20001d30   Data          64  queue.o(.bss)
    __initial_sp                             0x20005e88   Data           0  startup_stm32f407xx.o(STACK)



==============================================================================

Memory Map of the image

  Image Entry point : 0x08000189

  Load Region LR_IROM1 (Base: 0x08000000, Size: 0x00008d58, Max: 0x00100000, ABSOLUTE, COMPRESSED[0x00008c04])

    Execution Region ER_IROM1 (Exec base: 0x08000000, Load base: 0x08000000, Size: 0x00008bd8, Max: 0x00100000, ABSOLUTE)

    Exec Addr    Load Addr    Size         Type   Attr      Idx    E Section Name        Object

    0x08000000   0x08000000   0x00000188   Data   RO            3    RESET               startup_stm32f407xx.o
    0x08000188   0x08000188   0x00000000   Code   RO         6953  * .ARM.Collect$$$$00000000  mc_w.l(entry.o)
    0x08000188   0x08000188   0x00000004   Code   RO         7335    .ARM.Collect$$$$00000001  mc_w.l(entry2.o)
    0x0800018c   0x0800018c   0x00000004   Code   RO         7338    .ARM.Collect$$$$00000004  mc_w.l(entry5.o)
    0x08000190   0x08000190   0x00000000   Code   RO         7340    .ARM.Collect$$$$00000008  mc_w.l(entry7b.o)
    0x08000190   0x08000190   0x00000004   Code   RO         7341    .ARM.Collect$$$$00000009  mc_w.l(entry8a.o)
    0x08000194   0x08000194   0x00000000   Code   RO         7342    .ARM.Collect$$$$0000000A  mc_w.l(entry8b.o)
    0x08000194   0x08000194   0x00000008   Code   RO         7343    .ARM.Collect$$$$0000000B  mc_w.l(entry9a.o)
    0x0800019c   0x0800019c   0x00000000   Code   RO         7345    .ARM.Collect$$$$0000000D  mc_w.l(entry10a.o)
    0x0800019c   0x0800019c   0x00000000   Code   RO         7347    .ARM.Collect$$$$0000000F  mc_w.l(entry11a.o)
    0x0800019c   0x0800019c   0x00000004   Code   RO         7336    .ARM.Collect$$$$00002712  mc_w.l(entry2.o)
    0x080001a0   0x080001a0   0x000000ba   Code   RO         6707    .emb_text           port.o
    0x0800025a   0x0800025a   0x00000002   PAD
    0x0800025c   0x0800025c   0x00000024   Code   RO            4    .text               startup_stm32f407xx.o
    0x08000280   0x08000280   0x00000062   Code   RO         6956    .text               mc_w.l(uldiv.o)
    0x080002e2   0x080002e2   0x00000002   PAD
    0x080002e4   0x080002e4   0x00000024   Code   RO         6960    .text               mc_w.l(rand.o)
    0x08000308   0x08000308   0x00000024   Code   RO         6963    .text               mc_w.l(memcpya.o)
    0x0800032c   0x0800032c   0x00000024   Code   RO         6965    .text               mc_w.l(memseta.o)
    0x08000350   0x08000350   0x00000020   Code   RO         7255    .text               mc_w.l(cpp_init.o)
    0x08000370   0x08000370   0x000000e4   Code   RO         7259    .text               mf_w.l(dmul.o)
    0x08000454   0x08000454   0x0000003e   Code   RO         7265    .text               mf_w.l(dfixi.o)
    0x08000492   0x08000492   0x00000026   Code   RO         7267    .text               mf_w.l(f2d.o)
    0x080004b8   0x080004b8   0x0000001e   Code   RO         7352    .text               mc_w.l(llshl.o)
    0x080004d6   0x080004d6   0x00000020   Code   RO         7354    .text               mc_w.l(llushr.o)
    0x080004f6   0x080004f6   0x00000000   Code   RO         7367    .text               mc_w.l(iusefp.o)
    0x080004f6   0x080004f6   0x000000ba   Code   RO         7370    .text               mf_w.l(depilogue.o)
    0x080005b0   0x080005b0   0x00000024   Code   RO         7391    .text               mc_w.l(init.o)
    0x080005d4   0x080005d4   0x00000056   Code   RO         7423    .text               mc_w.l(__dczerorl2.o)
    0x0800062a   0x0800062a   0x00000002   Code   RO         2539    i.BusFault_Handler  stm32f4xx_it.o
    0x0800062c   0x0800062c   0x0000000c   Code   RO         2540    i.CAN1_RX0_IRQHandler  stm32f4xx_it.o
    0x08000638   0x08000638   0x0000000c   Code   RO         2541    i.CAN1_TX_IRQHandler  stm32f4xx_it.o
    0x08000644   0x08000644   0x00000126   Code   RO         2732    i.CAN_Receive_IT    stm32f4xx_hal_can.o
    0x0800076a   0x0800076a   0x00000002   PAD
    0x0800076c   0x0800076c   0x00000078   Code   RO         1398    i.CHOICE_MODE       keymouse_task.o
    0x080007e4   0x080007e4   0x00000080   Code   RO         1309    i.Callback_RC_Handle  remote_task.o
    0x08000864   0x08000864   0x00000004   Code   RO         2259    i.CanTimerSendCallback  freertos.o
    0x08000868   0x08000868   0x00000006   Code   RO          781    i.CharToShort       ioi2c.o
    0x0800086e   0x0800086e   0x00000002   PAD
    0x08000870   0x08000870   0x00000034   Code   RO         1068    i.Correct_Angle_Feedback  control_task.o
    0x080008a4   0x080008a4   0x0000000c   Code   RO         2542    i.DMA1_Stream5_IRQHandler  stm32f4xx_it.o
    0x080008b0   0x080008b0   0x0000000c   Code   RO         2543    i.DMA2_Stream2_IRQHandler  stm32f4xx_it.o
    0x080008bc   0x080008bc   0x0000000c   Code   RO         2544    i.DMA2_Stream7_IRQHandler  stm32f4xx_it.o
    0x080008c8   0x080008c8   0x00000028   Code   RO         4931    i.DMA_CalcBaseAndBitshift  stm32f4xx_hal_dma.o
    0x080008f0   0x080008f0   0x00000054   Code   RO         4932    i.DMA_CheckFifoParam  stm32f4xx_hal_dma.o
    0x08000944   0x08000944   0x00000028   Code   RO         4933    i.DMA_SetConfig     stm32f4xx_hal_dma.o
    0x0800096c   0x0800096c   0x00000002   Code   RO         2545    i.DebugMon_Handler  stm32f4xx_it.o
    0x0800096e   0x0800096e   0x0000000c   Code   RO          782    i.Delay             ioi2c.o
    0x0800097a   0x0800097a   0x00000002   Code   RO         2097    i.Error_Handler     main.o
    0x0800097c   0x0800097c   0x00000014   Code   RO         1262    i.Float_to_Byte     print_task.o
    0x08000990   0x08000990   0x0000001c   Code   RO         1009    i.Follow_Speed_Calc  chassis_task.o
    0x080009ac   0x080009ac   0x00000044   Code   RO         1135    i.GIMBAL_CAN_SEND   gimbal_task.o
    0x080009f0   0x080009f0   0x00000040   Code   RO          880    i.GetEncoderBias    can_task.o
    0x08000a30   0x08000a30   0x000000b0   Code   RO          881    i.Get_2006_Encoder  can_task.o
    0x08000ae0   0x08000ae0   0x00000042   Code   RO          882    i.Get_3508_Encoder  can_task.o
    0x08000b22   0x08000b22   0x00000002   PAD
    0x08000b24   0x08000b24   0x000000a0   Code   RO          883    i.Get_6020_Encoder  can_task.o
    0x08000bc4   0x08000bc4   0x000000a4   Code   RO         1186    i.Get_IMU_Data      imu_task.o
    0x08000c68   0x08000c68   0x00000128   Code   RO         1400    i.Go_Forward_Data   keymouse_task.o
    0x08000d90   0x08000d90   0x0000019c   Code   RO         2733    i.HAL_CAN_ConfigFilter  stm32f4xx_hal_can.o
    0x08000f2c   0x08000f2c   0x00000014   Code   RO         2187    i.HAL_CAN_ErrorCallback  can.o
    0x08000f40   0x08000f40   0x00000234   Code   RO         2738    i.HAL_CAN_IRQHandler  stm32f4xx_hal_can.o
    0x08001174   0x08001174   0x0000026c   Code   RO         2739    i.HAL_CAN_Init      stm32f4xx_hal_can.o
    0x080013e0   0x080013e0   0x0000008c   Code   RO         2189    i.HAL_CAN_MspInit   can.o
    0x0800146c   0x0800146c   0x000000f8   Code   RO         2743    i.HAL_CAN_Receive_IT  stm32f4xx_hal_can.o
    0x08001564   0x08001564   0x000000ac   Code   RO          885    i.HAL_CAN_RxCpltCallback  can_task.o
    0x08001610   0x08001610   0x00000254   Code   RO         2746    i.HAL_CAN_Transmit  stm32f4xx_hal_can.o
    0x08001864   0x08001864   0x00000002   Code   RO         2748    i.HAL_CAN_TxCpltCallback  stm32f4xx_hal_can.o
    0x08001866   0x08001866   0x00000024   Code   RO         4935    i.HAL_DMA_Abort_IT  stm32f4xx_hal_dma.o
    0x0800188a   0x0800188a   0x00000002   PAD
    0x0800188c   0x0800188c   0x000001a0   Code   RO         4939    i.HAL_DMA_IRQHandler  stm32f4xx_hal_dma.o
    0x08001a2c   0x08001a2c   0x000002e0   Code   RO         4940    i.HAL_DMA_Init      stm32f4xx_hal_dma.o
    0x08001d0c   0x08001d0c   0x000000a4   Code   RO         4943    i.HAL_DMA_Start     stm32f4xx_hal_dma.o
    0x08001db0   0x08001db0   0x000000d0   Code   RO         4944    i.HAL_DMA_Start_IT  stm32f4xx_hal_dma.o
    0x08001e80   0x08001e80   0x0000001c   Code   RO         5353    i.HAL_Delay         stm32f4xx_hal.o
    0x08001e9c   0x08001e9c   0x0000030c   Code   RO         4827    i.HAL_GPIO_Init     stm32f4xx_hal_gpio.o
    0x080021a8   0x080021a8   0x0000006c   Code   RO         4831    i.HAL_GPIO_WritePin  stm32f4xx_hal_gpio.o
    0x08002214   0x08002214   0x0000000c   Code   RO         5359    i.HAL_GetTick       stm32f4xx_hal.o
    0x08002220   0x08002220   0x00000208   Code   RO         2868    i.HAL_I2C_Init      stm32f4xx_hal_i2c.o
    0x08002428   0x08002428   0x00000068   Code   RO         2349    i.HAL_I2C_MspInit   i2c.o
    0x08002490   0x08002490   0x00000010   Code   RO         5361    i.HAL_IncTick       stm32f4xx_hal.o
    0x080024a0   0x080024a0   0x00000034   Code   RO         5362    i.HAL_Init          stm32f4xx_hal.o
    0x080024d4   0x080024d4   0x00000074   Code   RO         2693    i.HAL_InitTick      stm32f4xx_hal_timebase_tim.o
    0x08002548   0x08002548   0x00000038   Code   RO         2669    i.HAL_MspInit       stm32f4xx_hal_msp.o
    0x08002580   0x08002580   0x00000060   Code   RO         5216    i.HAL_NVIC_EnableIRQ  stm32f4xx_hal_cortex.o
    0x080025e0   0x080025e0   0x000000a0   Code   RO         5222    i.HAL_NVIC_SetPriority  stm32f4xx_hal_cortex.o
    0x08002680   0x08002680   0x00000080   Code   RO         5223    i.HAL_NVIC_SetPriorityGrouping  stm32f4xx_hal_cortex.o
    0x08002700   0x08002700   0x00000248   Code   RO         4470    i.HAL_RCC_ClockConfig  stm32f4xx_hal_rcc.o
    0x08002948   0x08002948   0x00000040   Code   RO         4474    i.HAL_RCC_GetClockConfig  stm32f4xx_hal_rcc.o
    0x08002988   0x08002988   0x00000020   Code   RO         4477    i.HAL_RCC_GetPCLK1Freq  stm32f4xx_hal_rcc.o
    0x080029a8   0x080029a8   0x00000020   Code   RO         4478    i.HAL_RCC_GetPCLK2Freq  stm32f4xx_hal_rcc.o
    0x080029c8   0x080029c8   0x00000060   Code   RO         4479    i.HAL_RCC_GetSysClockFreq  stm32f4xx_hal_rcc.o
    0x08002a28   0x08002a28   0x00000420   Code   RO         4482    i.HAL_RCC_OscConfig  stm32f4xx_hal_rcc.o
    0x08002e48   0x08002e48   0x00000002   Code   RO         3904    i.HAL_TIMEx_BreakCallback  stm32f4xx_hal_tim_ex.o
    0x08002e4a   0x08002e4a   0x00000002   Code   RO         3905    i.HAL_TIMEx_CommutationCallback  stm32f4xx_hal_tim_ex.o
    0x08002e4c   0x08002e4c   0x00000124   Code   RO         3921    i.HAL_TIMEx_MasterConfigSynchronization  stm32f4xx_hal_tim_ex.o
    0x08002f70   0x08002f70   0x00000134   Code   RO         3275    i.HAL_TIM_Base_Init  stm32f4xx_hal_tim.o
    0x080030a4   0x080030a4   0x0000008c   Code   RO         2391    i.HAL_TIM_Base_MspInit  tim.o
    0x08003130   0x08003130   0x000000e8   Code   RO         3280    i.HAL_TIM_Base_Start_IT  stm32f4xx_hal_tim.o
    0x08003218   0x08003218   0x000004d2   Code   RO         3284    i.HAL_TIM_ConfigClockSource  stm32f4xx_hal_tim.o
    0x080036ea   0x080036ea   0x00000002   Code   RO         3304    i.HAL_TIM_IC_CaptureCallback  stm32f4xx_hal_tim.o
    0x080036ec   0x080036ec   0x00000166   Code   RO         3317    i.HAL_TIM_IRQHandler  stm32f4xx_hal_tim.o
    0x08003852   0x08003852   0x00000002   PAD
    0x08003854   0x08003854   0x00000054   Code   RO         2392    i.HAL_TIM_MspPostInit  tim.o
    0x080038a8   0x080038a8   0x00000002   Code   RO         3320    i.HAL_TIM_OC_DelayElapsedCallback  stm32f4xx_hal_tim.o
    0x080038aa   0x080038aa   0x00000002   PAD
    0x080038ac   0x080038ac   0x0000027c   Code   RO         3341    i.HAL_TIM_PWM_ConfigChannel  stm32f4xx_hal_tim.o
    0x08003b28   0x08003b28   0x0000013c   Code   RO         3344    i.HAL_TIM_PWM_Init  stm32f4xx_hal_tim.o
    0x08003c64   0x08003c64   0x00000002   Code   RO         3346    i.HAL_TIM_PWM_MspInit  stm32f4xx_hal_tim.o
    0x08003c66   0x08003c66   0x00000002   Code   RO         3347    i.HAL_TIM_PWM_PulseFinishedCallback  stm32f4xx_hal_tim.o
    0x08003c68   0x08003c68   0x00000160   Code   RO         3348    i.HAL_TIM_PWM_Start  stm32f4xx_hal_tim.o
    0x08003dc8   0x08003dc8   0x0000002c   Code   RO         2098    i.HAL_TIM_PeriodElapsedCallback  main.o
    0x08003df4   0x08003df4   0x00000002   Code   RO         3358    i.HAL_TIM_TriggerCallback  stm32f4xx_hal_tim.o
    0x08003df6   0x08003df6   0x00000002   Code   RO         4164    i.HAL_UART_ErrorCallback  stm32f4xx_hal_uart.o
    0x08003df8   0x08003df8   0x000000e0   Code   RO         2456    i.HAL_UART_IDLE_IRQHandler  usart.o
    0x08003ed8   0x08003ed8   0x00000110   Code   RO         4167    i.HAL_UART_IRQHandler  stm32f4xx_hal_uart.o
    0x08003fe8   0x08003fe8   0x00000148   Code   RO         4168    i.HAL_UART_Init     stm32f4xx_hal_uart.o
    0x08004130   0x08004130   0x000001c0   Code   RO         2458    i.HAL_UART_MspInit  usart.o
    0x080042f0   0x080042f0   0x00000098   Code   RO         4172    i.HAL_UART_Receive_DMA  stm32f4xx_hal_uart.o
    0x08004388   0x08004388   0x00000012   Code   RO         2459    i.HAL_UART_Receive_IT_IDLE  usart.o
    0x0800439a   0x0800439a   0x00000002   PAD
    0x0800439c   0x0800439c   0x0000000c   Code   RO         1489    i.HAL_UART_RxCpltCallback  mains.o
    0x080043a8   0x080043a8   0x00000002   Code   RO         4175    i.HAL_UART_RxHalfCpltCallback  stm32f4xx_hal_uart.o
    0x080043aa   0x080043aa   0x000000ba   Code   RO         4176    i.HAL_UART_Transmit  stm32f4xx_hal_uart.o
    0x08004464   0x08004464   0x00000080   Code   RO         4177    i.HAL_UART_Transmit_DMA  stm32f4xx_hal_uart.o
    0x080044e4   0x080044e4   0x0000000c   Code   RO         1490    i.HAL_UART_TxCpltCallback  mains.o
    0x080044f0   0x080044f0   0x00000002   Code   RO         4180    i.HAL_UART_TxHalfCpltCallback  stm32f4xx_hal_uart.o
    0x080044f2   0x080044f2   0x00000002   Code   RO         2546    i.HardFault_Handler  stm32f4xx_it.o
    0x080044f4   0x080044f4   0x00000040   Code   RO          783    i.IIC_Ack           ioi2c.o
    0x08004534   0x08004534   0x00000040   Code   RO          785    i.IIC_NAck          ioi2c.o
    0x08004574   0x08004574   0x00000060   Code   RO          786    i.IIC_Read_Byte     ioi2c.o
    0x080045d4   0x080045d4   0x00000058   Code   RO          787    i.IIC_Send_Byte     ioi2c.o
    0x0800462c   0x0800462c   0x00000040   Code   RO          788    i.IIC_Start         ioi2c.o
    0x0800466c   0x0800466c   0x00000044   Code   RO          789    i.IIC_Stop          ioi2c.o
    0x080046b0   0x080046b0   0x00000058   Code   RO          790    i.IIC_Wait_Ack      ioi2c.o
    0x08004708   0x08004708   0x00000062   Code   RO          791    i.IICreadBytes      ioi2c.o
    0x0800476a   0x0800476a   0x00000002   PAD
    0x0800476c   0x0800476c   0x00000128   Code   RO         1401    i.Left_Right_Data   keymouse_task.o
    0x08004894   0x08004894   0x00000048   Code   RO         2190    i.MX_CAN1_Init      can.o
    0x080048dc   0x080048dc   0x0000005c   Code   RO         2235    i.MX_DMA_Init       dma.o
    0x08004938   0x08004938   0x0000007c   Code   RO         2260    i.MX_FREERTOS_Init  freertos.o
    0x080049b4   0x080049b4   0x00000174   Code   RO         2163    i.MX_GPIO_Init      gpio.o
    0x08004b28   0x08004b28   0x00000040   Code   RO         2350    i.MX_I2C1_Init      i2c.o
    0x08004b68   0x08004b68   0x00000064   Code   RO         2393    i.MX_TIM3_Init      tim.o
    0x08004bcc   0x08004bcc   0x00000098   Code   RO         2394    i.MX_TIM4_Init      tim.o
    0x08004c64   0x08004c64   0x00000064   Code   RO         2395    i.MX_TIM5_Init      tim.o
    0x08004cc8   0x08004cc8   0x00000038   Code   RO         2460    i.MX_USART1_UART_Init  usart.o
    0x08004d00   0x08004d00   0x00000040   Code   RO         2461    i.MX_USART2_UART_Init  usart.o
    0x08004d40   0x08004d40   0x00000038   Code   RO         2462    i.MX_USART3_UART_Init  usart.o
    0x08004d78   0x08004d78   0x00000002   Code   RO         2547    i.MemManage_Handler  stm32f4xx_it.o
    0x08004d7a   0x08004d7a   0x00000002   Code   RO         2548    i.NMI_Handler       stm32f4xx_it.o
    0x08004d7c   0x08004d7c   0x00000020   Code   RO         5229    i.NVIC_SetPriority  stm32f4xx_hal_cortex.o
    0x08004d9c   0x08004d9c   0x000000c8   Code   RO         2030    i.PID_Calc          pid.o
    0x08004e64   0x08004e64   0x00000058   Code   RO         2031    i.PID_Init          pid.o
    0x08004ebc   0x08004ebc   0x00000030   Code   RO         1402    i.Pitch_Rotate_Data  keymouse_task.o
    0x08004eec   0x08004eec   0x00000028   Code   RO         1310    i.RC_Ctl_t_Init     remote_task.o
    0x08004f14   0x08004f14   0x0000004c   Code   RO          886    i.Set_CM_Speed      can_task.o
    0x08004f60   0x08004f60   0x00000040   Code   RO          887    i.Set_Gimbal_Current  can_task.o
    0x08004fa0   0x08004fa0   0x0000000c   Code   RO         2261    i.StartControlTask  freertos.o
    0x08004fac   0x08004fac   0x0000001c   Code   RO         2262    i.StartIMUTask      freertos.o
    0x08004fc8   0x08004fc8   0x00000030   Code   RO         2263    i.StartInitTask     freertos.o
    0x08004ff8   0x08004ff8   0x00000010   Code   RO         2264    i.StartShootTask    freertos.o
    0x08005008   0x08005008   0x0000002c   Code   RO         6708    i.SysTick_Handler   port.o
    0x08005034   0x08005034   0x00000084   Code   RO         2099    i.SystemClock_Config  main.o
    0x080050b8   0x080050b8   0x00000054   Code   RO         5500    i.SystemInit        system_stm32f4xx.o
    0x0800510c   0x0800510c   0x0000000c   Code   RO         2549    i.TIM3_IRQHandler   stm32f4xx_it.o
    0x08005118   0x08005118   0x0000000c   Code   RO         2550    i.TIM4_IRQHandler   stm32f4xx_it.o
    0x08005124   0x08005124   0x0000000c   Code   RO         2551    i.TIM5_IRQHandler   stm32f4xx_it.o
    0x08005130   0x08005130   0x0000000c   Code   RO         2552    i.TIM6_DAC_IRQHandler  stm32f4xx_it.o
    0x0800513c   0x0800513c   0x000000c0   Code   RO         3359    i.TIM_Base_SetConfig  stm32f4xx_hal_tim.o
    0x080051fc   0x080051fc   0x000000f0   Code   RO         3360    i.TIM_CCxChannelCmd  stm32f4xx_hal_tim.o
    0x080052ec   0x080052ec   0x00000014   Code   RO         3366    i.TIM_ETR_SetConfig  stm32f4xx_hal_tim.o
    0x08005300   0x08005300   0x00000010   Code   RO         3367    i.TIM_ITRx_SetConfig  stm32f4xx_hal_tim.o
    0x08005310   0x08005310   0x00000058   Code   RO         3368    i.TIM_OC1_SetConfig  stm32f4xx_hal_tim.o
    0x08005368   0x08005368   0x000000b8   Code   RO         3369    i.TIM_OC2_SetConfig  stm32f4xx_hal_tim.o
    0x08005420   0x08005420   0x000000e0   Code   RO         3370    i.TIM_OC3_SetConfig  stm32f4xx_hal_tim.o
    0x08005500   0x08005500   0x000000a4   Code   RO         3371    i.TIM_OC4_SetConfig  stm32f4xx_hal_tim.o
    0x080055a4   0x080055a4   0x00000022   Code   RO         3373    i.TIM_TI1_ConfigInputStage  stm32f4xx_hal_tim.o
    0x080055c6   0x080055c6   0x00000024   Code   RO         3375    i.TIM_TI2_ConfigInputStage  stm32f4xx_hal_tim.o
    0x080055ea   0x080055ea   0x00000002   PAD
    0x080055ec   0x080055ec   0x0000001c   Code   RO         1010    i.Twist_Speed_Calc  chassis_task.o
    0x08005608   0x08005608   0x00000010   Code   RO         4181    i.UART_DMAAbortOnError  stm32f4xx_hal_uart.o
    0x08005618   0x08005618   0x0000004a   Code   RO         4182    i.UART_DMAError     stm32f4xx_hal_uart.o
    0x08005662   0x08005662   0x0000003c   Code   RO         4183    i.UART_DMAReceiveCplt  stm32f4xx_hal_uart.o
    0x0800569e   0x0800569e   0x0000000a   Code   RO         4185    i.UART_DMARxHalfCplt  stm32f4xx_hal_uart.o
    0x080056a8   0x080056a8   0x0000002e   Code   RO         4187    i.UART_DMATransmitCplt  stm32f4xx_hal_uart.o
    0x080056d6   0x080056d6   0x0000000a   Code   RO         4189    i.UART_DMATxHalfCplt  stm32f4xx_hal_uart.o
    0x080056e0   0x080056e0   0x0000001c   Code   RO         4191    i.UART_EndRxTransfer  stm32f4xx_hal_uart.o
    0x080056fc   0x080056fc   0x00000012   Code   RO         4192    i.UART_EndTxTransfer  stm32f4xx_hal_uart.o
    0x0800570e   0x0800570e   0x00000078   Code   RO         2463    i.UART_Receive_DMA_NoIT  usart.o
    0x08005786   0x08005786   0x0000008c   Code   RO         4193    i.UART_Receive_IT   stm32f4xx_hal_uart.o
    0x08005812   0x08005812   0x00000002   PAD
    0x08005814   0x08005814   0x00000344   Code   RO         4194    i.UART_SetConfig    stm32f4xx_hal_uart.o
    0x08005b58   0x08005b58   0x00000062   Code   RO         4195    i.UART_Transmit_IT  stm32f4xx_hal_uart.o
    0x08005bba   0x08005bba   0x00000064   Code   RO         4196    i.UART_WaitOnFlagUntilTimeout  stm32f4xx_hal_uart.o
    0x08005c1e   0x08005c1e   0x00000002   PAD
    0x08005c20   0x08005c20   0x0000000c   Code   RO         2553    i.USART1_IRQHandler  stm32f4xx_it.o
    0x08005c2c   0x08005c2c   0x0000000c   Code   RO         2554    i.USART2_IRQHandler  stm32f4xx_it.o
    0x08005c38   0x08005c38   0x0000000c   Code   RO         2555    i.USART3_IRQHandler  stm32f4xx_it.o
    0x08005c44   0x08005c44   0x00000002   Code   RO         2556    i.UsageFault_Handler  stm32f4xx_it.o
    0x08005c46   0x08005c46   0x00000002   PAD
    0x08005c48   0x08005c48   0x00000030   Code   RO         1403    i.Yaw_Rotate_Data   keymouse_task.o
    0x08005c78   0x08005c78   0x00000030   Code   RO         1492    i._Z15gimbal_callbackRKN13skyguard_msgs6gimbalE  mains.o
    0x08005ca8   0x08005ca8   0x00000010   Code   RO         1586    i._ZN13STM32Hardware10reset_rbufEv  mains.o
    0x08005cb8   0x08005cb8   0x0000005c   Code   RO         1555    i._ZN13STM32Hardware5flushEv  mains.o
    0x08005d14   0x08005d14   0x00000014   Code   RO         1622    i._ZN13skyguard_msgs6gimbalC1Ev  mains.o
    0x08005d28   0x08005d28   0x0000000e   Code   RO         7417    i.__scatterload_copy  mc_w.l(handlers.o)
    0x08005d36   0x08005d36   0x00000002   Code   RO         7418    i.__scatterload_null  mc_w.l(handlers.o)
    0x08005d38   0x08005d38   0x0000000e   Code   RO         7419    i.__scatterload_zeroinit  mc_w.l(handlers.o)
    0x08005d46   0x08005d46   0x00000002   PAD
    0x08005d48   0x08005d48   0x00000048   Code   RO         1493    i.__sti___9_mains_cpp_4e9d8b83  mains.o
    0x08005d90   0x08005d90   0x00000002   Code   RO         2100    i.assert_failed     main.o
    0x08005d92   0x08005d92   0x00000016   Code   RO         1231    i.bsp_init          init_task.o
    0x08005da8   0x08005da8   0x000001d8   Code   RO         1069    i.chassis_behavior  control_task.o
    0x08005f80   0x08005f80   0x00000108   Code   RO         1011    i.chassis_init      chassis_task.o
    0x08006088   0x08006088   0x000002e4   Code   RO         1012    i.chassis_pid_calc  chassis_task.o
    0x0800636c   0x0800636c   0x0000001c   Code   RO         1404    i.control_mode_selection  keymouse_task.o
    0x08006388   0x08006388   0x0000004c   Code   RO         1405    i.firing_tate       keymouse_task.o
    0x080063d4   0x080063d4   0x00000138   Code   RO         1346    i.friction_wheel_mode  shoot_task.o
    0x0800650c   0x0800650c   0x000000cc   Code   RO         1070    i.gimbal_PC_correct  control_task.o
    0x080065d8   0x080065d8   0x000001b4   Code   RO         1136    i.gimbal_cali       gimbal_task.o
    0x0800678c   0x0800678c   0x00000280   Code   RO         1071    i.gimbal_change     control_task.o
    0x08006a0c   0x08006a0c   0x000001b0   Code   RO         1137    i.gimbal_init       gimbal_task.o
    0x08006bbc   0x08006bbc   0x00000168   Code   RO         1138    i.gimbal_pid_calc   gimbal_task.o
    0x08006d24   0x08006d24   0x000000bc   Code   RO         1072    i.gimbal_set        control_task.o
    0x08006de0   0x08006de0   0x0000000c   Code   RO         6283    i.inHandlerMode     cmsis_os.o
    0x08006dec   0x08006dec   0x00000014   Code   RO         1406    i.judge_key_press   keymouse_task.o
    0x08006e00   0x08006e00   0x00000014   Code   RO         1407    i.judge_key_unpress  keymouse_task.o
    0x08006e14   0x08006e14   0x0000003c   Code   RO         1408    i.launch            keymouse_task.o
    0x08006e50   0x08006e50   0x00000060   Code   RO         2101    i.main              main.o
    0x08006eb0   0x08006eb0   0x0000000c   Code   RO         6285    i.makeFreeRtosPriority  cmsis_os.o
    0x08006ebc   0x08006ebc   0x0000002c   Code   RO         2396    i.motor_pwm_setvalue1  tim.o
    0x08006ee8   0x08006ee8   0x00000044   Code   RO          888    i.my_can_filter_init_recv_all  can_task.o
    0x08006f2c   0x08006f2c   0x0000000a   Code   RO         6290    i.osKernelStart     cmsis_os.o
    0x08006f36   0x08006f36   0x0000002e   Code   RO         6324    i.osThreadCreate    cmsis_os.o
    0x08006f64   0x08006f64   0x00000024   Code   RO         6335    i.osTimerCreate     cmsis_os.o
    0x08006f88   0x08006f88   0x0000005c   Code   RO         6337    i.osTimerStart      cmsis_os.o
    0x08006fe4   0x08006fe4   0x0000003c   Code   RO         1409    i.pc_aim            keymouse_task.o
    0x08007020   0x08007020   0x0000004c   Code   RO         1347    i.pluck_angle_add   shoot_task.o
    0x0800706c   0x0800706c   0x00000070   Code   RO         5840    i.prvAddCurrentTaskToDelayedList  tasks.o
    0x080070dc   0x080070dc   0x000000d0   Code   RO         5841    i.prvAddNewTaskToReadyList  tasks.o
    0x080071ac   0x080071ac   0x00000050   Code   RO         6166    i.prvCheckForValidListAndQueue  timers.o
    0x080071fc   0x080071fc   0x00000050   Code   RO         5842    i.prvCheckTasksWaitingTermination  tasks.o
    0x0800724c   0x0800724c   0x00000026   Code   RO         5675    i.prvCopyDataFromQueue  queue.o
    0x08007272   0x08007272   0x0000006c   Code   RO         5676    i.prvCopyDataToQueue  queue.o
    0x080072de   0x080072de   0x00000014   Code   RO         5843    i.prvDeleteTCB      tasks.o
    0x080072f2   0x080072f2   0x00000002   PAD
    0x080072f4   0x080072f4   0x0000004c   Code   RO         6658    i.prvHeapInit       heap_4.o
    0x08007340   0x08007340   0x00000028   Code   RO         5844    i.prvIdleTask       tasks.o
    0x08007368   0x08007368   0x0000009c   Code   RO         5845    i.prvInitialiseNewTask  tasks.o
    0x08007404   0x08007404   0x0000004c   Code   RO         6659    i.prvInsertBlockIntoFreeList  heap_4.o
    0x08007450   0x08007450   0x00000038   Code   RO         6167    i.prvInsertTimerInActiveList  timers.o
    0x08007488   0x08007488   0x0000001c   Code   RO         5677    i.prvIsQueueEmpty   queue.o
    0x080074a4   0x080074a4   0x000000b8   Code   RO         6168    i.prvProcessReceivedCommands  timers.o
    0x0800755c   0x0800755c   0x000000b4   Code   RO         6169    i.prvProcessTimerOrBlockTask  timers.o
    0x08007610   0x08007610   0x00000020   Code   RO         5847    i.prvResetNextTaskUnblockTime  tasks.o
    0x08007630   0x08007630   0x00000028   Code   RO         6170    i.prvSampleTimeNow  timers.o
    0x08007658   0x08007658   0x0000006c   Code   RO         6171    i.prvSwitchTimerLists  timers.o
    0x080076c4   0x080076c4   0x00000028   Code   RO         6709    i.prvTaskExitError  port.o
    0x080076ec   0x080076ec   0x00000024   Code   RO         6172    i.prvTimerTask      timers.o
    0x08007710   0x08007710   0x0000006a   Code   RO         5678    i.prvUnlockQueue    queue.o
    0x0800777a   0x0800777a   0x00000002   PAD
    0x0800777c   0x0800777c   0x000000d8   Code   RO         6660    i.pvPortMalloc      heap_4.o
    0x08007854   0x08007854   0x00000018   Code   RO         5849    i.pvTaskIncrementMutexHeldCount  tasks.o
    0x0800786c   0x0800786c   0x0000002c   Code   RO         6710    i.pxPortInitialiseStack  port.o
    0x08007898   0x08007898   0x00000038   Code   RO         2064    i.ramp_calc         ramp.o
    0x080078d0   0x080078d0   0x00000008   Code   RO         2065    i.ramp_init         ramp.o
    0x080078d8   0x080078d8   0x00000014   Code   RO         1263    i.send_data         print_task.o
    0x080078ec   0x080078ec   0x00000034   Code   RO         1264    i.shanwai_send_wave_form  print_task.o
    0x08007920   0x08007920   0x00000064   Code   RO         1265    i.shanwai_sprintf   print_task.o
    0x08007984   0x08007984   0x0000007c   Code   RO         1348    i.shoot_init        shoot_task.o
    0x08007a00   0x08007a00   0x00000004   Code   RO         1349    i.shoot_mode        shoot_task.o
    0x08007a04   0x08007a04   0x00000024   Code   RO         5638    i.uxListRemove      list.o
    0x08007a28   0x08007a28   0x00000016   Code   RO         5639    i.vListInitialise   list.o
    0x08007a3e   0x08007a3e   0x00000006   Code   RO         5640    i.vListInitialiseItem  list.o
    0x08007a44   0x08007a44   0x00000030   Code   RO         5641    i.vListInsert       list.o
    0x08007a74   0x08007a74   0x00000018   Code   RO         5642    i.vListInsertEnd    list.o
    0x08007a8c   0x08007a8c   0x00000040   Code   RO         6712    i.vPortEnterCritical  port.o
    0x08007acc   0x08007acc   0x00000028   Code   RO         6713    i.vPortExitCritical  port.o
    0x08007af4   0x08007af4   0x0000005c   Code   RO         6661    i.vPortFree         heap_4.o
    0x08007b50   0x08007b50   0x00000020   Code   RO         6714    i.vPortSetupTimerInterrupt  port.o
    0x08007b70   0x08007b70   0x00000054   Code   RO         6715    i.vPortValidateInterruptPriority  port.o
    0x08007bc4   0x08007bc4   0x00000028   Code   RO         5684    i.vQueueAddToRegistry  queue.o
    0x08007bec   0x08007bec   0x00000044   Code   RO         5688    i.vQueueWaitForMessageRestricted  queue.o
    0x08007c30   0x08007c30   0x0000004c   Code   RO         5857    i.vTaskDelay        tasks.o
    0x08007c7c   0x08007c7c   0x0000008c   Code   RO         5858    i.vTaskDelayUntil   tasks.o
    0x08007d08   0x08007d08   0x000000ac   Code   RO         5859    i.vTaskDelete       tasks.o
    0x08007db4   0x08007db4   0x0000000c   Code   RO         5862    i.vTaskMissedYield  tasks.o
    0x08007dc0   0x08007dc0   0x00000030   Code   RO         5864    i.vTaskPlaceOnEventList  tasks.o
    0x08007df0   0x08007df0   0x00000038   Code   RO         5865    i.vTaskPlaceOnEventListRestricted  tasks.o
    0x08007e28   0x08007e28   0x00000084   Code   RO         5867    i.vTaskPriorityInherit  tasks.o
    0x08007eac   0x08007eac   0x00000024   Code   RO         5871    i.vTaskSetTimeOutState  tasks.o
    0x08007ed0   0x08007ed0   0x00000070   Code   RO         5872    i.vTaskStartScheduler  tasks.o
    0x08007f40   0x08007f40   0x00000010   Code   RO         5874    i.vTaskSuspendAll   tasks.o
    0x08007f50   0x08007f50   0x0000005c   Code   RO         5875    i.vTaskSwitchContext  tasks.o
    0x08007fac   0x08007fac   0x000000e0   Code   RO         6716    i.xPortStartScheduler  port.o
    0x0800808c   0x0800808c   0x00000052   Code   RO         5690    i.xQueueGenericCreate  queue.o
    0x080080de   0x080080de   0x00000002   PAD
    0x080080e0   0x080080e0   0x0000016c   Code   RO         5691    i.xQueueGenericReceive  queue.o
    0x0800824c   0x0800824c   0x00000088   Code   RO         5692    i.xQueueGenericReset  queue.o
    0x080082d4   0x080082d4   0x00000160   Code   RO         5693    i.xQueueGenericSend  queue.o
    0x08008434   0x08008434   0x000000bc   Code   RO         5694    i.xQueueGenericSendFromISR  queue.o
    0x080084f0   0x080084f0   0x0000006c   Code   RO         5876    i.xTaskCheckForTimeOut  tasks.o
    0x0800855c   0x0800855c   0x00000056   Code   RO         5877    i.xTaskCreate       tasks.o
    0x080085b2   0x080085b2   0x00000002   PAD
    0x080085b4   0x080085b4   0x0000001c   Code   RO         5881    i.xTaskGetSchedulerState  tasks.o
    0x080085d0   0x080085d0   0x0000000c   Code   RO         5882    i.xTaskGetTickCount  tasks.o
    0x080085dc   0x080085dc   0x000000c8   Code   RO         5884    i.xTaskIncrementTick  tasks.o
    0x080086a4   0x080086a4   0x00000098   Code   RO         5887    i.xTaskPriorityDisinherit  tasks.o
    0x0800873c   0x0800873c   0x00000074   Code   RO         5888    i.xTaskRemoveFromEventList  tasks.o
    0x080087b0   0x080087b0   0x000000c4   Code   RO         5890    i.xTaskResumeAll    tasks.o
    0x08008874   0x08008874   0x0000004e   Code   RO         6175    i.xTimerCreate      timers.o
    0x080088c2   0x080088c2   0x00000002   PAD
    0x080088c4   0x080088c4   0x00000048   Code   RO         6176    i.xTimerCreateTimerTask  timers.o
    0x0800890c   0x0800890c   0x00000060   Code   RO         6177    i.xTimerGenericCommand  timers.o
    0x0800896c   0x0800896c   0x0000008c   Code   RO         1616    t._ZN3ros11NodeHandle_I13STM32HardwareLi25ELi25ELi1024ELi1024EEC1Ev  mains.o
    0x080089f8   0x080089f8   0x00000030   Data   RO         1014    .constdata          chassis_task.o
    0x08008a28   0x08008a28   0x00000090   Data   RO         1140    .constdata          gimbal_task.o
    0x08008ab8   0x08008ab8   0x00000054   Data   RO         2265    .constdata          freertos.o
    0x08008b0c   0x08008b0c   0x00000008   Data   RO         4946    .constdata          stm32f4xx_hal_dma.o
    0x08008b14   0x08008b14   0x00000010   Data   RO         5501    .constdata          system_stm32f4xx.o
    0x08008b24   0x08008b24   0x00000008   Data   RO         5502    .constdata          system_stm32f4xx.o
    0x08008b2c   0x08008b2c   0x00000018   Data   RO         1637    .constdata__ZTVN13skyguard_msgs6gimbalE  mains.o
    0x08008b44   0x08008b44   0x00000018   Data   RO         1635    .constdata__ZTVN14rosserial_msgs20RequestParamResponseE  mains.o
    0x08008b5c   0x08008b5c   0x00000018   Data   RO         1641    .constdata__ZTVN3ros10SubscriberIN13skyguard_msgs6gimbalEEE  mains.o
    0x08008b74   0x08008b74   0x00000014   Data   RO         1639    .constdata__ZTVN3ros11NodeHandle_I13STM32HardwareLi25ELi25ELi1024ELi1024EEE  mains.o
    0x08008b88   0x08008b88   0x0000002a   Data   RO         2266    .conststring        freertos.o
    0x08008bb2   0x08008bb2   0x00000002   PAD
    0x08008bb4   0x08008bb4   0x00000020   Data   RO         7415    Region$$Table       anon$$obj.o
    0x08008bd4   0x08008bd4   0x00000004   Data   RO         1504    .init_array         mains.o
    0x08008bd8   0x08008bd4   0x00000000   Data   RO         7253    .init_array         mc_w.l(cpp_init.o)


    Execution Region RW_IRAM1 (Exec base: 0x20000000, Load base: 0x08008bd8, Size: 0x00005e88, Max: 0x00020000, ABSOLUTE, COMPRESSED[0x0000002c])

    Exec Addr    Load Addr    Size         Type   Attr      Idx    E Section Name        Object

    0x20000000   COMPRESSED   0x0000000c   Data   RW          890    .data               can_task.o
    0x2000000c   COMPRESSED   0x00000007   Data   RW         1074    .data               control_task.o
    0x20000013   COMPRESSED   0x00000001   PAD
    0x20000014   COMPRESSED   0x00000006   Data   RW         1141    .data               gimbal_task.o
    0x2000001a   COMPRESSED   0x00000002   PAD
    0x2000001c   COMPRESSED   0x00000008   Data   RW         1312    .data               remote_task.o
    0x20000024   COMPRESSED   0x00000054   Data   RW         1350    .data               shoot_task.o
    0x20000078   COMPRESSED   0x0000006c   Data   RW         1410    .data               keymouse_task.o
    0x200000e4   COMPRESSED   0x00000002   Data   RW         2032    .data               pid.o
    0x200000e6   COMPRESSED   0x00000002   PAD
    0x200000e8   COMPRESSED   0x00000014   Data   RW         2267    .data               freertos.o
    0x200000fc   COMPRESSED   0x00000004   Data   RW         5368    .data               stm32f4xx_hal.o
    0x20000100   COMPRESSED   0x00000004   Data   RW         5503    .data               system_stm32f4xx.o
    0x20000104   COMPRESSED   0x0000003c   Data   RW         5893    .data               tasks.o
    0x20000140   COMPRESSED   0x00000014   Data   RW         6183    .data               timers.o
    0x20000154   COMPRESSED   0x00000018   Data   RW         6666    .data               heap_4.o
    0x2000016c   COMPRESSED   0x0000000c   Data   RW         6717    .data               port.o
    0x20000178   COMPRESSED   0x00000004   Data   RW         6961    .data               mc_w.l(rand.o)
    0x2000017c   COMPRESSED   0x00000001   Data   RW         1642    .data__ZZN13STM32Hardware5flushEvE5mutex  mains.o
    0x2000017d   COMPRESSED   0x00000003   PAD
    0x20000180        -       0x000001a8   Zero   RW          889    .bss                can_task.o
    0x20000328        -       0x00000358   Zero   RW         1013    .bss                chassis_task.o
    0x20000680        -       0x000000ac   Zero   RW         1073    .bss                control_task.o
    0x2000072c        -       0x00000420   Zero   RW         1139    .bss                gimbal_task.o
    0x20000b4c        -       0x0000007a   Zero   RW         1189    .bss                imu_task.o
    0x20000bc6        -       0x00000018   Zero   RW         1266    .bss                print_task.o
    0x20000bde        -       0x00000014   Zero   RW         1311    .bss                remote_task.o
    0x20000bf2   COMPRESSED   0x00000002   PAD
    0x20000bf4        -       0x00000d70   Zero   RW         1501    .bss                mains.o
    0x20001964        -       0x00000044   Zero   RW         2191    .bss                can.o
    0x200019a8        -       0x00000054   Zero   RW         2351    .bss                i2c.o
    0x200019fc        -       0x000000b4   Zero   RW         2397    .bss                tim.o
    0x20001ab0        -       0x00000064   Zero   RW         2465    .bss                usart.o
    0x20001b14        -       0x000001e0   Zero   RW         2466    .bss                usart.o
    0x20001cf4        -       0x0000003c   Zero   RW         2696    .bss                stm32f4xx_hal_timebase_tim.o
    0x20001d30        -       0x00000040   Zero   RW         5700    .bss                queue.o
    0x20001d70        -       0x000000f0   Zero   RW         5892    .bss                tasks.o
    0x20001e60        -       0x00000028   Zero   RW         6182    .bss                timers.o
    0x20001e88        -       0x00003c00   Zero   RW         6665    .bss                heap_4.o
    0x20005a88        -       0x00000400   Zero   RW            1    STACK               startup_stm32f407xx.o


==============================================================================

Image component sizes


      Code (inc. data)   RO Data    RW Data    ZI Data      Debug   Object Name

       232         30          0          0         68       2049   can.o
       846         58          0         12        424      27217   can_task.o
      1060        102         48          0        856       5797   chassis_task.o
       208         10          0          0          0      15514   cmsis_os.o
      1556        108          0          7        172       9777   control_task.o
        92          4          0          0          0        774   dma.o
         0          0          0          0          0       9476   event_groups.o
       232         16        126         20          0       4157   freertos.o
      1296        128        144          6       1056       5573   gimbal_task.o
       372         34          0          0          0       1131   gpio.o
       460         24          0         24      15360       4683   heap_4.o
       168         26          0          0         84       1585   i2c.o
       164         26          0          0        122       1298   imu_task.o
        22          0          0          0          0        479   init_task.o
         0          0          0          0          0     689412   inv_mpu.o
       648         62          0          0          0       6604   ioi2c.o
      1072        120          0        108          0       7686   keymouse_task.o
       136          0          0          0          0       3450   list.o
       276         36          0          0          0       3144   main.o
       412         74         96          1       3440     620270   mains.o
       288         10          0          2          0       2426   pid.o
       758         84          0         12          0      11705   port.o
       192         38          0          0         24       3950   print_task.o
      1510         20          0          0         64      14053   queue.o
        64          6          0          0          0       1808   ramp.o
       168         10          0          8         20       2305   remote_task.o
       516         50          0         84          0       3312   shoot_task.o
        36          8        392          0       1024        820   startup_stm32f407xx.o
       108         16          0          4          0       3684   stm32f4xx_hal.o
      2736        264          0          0          0       7392   stm32f4xx_hal_can.o
       416        196          0          0          0      29698   stm32f4xx_hal_cortex.o
      1724        194          8          0          0       7462   stm32f4xx_hal_dma.o
       888        196          0          0          0       2552   stm32f4xx_hal_gpio.o
       520         82          0          0          0       3027   stm32f4xx_hal_i2c.o
        56          4          0          0          0        806   stm32f4xx_hal_msp.o
      1864        192          0          0          0       5833   stm32f4xx_hal_rcc.o
      4644        984          0          0          0      17016   stm32f4xx_hal_tim.o
       296         90          0          0          0       2302   stm32f4xx_hal_tim_ex.o
       116         16          0          0         60       1351   stm32f4xx_hal_timebase_tim.o
      2508        192          0          0          0      14638   stm32f4xx_hal_uart.o
       156         72          0          0          0       7994   stm32f4xx_it.o
        84         18         24          4          0       1111   system_stm32f4xx.o
      2462        202          0         60        240      25663   tasks.o
       620         62          0          0        180       4212   tim.o
       930         78          0         20         40      18850   timers.o
       986         80          0          0        580       5523   usart.o

    ----------------------------------------------------------------------
     33934       4022        872        380      23816    1619569   Object Totals
         0          0         32          0          0          0   (incl. Generated)
        36          0          2          8          2          0   (incl. Padding)

    ----------------------------------------------------------------------

      Code (inc. data)   RO Data    RW Data    ZI Data      Debug   Library Member Name

        86          0          0          0          0          0   __dczerorl2.o
        32         10          0          0          0         80   cpp_init.o
         0          0          0          0          0          0   entry.o
         0          0          0          0          0          0   entry10a.o
         0          0          0          0          0          0   entry11a.o
         8          4          0          0          0          0   entry2.o
         4          0          0          0          0          0   entry5.o
         0          0          0          0          0          0   entry7b.o
         4          0          0          0          0          0   entry8a.o
         0          0          0          0          0          0   entry8b.o
         8          4          0          0          0          0   entry9a.o
        30          0          0          0          0          0   handlers.o
        36          8          0          0          0         68   init.o
         0          0          0          0          0          0   iusefp.o
        30          0          0          0          0         68   llshl.o
        32          0          0          0          0         68   llushr.o
        36          0          0          0          0         68   memcpya.o
        36          0          0          0          0        108   memseta.o
        36         10          0          4          0        136   rand.o
        98          0          0          0          0         92   uldiv.o
       186          0          0          0          0        176   depilogue.o
        62          0          0          0          0         80   dfixi.o
       228          0          0          0          0         96   dmul.o
        38          0          0          0          0         68   f2d.o

    ----------------------------------------------------------------------
       994         36          0          4          0       1108   Library Totals
         4          0          0          0          0          0   (incl. Padding)

    ----------------------------------------------------------------------

      Code (inc. data)   RO Data    RW Data    ZI Data      Debug   Library Name

       476         36          0          4          0        688   mc_w.l
       514          0          0          0          0        420   mf_w.l

    ----------------------------------------------------------------------
       994         36          0          4          0       1108   Library Totals

    ----------------------------------------------------------------------

==============================================================================


      Code (inc. data)   RO Data    RW Data    ZI Data      Debug   

     34928       4058        872        384      23816    1595193   Grand Totals
     34928       4058        872         44      23816    1595193   ELF Image Totals (compressed)
     34928       4058        872         44          0          0   ROM Totals

==============================================================================

    Total RO  Size (Code + RO Data)                35800 (  34.96kB)
    Total RW  Size (RW Data + ZI Data)             24200 (  23.63kB)
    Total ROM Size (Code + RO Data + RW Data)      35844 (  35.00kB)

==============================================================================

